This file contains any messages produced by compilers while
running configure, to aid debugging if configure makes a mistake.

It was created by CoinUtils configure 2.10, which was
generated by GNU Autoconf 2.59.  Invocation command line was

  $ ./configure --prefix=/opt/cdec-clp/ -C --prefix=/opt/cdec-clp/ --with-gurobi-incdir=/opt/gurobi/linux64/include/ --with-gurobi-lib=/opt/gurobi/linux64/lib/libgurobi60.so --disable-gurobi-libcheck --with-cplex-incdir=/opt/cplex/cplex/include/ilcplex --with-cplex-lib=/opt/cplex/cplex/lib/x86-64_linux/static_pic/libcplex.a --disable-cplex-libcheck --cache-file=../config.cache --srcdir=.

## --------- ##
## Platform. ##
## --------- ##

hostname = alfalfal.cdecsic.cl
uname -m = x86_64
uname -r = 3.10.0-327.4.5.el7.x86_64
uname -s = Linux
uname -v = #1 SMP Mon Jan 25 22:07:14 UTC 2016

/usr/bin/uname -p = x86_64
/bin/uname -X     = unknown

/bin/arch              = x86_64
/usr/bin/arch -k       = unknown
/usr/convex/getsysinfo = unknown
hostinfo               = unknown
/bin/machine           = unknown
/usr/bin/oslevel       = unknown
/bin/universe          = unknown

PATH: /sbin
PATH: /bin
PATH: /usr/sbin
PATH: /usr/bin


## ----------- ##
## Core tests. ##
## ----------- ##

configure:1567: loading cache ../config.cache
configure:1712: checking build system type
configure:1730: result: x86_64-unknown-linux-gnu
configure:1803: checking for svnversion
configure:1830: result: yes
configure:1859: checking whether we want to compile in debug mode
configure:1905: result: no
configure:2155: checking for gcc
configure:2181: result: gcc
configure:2202: checking for C compiler version
configure:2205: gcc --version </dev/null >&5
gcc (GCC) 4.8.5 20150623 (Red Hat 4.8.5-4)
Copyright (C) 2015 Free Software Foundation, Inc.
This is free software; see the source for copying conditions.  There is NO
warranty; not even for MERCHANTABILITY or FITNESS FOR A PARTICULAR PURPOSE.

configure:2208: $? = 0
configure:2210: gcc -v </dev/null >&5
Using built-in specs.
COLLECT_GCC=gcc
COLLECT_LTO_WRAPPER=/usr/libexec/gcc/x86_64-redhat-linux/4.8.5/lto-wrapper
Target: x86_64-redhat-linux
Configured with: ../configure --prefix=/usr --mandir=/usr/share/man --infodir=/usr/share/info --with-bugurl=http://bugzilla.redhat.com/bugzilla --enable-bootstrap --enable-shared --enable-threads=posix --enable-checking=release --with-system-zlib --enable-__cxa_atexit --disable-libunwind-exceptions --enable-gnu-unique-object --enable-linker-build-id --with-linker-hash-style=gnu --enable-languages=c,c++,objc,obj-c++,java,fortran,ada,go,lto --enable-plugin --enable-initfini-array --disable-libgcj --with-isl=/builddir/build/BUILD/gcc-4.8.5-20150702/obj-x86_64-redhat-linux/isl-install --with-cloog=/builddir/build/BUILD/gcc-4.8.5-20150702/obj-x86_64-redhat-linux/cloog-install --enable-gnu-indirect-function --with-tune=generic --with-arch_32=x86-64 --build=x86_64-redhat-linux
Thread model: posix
gcc version 4.8.5 20150623 (Red Hat 4.8.5-4) (GCC) 
configure:2213: $? = 0
configure:2215: gcc -V </dev/null >&5
gcc: error: unrecognized command line option '-V'
gcc: fatal error: no input files
compilation terminated.
configure:2218: $? = 4
configure:2241: checking for C compiler default output file name
configure:2244: gcc    conftest.c  >&5
configure:2247: $? = 0
configure:2293: result: a.out
configure:2298: checking whether the C compiler works
configure:2304: ./a.out
configure:2307: $? = 0
configure:2324: result: yes
configure:2331: checking whether we are cross compiling
configure:2333: result: no
configure:2336: checking for suffix of executables
configure:2338: gcc -o conftest    conftest.c  >&5
configure:2341: $? = 0
configure:2366: result: 
configure:2372: checking for suffix of object files
configure:2418: result: o
configure:2422: checking whether we are using the GNU C compiler
configure:2478: result: yes
configure:2484: checking whether gcc accepts -g
configure:2535: result: yes
configure:2552: checking for gcc option to accept ANSI C
configure:2659: result: none needed
configure:2677: gcc -c -g -O2  conftest.c >&5
conftest.c:2:3: error: unknown type name 'choke'
   choke me
   ^
conftest.c:2:3: error: expected '=', ',', ';', 'asm' or '__attribute__' at end of input
configure:2683: $? = 1
configure: failed program was:
| #ifndef __cplusplus
|   choke me
| #endif
configure:3111: gcc -o conftest -O3 -pipe -DNDEBUG -pedantic-errors -Wimplicit -Wparentheses -Wsequence-point -Wreturn-type -Wcast-qual -Wall -Wno-unknown-pragmas -Wno-long-long   -DCOINUTILS_BUILD   conftest.c  >&5
configure:3117: $? = 0
configure:3121: test -z 
			 || test ! -s conftest.err
configure:3124: $? = 0
configure:3127: test -s conftest
configure:3130: $? = 0
configure:3197: C compiler options are: -O3 -pipe -DNDEBUG -pedantic-errors -Wimplicit -Wparentheses -Wsequence-point -Wreturn-type -Wcast-qual -Wall -Wno-unknown-pragmas -Wno-long-long   -DCOINUTILS_BUILD
configure:3312: checking for g++
configure:3338: result: g++
configure:3354: checking for C++ compiler version
configure:3357: g++ --version </dev/null >&5
g++ (GCC) 4.8.5 20150623 (Red Hat 4.8.5-4)
Copyright (C) 2015 Free Software Foundation, Inc.
This is free software; see the source for copying conditions.  There is NO
warranty; not even for MERCHANTABILITY or FITNESS FOR A PARTICULAR PURPOSE.

configure:3360: $? = 0
configure:3362: g++ -v </dev/null >&5
Using built-in specs.
COLLECT_GCC=g++
COLLECT_LTO_WRAPPER=/usr/libexec/gcc/x86_64-redhat-linux/4.8.5/lto-wrapper
Target: x86_64-redhat-linux
Configured with: ../configure --prefix=/usr --mandir=/usr/share/man --infodir=/usr/share/info --with-bugurl=http://bugzilla.redhat.com/bugzilla --enable-bootstrap --enable-shared --enable-threads=posix --enable-checking=release --with-system-zlib --enable-__cxa_atexit --disable-libunwind-exceptions --enable-gnu-unique-object --enable-linker-build-id --with-linker-hash-style=gnu --enable-languages=c,c++,objc,obj-c++,java,fortran,ada,go,lto --enable-plugin --enable-initfini-array --disable-libgcj --with-isl=/builddir/build/BUILD/gcc-4.8.5-20150702/obj-x86_64-redhat-linux/isl-install --with-cloog=/builddir/build/BUILD/gcc-4.8.5-20150702/obj-x86_64-redhat-linux/cloog-install --enable-gnu-indirect-function --with-tune=generic --with-arch_32=x86-64 --build=x86_64-redhat-linux
Thread model: posix
gcc version 4.8.5 20150623 (Red Hat 4.8.5-4) (GCC) 
configure:3365: $? = 0
configure:3367: g++ -V </dev/null >&5
g++: error: unrecognized command line option '-V'
g++: fatal error: no input files
compilation terminated.
configure:3370: $? = 4
configure:3373: checking whether we are using the GNU C++ compiler
configure:3429: result: yes
configure:3435: checking whether g++ accepts -g
configure:3486: result: yes
configure:3528: g++ -c -g -O2  conftest.cc >&5
configure:3534: $? = 0
configure:3538: test -z 
			 || test ! -s conftest.err
configure:3541: $? = 0
configure:3544: test -s conftest.o
configure:3547: $? = 0
configure:3573: g++ -c -g -O2  conftest.cc >&5
conftest.cc: In function 'int main()':
conftest.cc:20:9: error: 'exit' was not declared in this scope
 exit (42);
         ^
configure:3579: $? = 1
configure: failed program was:
| /* confdefs.h.  */
| 
| #define PACKAGE_NAME "CoinUtils"
| #define PACKAGE_TARNAME "coinutils"
| #define PACKAGE_VERSION "2.10"
| #define PACKAGE_STRING "CoinUtils 2.10"
| #define PACKAGE_BUGREPORT "http://projects.coin-or.org/CoinUtils"
| #define COINUTILS_VERSION "2.10"
| #define COINUTILS_VERSION_MAJOR 2
| #define COINUTILS_VERSION_MINOR 10
| #define COINUTILS_VERSION_RELEASE 9999
| #define COINUTILS_SVN_REV 1898
| #define COIN_COINUTILS_VERBOSITY 0
| #define COIN_COINUTILS_CHECKLEVEL 0
| /* end confdefs.h.  */
| 
| int
| main ()
| {
| exit (42);
|   ;
|   return 0;
| }
configure:3528: g++ -c -g -O2  conftest.cc >&5
conftest.cc:16:40: error: 'void std::exit(int)' should have been declared inside 'std'
 extern "C" void std::exit (int) throw (); using std::exit;
                                        ^
configure:3534: $? = 1
configure: failed program was:
| /* confdefs.h.  */
| 
| #define PACKAGE_NAME "CoinUtils"
| #define PACKAGE_TARNAME "coinutils"
| #define PACKAGE_VERSION "2.10"
| #define PACKAGE_STRING "CoinUtils 2.10"
| #define PACKAGE_BUGREPORT "http://projects.coin-or.org/CoinUtils"
| #define COINUTILS_VERSION "2.10"
| #define COINUTILS_VERSION_MAJOR 2
| #define COINUTILS_VERSION_MINOR 10
| #define COINUTILS_VERSION_RELEASE 9999
| #define COINUTILS_SVN_REV 1898
| #define COIN_COINUTILS_VERBOSITY 0
| #define COIN_COINUTILS_CHECKLEVEL 0
| /* end confdefs.h.  */
| extern "C" void std::exit (int) throw (); using std::exit;
| #include <stdlib.h>
| int
| main ()
| {
| exit (42);
|   ;
|   return 0;
| }
configure:3528: g++ -c -g -O2  conftest.cc >&5
conftest.cc:16:31: error: 'void std::exit(int)' should have been declared inside 'std'
 extern "C" void std::exit (int); using std::exit;
                               ^
In file included from conftest.cc:17:0:
/usr/include/stdlib.h:542:70: error: declaration of 'void std::exit(int) throw ()' has a different exception specifier
 extern void exit (int __status) __THROW __attribute__ ((__noreturn__));
                                                                      ^
conftest.cc:16:17: error: from previous declaration 'void std::exit(int)'
 extern "C" void std::exit (int); using std::exit;
                 ^
configure:3534: $? = 1
configure: failed program was:
| /* confdefs.h.  */
| 
| #define PACKAGE_NAME "CoinUtils"
| #define PACKAGE_TARNAME "coinutils"
| #define PACKAGE_VERSION "2.10"
| #define PACKAGE_STRING "CoinUtils 2.10"
| #define PACKAGE_BUGREPORT "http://projects.coin-or.org/CoinUtils"
| #define COINUTILS_VERSION "2.10"
| #define COINUTILS_VERSION_MAJOR 2
| #define COINUTILS_VERSION_MINOR 10
| #define COINUTILS_VERSION_RELEASE 9999
| #define COINUTILS_SVN_REV 1898
| #define COIN_COINUTILS_VERBOSITY 0
| #define COIN_COINUTILS_CHECKLEVEL 0
| /* end confdefs.h.  */
| extern "C" void std::exit (int); using std::exit;
| #include <stdlib.h>
| int
| main ()
| {
| exit (42);
|   ;
|   return 0;
| }
configure:3528: g++ -c -g -O2  conftest.cc >&5
configure:3534: $? = 0
configure:3538: test -z 
			 || test ! -s conftest.err
configure:3541: $? = 0
configure:3544: test -s conftest.o
configure:3547: $? = 0
configure:3573: g++ -c -g -O2  conftest.cc >&5
configure:3579: $? = 0
configure:3583: test -z 
			 || test ! -s conftest.err
configure:3586: $? = 0
configure:3589: test -s conftest.o
configure:3592: $? = 0
configure:3624: checking whether C++ compiler g++ works
configure:3642: g++ -c -g -O2  conftest.cc >&5
configure:3648: $? = 0
configure:3652: test -z 
			 || test ! -s conftest.err
configure:3655: $? = 0
configure:3658: test -s conftest.o
configure:3661: $? = 0
configure:3663: result: yes
configure:3991: g++ -o conftest -O3 -pipe -DNDEBUG -pedantic-errors -Wparentheses -Wreturn-type -Wcast-qual -Wall -Wpointer-arith -Wwrite-strings -Wconversion -Wno-unknown-pragmas -Wno-long-long   -DCOINUTILS_BUILD   conftest.cc  >&5
configure:3997: $? = 0
configure:4001: test -z 
			 || test ! -s conftest.err
configure:4004: $? = 0
configure:4007: test -s conftest
configure:4010: $? = 0
configure:4077: C++ compiler options are: -O3 -pipe -DNDEBUG -pedantic-errors -Wparentheses -Wreturn-type -Wcast-qual -Wall -Wpointer-arith -Wwrite-strings -Wconversion -Wno-unknown-pragmas -Wno-long-long   -DCOINUTILS_BUILD
configure:4148: Trying to determine Fortran compiler name
configure:4197: checking for gfortran
configure:4223: result: gfortran
configure:4331: checking for Fortran 77 compiler version
configure:4334: gfortran --version </dev/null >&5
GNU Fortran (GCC) 4.8.5 20150623 (Red Hat 4.8.5-4)
Copyright (C) 2015 Free Software Foundation, Inc.

GNU Fortran comes with NO WARRANTY, to the extent permitted by law.
You may redistribute copies of GNU Fortran
under the terms of the GNU General Public License.
For more information about these matters, see the file named COPYING

configure:4337: $? = 0
configure:4339: gfortran -v </dev/null >&5
Using built-in specs.
COLLECT_GCC=gfortran
COLLECT_LTO_WRAPPER=/usr/libexec/gcc/x86_64-redhat-linux/4.8.5/lto-wrapper
Target: x86_64-redhat-linux
Configured with: ../configure --prefix=/usr --mandir=/usr/share/man --infodir=/usr/share/info --with-bugurl=http://bugzilla.redhat.com/bugzilla --enable-bootstrap --enable-shared --enable-threads=posix --enable-checking=release --with-system-zlib --enable-__cxa_atexit --disable-libunwind-exceptions --enable-gnu-unique-object --enable-linker-build-id --with-linker-hash-style=gnu --enable-languages=c,c++,objc,obj-c++,java,fortran,ada,go,lto --enable-plugin --enable-initfini-array --disable-libgcj --with-isl=/builddir/build/BUILD/gcc-4.8.5-20150702/obj-x86_64-redhat-linux/isl-install --with-cloog=/builddir/build/BUILD/gcc-4.8.5-20150702/obj-x86_64-redhat-linux/cloog-install --enable-gnu-indirect-function --with-tune=generic --with-arch_32=x86-64 --build=x86_64-redhat-linux
Thread model: posix
gcc version 4.8.5 20150623 (Red Hat 4.8.5-4) (GCC) 
configure:4342: $? = 0
configure:4344: gfortran -V </dev/null >&5
gfortran: error: unrecognized command line option '-V'
gfortran: fatal error: no input files
compilation terminated.
configure:4347: $? = 4
configure:4355: checking whether we are using the GNU Fortran 77 compiler
configure:4401: result: yes
configure:4407: checking whether gfortran accepts -g
configure:4450: result: yes
configure:4685: gfortran -o conftest -O3 -pipe    conftest.f  >&5
configure:4691: $? = 0
configure:4695: test -z 
			 || test ! -s conftest.err
configure:4698: $? = 0
configure:4701: test -s conftest
configure:4704: $? = 0
configure:4762: Fortran compiler options are: -O3 -pipe  
configure:4800: checking how to get verbose linking output from gfortran
configure:4811: gfortran -c -O3 -pipe   conftest.f >&5
configure:4817: $? = 0
configure:4821: test -z 
			 || test ! -s conftest.err
configure:4824: $? = 0
configure:4827: test -s conftest.o
configure:4830: $? = 0
configure:4847: gfortran -o conftest -O3 -pipe   -v  conftest.f  >&5
Using built-in specs.
COLLECT_GCC=gfortran
COLLECT_LTO_WRAPPER=/usr/libexec/gcc/x86_64-redhat-linux/4.8.5/lto-wrapper
Target: x86_64-redhat-linux
Configured with: ../configure --prefix=/usr --mandir=/usr/share/man --infodir=/usr/share/info --with-bugurl=http://bugzilla.redhat.com/bugzilla --enable-bootstrap --enable-shared --enable-threads=posix --enable-checking=release --with-system-zlib --enable-__cxa_atexit --disable-libunwind-exceptions --enable-gnu-unique-object --enable-linker-build-id --with-linker-hash-style=gnu --enable-languages=c,c++,objc,obj-c++,java,fortran,ada,go,lto --enable-plugin --enable-initfini-array --disable-libgcj --with-isl=/builddir/build/BUILD/gcc-4.8.5-20150702/obj-x86_64-redhat-linux/isl-install --with-cloog=/builddir/build/BUILD/gcc-4.8.5-20150702/obj-x86_64-redhat-linux/cloog-install --enable-gnu-indirect-function --with-tune=generic --with-arch_32=x86-64 --build=x86_64-redhat-linux
Thread model: posix
gcc version 4.8.5 20150623 (Red Hat 4.8.5-4) (GCC) 
COLLECT_GCC_OPTIONS='-o' 'conftest' '-O3' '-pipe' '-v' '-shared-libgcc' '-mtune=generic' '-march=x86-64'
 /usr/libexec/gcc/x86_64-redhat-linux/4.8.5/f951 conftest.f -ffixed-form -quiet -dumpbase conftest.f -mtune=generic -march=x86-64 -auxbase conftest -O3 -version -fintrinsic-modules-path /usr/lib/gcc/x86_64-redhat-linux/4.8.5/finclude -o - |
 as -v --64 -o /tmp/ccYkPXUQ.o
GNU assembler version 2.23.52.0.1 (x86_64-redhat-linux) using BFD version version 2.23.52.0.1-55.el7 20130226
GNU Fortran (GCC) version 4.8.5 20150623 (Red Hat 4.8.5-4) (x86_64-redhat-linux)
	compiled by GNU C version 4.8.5 20150623 (Red Hat 4.8.5-4), GMP version 5.1.1, MPFR version 3.1.1, MPC version 1.0.1
warning: GMP header version 5.1.1 differs from library version 6.0.0.
GGC heuristics: --param ggc-min-expand=100 --param ggc-min-heapsize=131072
GNU Fortran (GCC) version 4.8.5 20150623 (Red Hat 4.8.5-4) (x86_64-redhat-linux)
	compiled by GNU C version 4.8.5 20150623 (Red Hat 4.8.5-4), GMP version 5.1.1, MPFR version 3.1.1, MPC version 1.0.1
warning: GMP header version 5.1.1 differs from library version 6.0.0.
GGC heuristics: --param ggc-min-expand=100 --param ggc-min-heapsize=131072
Reading specs from /usr/lib/gcc/x86_64-redhat-linux/4.8.5/libgfortran.spec
rename spec lib to liborig
COLLECT_GCC_OPTIONS='-o' 'conftest' '-O3' '-pipe' '-v' '-shared-libgcc' '-mtune=generic' '-march=x86-64'
COMPILER_PATH=/usr/libexec/gcc/x86_64-redhat-linux/4.8.5/:/usr/libexec/gcc/x86_64-redhat-linux/4.8.5/:/usr/libexec/gcc/x86_64-redhat-linux/:/usr/lib/gcc/x86_64-redhat-linux/4.8.5/:/usr/lib/gcc/x86_64-redhat-linux/
LIBRARY_PATH=/usr/lib/gcc/x86_64-redhat-linux/4.8.5/:/usr/lib/gcc/x86_64-redhat-linux/4.8.5/../../../../lib64/:/lib/../lib64/:/usr/lib/../lib64/:/usr/lib/gcc/x86_64-redhat-linux/4.8.5/../../../:/lib/:/usr/lib/
COLLECT_GCC_OPTIONS='-o' 'conftest' '-O3' '-pipe' '-v' '-shared-libgcc' '-mtune=generic' '-march=x86-64'
 /usr/libexec/gcc/x86_64-redhat-linux/4.8.5/collect2 --build-id --no-add-needed --eh-frame-hdr --hash-style=gnu -m elf_x86_64 -dynamic-linker /lib64/ld-linux-x86-64.so.2 -o conftest /usr/lib/gcc/x86_64-redhat-linux/4.8.5/../../../../lib64/crt1.o /usr/lib/gcc/x86_64-redhat-linux/4.8.5/../../../../lib64/crti.o /usr/lib/gcc/x86_64-redhat-linux/4.8.5/crtbegin.o -L/usr/lib/gcc/x86_64-redhat-linux/4.8.5 -L/usr/lib/gcc/x86_64-redhat-linux/4.8.5/../../../../lib64 -L/lib/../lib64 -L/usr/lib/../lib64 -L/usr/lib/gcc/x86_64-redhat-linux/4.8.5/../../.. /tmp/ccYkPXUQ.o -lgfortran -lm -lgcc_s -lgcc -lquadmath -lm -lgcc_s -lgcc -lc -lgcc_s -lgcc /usr/lib/gcc/x86_64-redhat-linux/4.8.5/crtend.o /usr/lib/gcc/x86_64-redhat-linux/4.8.5/../../../../lib64/crtn.o
configure:4902: result: -v
configure:4904: checking for Fortran libraries of gfortran
configure:4925: gfortran -o conftest -O3 -pipe   -v  conftest.f  >&5
Using built-in specs.
COLLECT_GCC=gfortran
COLLECT_LTO_WRAPPER=/usr/libexec/gcc/x86_64-redhat-linux/4.8.5/lto-wrapper
Target: x86_64-redhat-linux
Configured with: ../configure --prefix=/usr --mandir=/usr/share/man --infodir=/usr/share/info --with-bugurl=http://bugzilla.redhat.com/bugzilla --enable-bootstrap --enable-shared --enable-threads=posix --enable-checking=release --with-system-zlib --enable-__cxa_atexit --disable-libunwind-exceptions --enable-gnu-unique-object --enable-linker-build-id --with-linker-hash-style=gnu --enable-languages=c,c++,objc,obj-c++,java,fortran,ada,go,lto --enable-plugin --enable-initfini-array --disable-libgcj --with-isl=/builddir/build/BUILD/gcc-4.8.5-20150702/obj-x86_64-redhat-linux/isl-install --with-cloog=/builddir/build/BUILD/gcc-4.8.5-20150702/obj-x86_64-redhat-linux/cloog-install --enable-gnu-indirect-function --with-tune=generic --with-arch_32=x86-64 --build=x86_64-redhat-linux
Thread model: posix
gcc version 4.8.5 20150623 (Red Hat 4.8.5-4) (GCC) 
COLLECT_GCC_OPTIONS='-o' 'conftest' '-O3' '-pipe' '-v' '-shared-libgcc' '-mtune=generic' '-march=x86-64'
 /usr/libexec/gcc/x86_64-redhat-linux/4.8.5/f951 conftest.f -ffixed-form -quiet -dumpbase conftest.f -mtune=generic -march=x86-64 -auxbase conftest -O3 -version -fintrinsic-modules-path /usr/lib/gcc/x86_64-redhat-linux/4.8.5/finclude -o - |
 as -v --64 -o /tmp/ccqnEwaU.o
GNU assembler version 2.23.52.0.1 (x86_64-redhat-linux) using BFD version version 2.23.52.0.1-55.el7 20130226
GNU Fortran (GCC) version 4.8.5 20150623 (Red Hat 4.8.5-4) (x86_64-redhat-linux)
	compiled by GNU C version 4.8.5 20150623 (Red Hat 4.8.5-4), GMP version 5.1.1, MPFR version 3.1.1, MPC version 1.0.1
warning: GMP header version 5.1.1 differs from library version 6.0.0.
GGC heuristics: --param ggc-min-expand=100 --param ggc-min-heapsize=131072
GNU Fortran (GCC) version 4.8.5 20150623 (Red Hat 4.8.5-4) (x86_64-redhat-linux)
	compiled by GNU C version 4.8.5 20150623 (Red Hat 4.8.5-4), GMP version 5.1.1, MPFR version 3.1.1, MPC version 1.0.1
warning: GMP header version 5.1.1 differs from library version 6.0.0.
GGC heuristics: --param ggc-min-expand=100 --param ggc-min-heapsize=131072
Reading specs from /usr/lib/gcc/x86_64-redhat-linux/4.8.5/libgfortran.spec
rename spec lib to liborig
COLLECT_GCC_OPTIONS='-o' 'conftest' '-O3' '-pipe' '-v' '-shared-libgcc' '-mtune=generic' '-march=x86-64'
COMPILER_PATH=/usr/libexec/gcc/x86_64-redhat-linux/4.8.5/:/usr/libexec/gcc/x86_64-redhat-linux/4.8.5/:/usr/libexec/gcc/x86_64-redhat-linux/:/usr/lib/gcc/x86_64-redhat-linux/4.8.5/:/usr/lib/gcc/x86_64-redhat-linux/
LIBRARY_PATH=/usr/lib/gcc/x86_64-redhat-linux/4.8.5/:/usr/lib/gcc/x86_64-redhat-linux/4.8.5/../../../../lib64/:/lib/../lib64/:/usr/lib/../lib64/:/usr/lib/gcc/x86_64-redhat-linux/4.8.5/../../../:/lib/:/usr/lib/
COLLECT_GCC_OPTIONS='-o' 'conftest' '-O3' '-pipe' '-v' '-shared-libgcc' '-mtune=generic' '-march=x86-64'
 /usr/libexec/gcc/x86_64-redhat-linux/4.8.5/collect2 --build-id --no-add-needed --eh-frame-hdr --hash-style=gnu -m elf_x86_64 -dynamic-linker /lib64/ld-linux-x86-64.so.2 -o conftest /usr/lib/gcc/x86_64-redhat-linux/4.8.5/../../../../lib64/crt1.o /usr/lib/gcc/x86_64-redhat-linux/4.8.5/../../../../lib64/crti.o /usr/lib/gcc/x86_64-redhat-linux/4.8.5/crtbegin.o -L/usr/lib/gcc/x86_64-redhat-linux/4.8.5 -L/usr/lib/gcc/x86_64-redhat-linux/4.8.5/../../../../lib64 -L/lib/../lib64 -L/usr/lib/../lib64 -L/usr/lib/gcc/x86_64-redhat-linux/4.8.5/../../.. /tmp/ccqnEwaU.o -lgfortran -lm -lgcc_s -lgcc -lquadmath -lm -lgcc_s -lgcc -lc -lgcc_s -lgcc /usr/lib/gcc/x86_64-redhat-linux/4.8.5/crtend.o /usr/lib/gcc/x86_64-redhat-linux/4.8.5/../../../../lib64/crtn.o
configure:5086: result:  -L/usr/lib/gcc/x86_64-redhat-linux/4.8.5 -L/usr/lib/gcc/x86_64-redhat-linux/4.8.5/../../../../lib64 -L/lib/../lib64 -L/usr/lib/../lib64 -L/usr/lib/gcc/x86_64-redhat-linux/4.8.5/../../.. -lgfortran -lm -lgcc_s -lquadmath
configure:5153: Corrected Fortran libraries:  -L/usr/lib/gcc/x86_64-redhat-linux/4.8.5 -L/usr/lib/gcc/x86_64-redhat-linux/4.8.5/../../../../lib64 -L/lib/../lib64 -L/usr/lib/../lib64 -L/usr/lib/gcc/x86_64-redhat-linux/4.8.5/../../.. -lgfortran -lm -lquadmath
configure:5162: checking for dummy main to link with Fortran libraries
configure:5201: gcc -o conftest -O3 -pipe -DNDEBUG -pedantic-errors -Wimplicit -Wparentheses -Wsequence-point -Wreturn-type -Wcast-qual -Wall -Wno-unknown-pragmas -Wno-long-long   -DCOINUTILS_BUILD   conftest.c   -L/usr/lib/gcc/x86_64-redhat-linux/4.8.5 -L/usr/lib/gcc/x86_64-redhat-linux/4.8.5/../../../../lib64 -L/lib/../lib64 -L/usr/lib/../lib64 -L/usr/lib/gcc/x86_64-redhat-linux/4.8.5/../../.. -lgfortran -lm -lquadmath >&5
configure:5207: $? = 0
configure:5211: test -z 
			 || test ! -s conftest.err
configure:5214: $? = 0
configure:5217: test -s conftest
configure:5220: $? = 0
configure:5298: result: none
configure:5334: checking for Fortran name-mangling scheme
configure:5348: gfortran -c -O3 -pipe   conftest.f >&5
configure:5354: $? = 0
configure:5358: test -z 
			 || test ! -s conftest.err
configure:5361: $? = 0
configure:5364: test -s conftest.o
configure:5367: $? = 0
configure:5414: gcc -o conftest -O3 -pipe -DNDEBUG -pedantic-errors -Wimplicit -Wparentheses -Wsequence-point -Wreturn-type -Wcast-qual -Wall -Wno-unknown-pragmas -Wno-long-long   -DCOINUTILS_BUILD   conftest.c cfortran_test.o   -L/usr/lib/gcc/x86_64-redhat-linux/4.8.5 -L/usr/lib/gcc/x86_64-redhat-linux/4.8.5/../../../../lib64 -L/lib/../lib64 -L/usr/lib/../lib64 -L/usr/lib/gcc/x86_64-redhat-linux/4.8.5/../../.. -lgfortran -lm -lquadmath >&5
/tmp/ccPEeAR8.o: In function `main':
conftest.c:(.text.startup+0x7): undefined reference to `foobar'
collect2: error: ld returned 1 exit status
configure:5420: $? = 1
configure: failed program was:
| /* confdefs.h.  */
| 
| #define PACKAGE_NAME "CoinUtils"
| #define PACKAGE_TARNAME "coinutils"
| #define PACKAGE_VERSION "2.10"
| #define PACKAGE_STRING "CoinUtils 2.10"
| #define PACKAGE_BUGREPORT "http://projects.coin-or.org/CoinUtils"
| #define COINUTILS_VERSION "2.10"
| #define COINUTILS_VERSION_MAJOR 2
| #define COINUTILS_VERSION_MINOR 10
| #define COINUTILS_VERSION_RELEASE 9999
| #define COINUTILS_SVN_REV 1898
| #define COIN_COINUTILS_VERBOSITY 0
| #define COIN_COINUTILS_CHECKLEVEL 0
| #ifdef __cplusplus
| extern "C" void exit (int) throw ();
| #endif
| /* end confdefs.h.  */
| 
| /* Override any gcc2 internal prototype to avoid an error.  */
| #ifdef __cplusplus
| extern "C"
| #endif
| /* We use char because int might match the return type of a gcc2
|    builtin and then its argument prototype would still apply.  */
| char foobar ();
| #ifdef F77_DUMMY_MAIN
| 
| #  ifdef __cplusplus
|      extern "C"
| #  endif
|    int F77_DUMMY_MAIN() { return 1; }
| 
| #endif
| int
| main ()
| {
| foobar ();
|   ;
|   return 0;
| }
configure:5414: gcc -o conftest -O3 -pipe -DNDEBUG -pedantic-errors -Wimplicit -Wparentheses -Wsequence-point -Wreturn-type -Wcast-qual -Wall -Wno-unknown-pragmas -Wno-long-long   -DCOINUTILS_BUILD   conftest.c cfortran_test.o   -L/usr/lib/gcc/x86_64-redhat-linux/4.8.5 -L/usr/lib/gcc/x86_64-redhat-linux/4.8.5/../../../../lib64 -L/lib/../lib64 -L/usr/lib/../lib64 -L/usr/lib/gcc/x86_64-redhat-linux/4.8.5/../../.. -lgfortran -lm -lquadmath >&5
configure:5420: $? = 0
configure:5424: test -z 
			 || test ! -s conftest.err
configure:5427: $? = 0
configure:5430: test -s conftest
configure:5433: $? = 0
configure:5501: gcc -o conftest -O3 -pipe -DNDEBUG -pedantic-errors -Wimplicit -Wparentheses -Wsequence-point -Wreturn-type -Wcast-qual -Wall -Wno-unknown-pragmas -Wno-long-long   -DCOINUTILS_BUILD   conftest.c cfortran_test.o   -L/usr/lib/gcc/x86_64-redhat-linux/4.8.5 -L/usr/lib/gcc/x86_64-redhat-linux/4.8.5/../../../../lib64 -L/lib/../lib64 -L/usr/lib/../lib64 -L/usr/lib/gcc/x86_64-redhat-linux/4.8.5/../../.. -lgfortran -lm -lquadmath >&5
configure:5507: $? = 0
configure:5511: test -z 
			 || test ! -s conftest.err
configure:5514: $? = 0
configure:5517: test -s conftest
configure:5520: $? = 0
configure:5570: result: lower case, underscore, no extra underscore
configure:5777: checking for egrep
configure:5787: result: grep -E
configure:5792: checking whether ln -s works
configure:5796: result: yes
configure:5817: checking for a BSD-compatible install
configure:5872: result: /bin/install -c
configure:5883: checking whether build environment is sane
configure:5926: result: yes
configure:5991: checking for gawk
configure:6017: result: gawk
configure:6027: checking whether make sets $(MAKE)
configure:6047: result: yes
configure:6077: checking for style of include used by make
configure:6105: result: GNU
configure:6286: checking dependency style of gcc
configure:6376: result: gcc3
configure:6395: checking dependency style of g++
configure:6485: result: gcc3
configure:6503: checking whether to enable maintainer-specific portions of Makefiles
configure:6512: result: no
configure:21893: Using libtool script in directory ..
configure:21992: checking if library version is set
configure:21999: result: no
configure:22048: checking cmath usability
configure:22060: g++ -c -O3 -pipe -DNDEBUG -pedantic-errors -Wparentheses -Wreturn-type -Wcast-qual -Wall -Wpointer-arith -Wwrite-strings -Wconversion -Wno-unknown-pragmas -Wno-long-long   -DCOINUTILS_BUILD  conftest.cc >&5
configure:22066: $? = 0
configure:22070: test -z 
			 || test ! -s conftest.err
configure:22073: $? = 0
configure:22076: test -s conftest.o
configure:22079: $? = 0
configure:22089: result: yes
configure:22093: checking cmath presence
configure:22103: g++ -E  conftest.cc
configure:22109: $? = 0
configure:22129: result: yes
configure:22164: checking for cmath
configure:22171: result: yes
configure:22377: checking cfloat usability
configure:22389: g++ -c -O3 -pipe -DNDEBUG -pedantic-errors -Wparentheses -Wreturn-type -Wcast-qual -Wall -Wpointer-arith -Wwrite-strings -Wconversion -Wno-unknown-pragmas -Wno-long-long   -DCOINUTILS_BUILD  conftest.cc >&5
configure:22395: $? = 0
configure:22399: test -z 
			 || test ! -s conftest.err
configure:22402: $? = 0
configure:22405: test -s conftest.o
configure:22408: $? = 0
configure:22418: result: yes
configure:22422: checking cfloat presence
configure:22432: g++ -E  conftest.cc
configure:22438: $? = 0
configure:22458: result: yes
configure:22493: checking for cfloat
configure:22500: result: yes
configure:22706: checking cieeefp usability
configure:22718: g++ -c -O3 -pipe -DNDEBUG -pedantic-errors -Wparentheses -Wreturn-type -Wcast-qual -Wall -Wpointer-arith -Wwrite-strings -Wconversion -Wno-unknown-pragmas -Wno-long-long   -DCOINUTILS_BUILD  conftest.cc >&5
conftest.cc:70:19: fatal error: cieeefp: No such file or directory
 #include <cieeefp>
                   ^
compilation terminated.
configure:22724: $? = 1
configure: failed program was:
| /* confdefs.h.  */
| 
| #define PACKAGE_NAME "CoinUtils"
| #define PACKAGE_TARNAME "coinutils"
| #define PACKAGE_VERSION "2.10"
| #define PACKAGE_STRING "CoinUtils 2.10"
| #define PACKAGE_BUGREPORT "http://projects.coin-or.org/CoinUtils"
| #define COINUTILS_VERSION "2.10"
| #define COINUTILS_VERSION_MAJOR 2
| #define COINUTILS_VERSION_MINOR 10
| #define COINUTILS_VERSION_RELEASE 9999
| #define COINUTILS_SVN_REV 1898
| #define COIN_COINUTILS_VERBOSITY 0
| #define COIN_COINUTILS_CHECKLEVEL 0
| #ifdef __cplusplus
| extern "C" void exit (int) throw ();
| #endif
| #define F77_FUNC(name,NAME) name ## _
| #define F77_FUNC_(name,NAME) name ## _
| #define PACKAGE "coinutils"
| #define VERSION "2.10"
| #define STDC_HEADERS 1
| #define HAVE_SYS_TYPES_H 1
| #define HAVE_SYS_STAT_H 1
| #define HAVE_STDLIB_H 1
| #define HAVE_STRING_H 1
| #define HAVE_MEMORY_H 1
| #define HAVE_STRINGS_H 1
| #define HAVE_INTTYPES_H 1
| #define HAVE_STDINT_H 1
| #define HAVE_UNISTD_H 1
| #define HAVE_DLFCN_H 1
| #define HAVE_CMATH 1
| #define HAVE_CFLOAT 1
| /* end confdefs.h.  */
| #include <stdio.h>
| #if HAVE_SYS_TYPES_H
| # include <sys/types.h>
| #endif
| #if HAVE_SYS_STAT_H
| # include <sys/stat.h>
| #endif
| #if STDC_HEADERS
| # include <stdlib.h>
| # include <stddef.h>
| #else
| # if HAVE_STDLIB_H
| #  include <stdlib.h>
| # endif
| #endif
| #if HAVE_STRING_H
| # if !STDC_HEADERS && HAVE_MEMORY_H
| #  include <memory.h>
| # endif
| # include <string.h>
| #endif
| #if HAVE_STRINGS_H
| # include <strings.h>
| #endif
| #if HAVE_INTTYPES_H
| # include <inttypes.h>
| #else
| # if HAVE_STDINT_H
| #  include <stdint.h>
| # endif
| #endif
| #if HAVE_UNISTD_H
| # include <unistd.h>
| #endif
| #include <cieeefp>
configure:22747: result: no
configure:22751: checking cieeefp presence
configure:22761: g++ -E  conftest.cc
conftest.cc:36:19: fatal error: cieeefp: No such file or directory
 #include <cieeefp>
                   ^
compilation terminated.
configure:22767: $? = 1
configure: failed program was:
| /* confdefs.h.  */
| 
| #define PACKAGE_NAME "CoinUtils"
| #define PACKAGE_TARNAME "coinutils"
| #define PACKAGE_VERSION "2.10"
| #define PACKAGE_STRING "CoinUtils 2.10"
| #define PACKAGE_BUGREPORT "http://projects.coin-or.org/CoinUtils"
| #define COINUTILS_VERSION "2.10"
| #define COINUTILS_VERSION_MAJOR 2
| #define COINUTILS_VERSION_MINOR 10
| #define COINUTILS_VERSION_RELEASE 9999
| #define COINUTILS_SVN_REV 1898
| #define COIN_COINUTILS_VERBOSITY 0
| #define COIN_COINUTILS_CHECKLEVEL 0
| #ifdef __cplusplus
| extern "C" void exit (int) throw ();
| #endif
| #define F77_FUNC(name,NAME) name ## _
| #define F77_FUNC_(name,NAME) name ## _
| #define PACKAGE "coinutils"
| #define VERSION "2.10"
| #define STDC_HEADERS 1
| #define HAVE_SYS_TYPES_H 1
| #define HAVE_SYS_STAT_H 1
| #define HAVE_STDLIB_H 1
| #define HAVE_STRING_H 1
| #define HAVE_MEMORY_H 1
| #define HAVE_STRINGS_H 1
| #define HAVE_INTTYPES_H 1
| #define HAVE_STDINT_H 1
| #define HAVE_UNISTD_H 1
| #define HAVE_DLFCN_H 1
| #define HAVE_CMATH 1
| #define HAVE_CFLOAT 1
| /* end confdefs.h.  */
| #include <cieeefp>
configure:22787: result: no
configure:22822: checking for cieeefp
configure:22829: result: no
configure:22864: checking ieeefp.h usability
configure:22876: g++ -c -O3 -pipe -DNDEBUG -pedantic-errors -Wparentheses -Wreturn-type -Wcast-qual -Wall -Wpointer-arith -Wwrite-strings -Wconversion -Wno-unknown-pragmas -Wno-long-long   -DCOINUTILS_BUILD  conftest.cc >&5
conftest.cc:70:20: fatal error: ieeefp.h: No such file or directory
 #include <ieeefp.h>
                    ^
compilation terminated.
configure:22882: $? = 1
configure: failed program was:
| /* confdefs.h.  */
| 
| #define PACKAGE_NAME "CoinUtils"
| #define PACKAGE_TARNAME "coinutils"
| #define PACKAGE_VERSION "2.10"
| #define PACKAGE_STRING "CoinUtils 2.10"
| #define PACKAGE_BUGREPORT "http://projects.coin-or.org/CoinUtils"
| #define COINUTILS_VERSION "2.10"
| #define COINUTILS_VERSION_MAJOR 2
| #define COINUTILS_VERSION_MINOR 10
| #define COINUTILS_VERSION_RELEASE 9999
| #define COINUTILS_SVN_REV 1898
| #define COIN_COINUTILS_VERBOSITY 0
| #define COIN_COINUTILS_CHECKLEVEL 0
| #ifdef __cplusplus
| extern "C" void exit (int) throw ();
| #endif
| #define F77_FUNC(name,NAME) name ## _
| #define F77_FUNC_(name,NAME) name ## _
| #define PACKAGE "coinutils"
| #define VERSION "2.10"
| #define STDC_HEADERS 1
| #define HAVE_SYS_TYPES_H 1
| #define HAVE_SYS_STAT_H 1
| #define HAVE_STDLIB_H 1
| #define HAVE_STRING_H 1
| #define HAVE_MEMORY_H 1
| #define HAVE_STRINGS_H 1
| #define HAVE_INTTYPES_H 1
| #define HAVE_STDINT_H 1
| #define HAVE_UNISTD_H 1
| #define HAVE_DLFCN_H 1
| #define HAVE_CMATH 1
| #define HAVE_CFLOAT 1
| /* end confdefs.h.  */
| #include <stdio.h>
| #if HAVE_SYS_TYPES_H
| # include <sys/types.h>
| #endif
| #if HAVE_SYS_STAT_H
| # include <sys/stat.h>
| #endif
| #if STDC_HEADERS
| # include <stdlib.h>
| # include <stddef.h>
| #else
| # if HAVE_STDLIB_H
| #  include <stdlib.h>
| # endif
| #endif
| #if HAVE_STRING_H
| # if !STDC_HEADERS && HAVE_MEMORY_H
| #  include <memory.h>
| # endif
| # include <string.h>
| #endif
| #if HAVE_STRINGS_H
| # include <strings.h>
| #endif
| #if HAVE_INTTYPES_H
| # include <inttypes.h>
| #else
| # if HAVE_STDINT_H
| #  include <stdint.h>
| # endif
| #endif
| #if HAVE_UNISTD_H
| # include <unistd.h>
| #endif
| #include <ieeefp.h>
configure:22905: result: no
configure:22909: checking ieeefp.h presence
configure:22919: g++ -E  conftest.cc
conftest.cc:36:20: fatal error: ieeefp.h: No such file or directory
 #include <ieeefp.h>
                    ^
compilation terminated.
configure:22925: $? = 1
configure: failed program was:
| /* confdefs.h.  */
| 
| #define PACKAGE_NAME "CoinUtils"
| #define PACKAGE_TARNAME "coinutils"
| #define PACKAGE_VERSION "2.10"
| #define PACKAGE_STRING "CoinUtils 2.10"
| #define PACKAGE_BUGREPORT "http://projects.coin-or.org/CoinUtils"
| #define COINUTILS_VERSION "2.10"
| #define COINUTILS_VERSION_MAJOR 2
| #define COINUTILS_VERSION_MINOR 10
| #define COINUTILS_VERSION_RELEASE 9999
| #define COINUTILS_SVN_REV 1898
| #define COIN_COINUTILS_VERBOSITY 0
| #define COIN_COINUTILS_CHECKLEVEL 0
| #ifdef __cplusplus
| extern "C" void exit (int) throw ();
| #endif
| #define F77_FUNC(name,NAME) name ## _
| #define F77_FUNC_(name,NAME) name ## _
| #define PACKAGE "coinutils"
| #define VERSION "2.10"
| #define STDC_HEADERS 1
| #define HAVE_SYS_TYPES_H 1
| #define HAVE_SYS_STAT_H 1
| #define HAVE_STDLIB_H 1
| #define HAVE_STRING_H 1
| #define HAVE_MEMORY_H 1
| #define HAVE_STRINGS_H 1
| #define HAVE_INTTYPES_H 1
| #define HAVE_STDINT_H 1
| #define HAVE_UNISTD_H 1
| #define HAVE_DLFCN_H 1
| #define HAVE_CMATH 1
| #define HAVE_CFLOAT 1
| /* end confdefs.h.  */
| #include <ieeefp.h>
configure:22945: result: no
configure:22980: checking for ieeefp.h
configure:22987: result: no
configure:23011: checking whether isfinite is declared
configure:23065: g++ -c -O3 -pipe -DNDEBUG -pedantic-errors -Wparentheses -Wreturn-type -Wcast-qual -Wall -Wpointer-arith -Wwrite-strings -Wconversion -Wno-unknown-pragmas -Wno-long-long   -DCOINUTILS_BUILD  conftest.cc >&5
conftest.cc: In function 'int main()':
conftest.cc:71:22: error: 'isfinite' was not declared in this scope
   char *p = (char *) isfinite;
                      ^
conftest.cc:71:22: note: suggested alternative:
In file included from conftest.cc:38:0:
/usr/include/c++/4.8.2/cmath:818:5: note:   'std::isfinite'
     isfinite(_Tp __f)
     ^
conftest.cc:71:9: warning: unused variable 'p' [-Wunused-variable]
   char *p = (char *) isfinite;
         ^
configure:23071: $? = 1
configure: failed program was:
| /* confdefs.h.  */
| 
| #define PACKAGE_NAME "CoinUtils"
| #define PACKAGE_TARNAME "coinutils"
| #define PACKAGE_VERSION "2.10"
| #define PACKAGE_STRING "CoinUtils 2.10"
| #define PACKAGE_BUGREPORT "http://projects.coin-or.org/CoinUtils"
| #define COINUTILS_VERSION "2.10"
| #define COINUTILS_VERSION_MAJOR 2
| #define COINUTILS_VERSION_MINOR 10
| #define COINUTILS_VERSION_RELEASE 9999
| #define COINUTILS_SVN_REV 1898
| #define COIN_COINUTILS_VERBOSITY 0
| #define COIN_COINUTILS_CHECKLEVEL 0
| #ifdef __cplusplus
| extern "C" void exit (int) throw ();
| #endif
| #define F77_FUNC(name,NAME) name ## _
| #define F77_FUNC_(name,NAME) name ## _
| #define PACKAGE "coinutils"
| #define VERSION "2.10"
| #define STDC_HEADERS 1
| #define HAVE_SYS_TYPES_H 1
| #define HAVE_SYS_STAT_H 1
| #define HAVE_STDLIB_H 1
| #define HAVE_STRING_H 1
| #define HAVE_MEMORY_H 1
| #define HAVE_STRINGS_H 1
| #define HAVE_INTTYPES_H 1
| #define HAVE_STDINT_H 1
| #define HAVE_UNISTD_H 1
| #define HAVE_DLFCN_H 1
| #define HAVE_CMATH 1
| #define HAVE_CFLOAT 1
| /* end confdefs.h.  */
| 
| #ifdef HAVE_CMATH
| # include <cmath>
| #else
| # ifdef HAVE_MATH_H
| #  include <math.h>
| # endif
| #endif
| #ifdef HAVE_CFLOAT
| # include <cfloat>
| #else
| # ifdef HAVE_FLOAT_H
| #  include <float.h>
| # endif
| #endif
| #ifdef HAVE_CIEEEFP
| # include <cieeefp>
| #else
| # ifdef HAVE_IEEEFP_H
| #  include <ieeefp.h>
| # endif
| #endif
| 
| #ifdef F77_DUMMY_MAIN
| 
| #  ifdef __cplusplus
|      extern "C"
| #  endif
|    int F77_DUMMY_MAIN() { return 1; }
| 
| #endif
| int
| main ()
| {
| #ifndef isfinite
|   char *p = (char *) isfinite;
| #endif
| 
|   ;
|   return 0;
| }
configure:23095: result: no
configure:23102: checking whether finite is declared
configure:23156: g++ -c -O3 -pipe -DNDEBUG -pedantic-errors -Wparentheses -Wreturn-type -Wcast-qual -Wall -Wpointer-arith -Wwrite-strings -Wconversion -Wno-unknown-pragmas -Wno-long-long   -DCOINUTILS_BUILD  conftest.cc >&5
conftest.cc: In function 'int main()':
conftest.cc:71:22: error: ISO C++ forbids casting between pointer-to-function and pointer-to-object [-Werror=pedantic]
   char *p = (char *) finite;
                      ^
conftest.cc:71:9: warning: unused variable 'p' [-Wunused-variable]
   char *p = (char *) finite;
         ^
cc1plus: some warnings being treated as errors
configure:23162: $? = 1
configure: failed program was:
| /* confdefs.h.  */
| 
| #define PACKAGE_NAME "CoinUtils"
| #define PACKAGE_TARNAME "coinutils"
| #define PACKAGE_VERSION "2.10"
| #define PACKAGE_STRING "CoinUtils 2.10"
| #define PACKAGE_BUGREPORT "http://projects.coin-or.org/CoinUtils"
| #define COINUTILS_VERSION "2.10"
| #define COINUTILS_VERSION_MAJOR 2
| #define COINUTILS_VERSION_MINOR 10
| #define COINUTILS_VERSION_RELEASE 9999
| #define COINUTILS_SVN_REV 1898
| #define COIN_COINUTILS_VERBOSITY 0
| #define COIN_COINUTILS_CHECKLEVEL 0
| #ifdef __cplusplus
| extern "C" void exit (int) throw ();
| #endif
| #define F77_FUNC(name,NAME) name ## _
| #define F77_FUNC_(name,NAME) name ## _
| #define PACKAGE "coinutils"
| #define VERSION "2.10"
| #define STDC_HEADERS 1
| #define HAVE_SYS_TYPES_H 1
| #define HAVE_SYS_STAT_H 1
| #define HAVE_STDLIB_H 1
| #define HAVE_STRING_H 1
| #define HAVE_MEMORY_H 1
| #define HAVE_STRINGS_H 1
| #define HAVE_INTTYPES_H 1
| #define HAVE_STDINT_H 1
| #define HAVE_UNISTD_H 1
| #define HAVE_DLFCN_H 1
| #define HAVE_CMATH 1
| #define HAVE_CFLOAT 1
| /* end confdefs.h.  */
| 
| #ifdef HAVE_CMATH
| # include <cmath>
| #else
| # ifdef HAVE_MATH_H
| #  include <math.h>
| # endif
| #endif
| #ifdef HAVE_CFLOAT
| # include <cfloat>
| #else
| # ifdef HAVE_FLOAT_H
| #  include <float.h>
| # endif
| #endif
| #ifdef HAVE_CIEEEFP
| # include <cieeefp>
| #else
| # ifdef HAVE_IEEEFP_H
| #  include <ieeefp.h>
| # endif
| #endif
| 
| #ifdef F77_DUMMY_MAIN
| 
| #  ifdef __cplusplus
|      extern "C"
| #  endif
|    int F77_DUMMY_MAIN() { return 1; }
| 
| #endif
| int
| main ()
| {
| #ifndef finite
|   char *p = (char *) finite;
| #endif
| 
|   ;
|   return 0;
| }
configure:23186: result: no
configure:23193: checking whether _finite is declared
configure:23247: g++ -c -O3 -pipe -DNDEBUG -pedantic-errors -Wparentheses -Wreturn-type -Wcast-qual -Wall -Wpointer-arith -Wwrite-strings -Wconversion -Wno-unknown-pragmas -Wno-long-long   -DCOINUTILS_BUILD  conftest.cc >&5
conftest.cc: In function 'int main()':
conftest.cc:71:22: error: '_finite' was not declared in this scope
   char *p = (char *) _finite;
                      ^
conftest.cc:71:9: warning: unused variable 'p' [-Wunused-variable]
   char *p = (char *) _finite;
         ^
configure:23253: $? = 1
configure: failed program was:
| /* confdefs.h.  */
| 
| #define PACKAGE_NAME "CoinUtils"
| #define PACKAGE_TARNAME "coinutils"
| #define PACKAGE_VERSION "2.10"
| #define PACKAGE_STRING "CoinUtils 2.10"
| #define PACKAGE_BUGREPORT "http://projects.coin-or.org/CoinUtils"
| #define COINUTILS_VERSION "2.10"
| #define COINUTILS_VERSION_MAJOR 2
| #define COINUTILS_VERSION_MINOR 10
| #define COINUTILS_VERSION_RELEASE 9999
| #define COINUTILS_SVN_REV 1898
| #define COIN_COINUTILS_VERBOSITY 0
| #define COIN_COINUTILS_CHECKLEVEL 0
| #ifdef __cplusplus
| extern "C" void exit (int) throw ();
| #endif
| #define F77_FUNC(name,NAME) name ## _
| #define F77_FUNC_(name,NAME) name ## _
| #define PACKAGE "coinutils"
| #define VERSION "2.10"
| #define STDC_HEADERS 1
| #define HAVE_SYS_TYPES_H 1
| #define HAVE_SYS_STAT_H 1
| #define HAVE_STDLIB_H 1
| #define HAVE_STRING_H 1
| #define HAVE_MEMORY_H 1
| #define HAVE_STRINGS_H 1
| #define HAVE_INTTYPES_H 1
| #define HAVE_STDINT_H 1
| #define HAVE_UNISTD_H 1
| #define HAVE_DLFCN_H 1
| #define HAVE_CMATH 1
| #define HAVE_CFLOAT 1
| /* end confdefs.h.  */
| 
| #ifdef HAVE_CMATH
| # include <cmath>
| #else
| # ifdef HAVE_MATH_H
| #  include <math.h>
| # endif
| #endif
| #ifdef HAVE_CFLOAT
| # include <cfloat>
| #else
| # ifdef HAVE_FLOAT_H
| #  include <float.h>
| # endif
| #endif
| #ifdef HAVE_CIEEEFP
| # include <cieeefp>
| #else
| # ifdef HAVE_IEEEFP_H
| #  include <ieeefp.h>
| # endif
| #endif
| 
| #ifdef F77_DUMMY_MAIN
| 
| #  ifdef __cplusplus
|      extern "C"
| #  endif
|    int F77_DUMMY_MAIN() { return 1; }
| 
| #endif
| int
| main ()
| {
| #ifndef _finite
|   char *p = (char *) _finite;
| #endif
| 
|   ;
|   return 0;
| }
configure:23277: result: no
configure:23286: WARNING: Cannot find C-function for checking Inf.
configure:23329: checking for cmath
configure:23334: result: yes
configure:23658: checking for cfloat
configure:23663: result: yes
configure:23987: checking for cieeefp
configure:23992: result: no
configure:24145: checking for ieeefp.h
configure:24150: result: no
configure:24301: checking whether isnan is declared
configure:24355: g++ -c -O3 -pipe -DNDEBUG -pedantic-errors -Wparentheses -Wreturn-type -Wcast-qual -Wall -Wpointer-arith -Wwrite-strings -Wconversion -Wno-unknown-pragmas -Wno-long-long   -DCOINUTILS_BUILD  conftest.cc >&5
conftest.cc: In function 'int main()':
conftest.cc:73:22: error: ISO C++ forbids casting between pointer-to-function and pointer-to-object [-Werror=pedantic]
   char *p = (char *) isnan;
                      ^
conftest.cc:73:9: warning: unused variable 'p' [-Wunused-variable]
   char *p = (char *) isnan;
         ^
cc1plus: some warnings being treated as errors
configure:24361: $? = 1
configure: failed program was:
| /* confdefs.h.  */
| 
| #define PACKAGE_NAME "CoinUtils"
| #define PACKAGE_TARNAME "coinutils"
| #define PACKAGE_VERSION "2.10"
| #define PACKAGE_STRING "CoinUtils 2.10"
| #define PACKAGE_BUGREPORT "http://projects.coin-or.org/CoinUtils"
| #define COINUTILS_VERSION "2.10"
| #define COINUTILS_VERSION_MAJOR 2
| #define COINUTILS_VERSION_MINOR 10
| #define COINUTILS_VERSION_RELEASE 9999
| #define COINUTILS_SVN_REV 1898
| #define COIN_COINUTILS_VERBOSITY 0
| #define COIN_COINUTILS_CHECKLEVEL 0
| #ifdef __cplusplus
| extern "C" void exit (int) throw ();
| #endif
| #define F77_FUNC(name,NAME) name ## _
| #define F77_FUNC_(name,NAME) name ## _
| #define PACKAGE "coinutils"
| #define VERSION "2.10"
| #define STDC_HEADERS 1
| #define HAVE_SYS_TYPES_H 1
| #define HAVE_SYS_STAT_H 1
| #define HAVE_STDLIB_H 1
| #define HAVE_STRING_H 1
| #define HAVE_MEMORY_H 1
| #define HAVE_STRINGS_H 1
| #define HAVE_INTTYPES_H 1
| #define HAVE_STDINT_H 1
| #define HAVE_UNISTD_H 1
| #define HAVE_DLFCN_H 1
| #define HAVE_CMATH 1
| #define HAVE_CFLOAT 1
| #define HAVE_CMATH 1
| #define HAVE_CFLOAT 1
| /* end confdefs.h.  */
| 
| #ifdef HAVE_CMATH
| # include <cmath>
| #else
| # ifdef HAVE_MATH_H
| #  include <math.h>
| # endif
| #endif
| #ifdef HAVE_CFLOAT
| # include <cfloat>
| #else
| # ifdef HAVE_FLOAT_H
| #  include <float.h>
| # endif
| #endif
| #ifdef HAVE_CIEEEFP
| # include <cieeefp>
| #else
| # ifdef HAVE_IEEEFP_H
| #  include <ieeefp.h>
| # endif
| #endif
| 
| #ifdef F77_DUMMY_MAIN
| 
| #  ifdef __cplusplus
|      extern "C"
| #  endif
|    int F77_DUMMY_MAIN() { return 1; }
| 
| #endif
| int
| main ()
| {
| #ifndef isnan
|   char *p = (char *) isnan;
| #endif
| 
|   ;
|   return 0;
| }
configure:24385: result: no
configure:24397: checking whether std::isnan(42.42) is declared
configure:24451: g++ -c -O3 -pipe -DNDEBUG -pedantic-errors -Wparentheses -Wreturn-type -Wcast-qual -Wall -Wpointer-arith -Wwrite-strings -Wconversion -Wno-unknown-pragmas -Wno-long-long   -DCOINUTILS_BUILD  conftest.cc >&5
conftest.cc:72:12: error: extra tokens at end of #ifndef directive
 #ifndef std::isnan(42.42)
            ^
conftest.cc: In function 'int main()':
conftest.cc:73:38: warning: cast to pointer from integer of different size [-Wint-to-pointer-cast]
   char *p = (char *) std::isnan(42.42);
                                      ^
conftest.cc:73:9: warning: unused variable 'p' [-Wunused-variable]
   char *p = (char *) std::isnan(42.42);
         ^
configure:24457: $? = 1
configure: failed program was:
| /* confdefs.h.  */
| 
| #define PACKAGE_NAME "CoinUtils"
| #define PACKAGE_TARNAME "coinutils"
| #define PACKAGE_VERSION "2.10"
| #define PACKAGE_STRING "CoinUtils 2.10"
| #define PACKAGE_BUGREPORT "http://projects.coin-or.org/CoinUtils"
| #define COINUTILS_VERSION "2.10"
| #define COINUTILS_VERSION_MAJOR 2
| #define COINUTILS_VERSION_MINOR 10
| #define COINUTILS_VERSION_RELEASE 9999
| #define COINUTILS_SVN_REV 1898
| #define COIN_COINUTILS_VERBOSITY 0
| #define COIN_COINUTILS_CHECKLEVEL 0
| #ifdef __cplusplus
| extern "C" void exit (int) throw ();
| #endif
| #define F77_FUNC(name,NAME) name ## _
| #define F77_FUNC_(name,NAME) name ## _
| #define PACKAGE "coinutils"
| #define VERSION "2.10"
| #define STDC_HEADERS 1
| #define HAVE_SYS_TYPES_H 1
| #define HAVE_SYS_STAT_H 1
| #define HAVE_STDLIB_H 1
| #define HAVE_STRING_H 1
| #define HAVE_MEMORY_H 1
| #define HAVE_STRINGS_H 1
| #define HAVE_INTTYPES_H 1
| #define HAVE_STDINT_H 1
| #define HAVE_UNISTD_H 1
| #define HAVE_DLFCN_H 1
| #define HAVE_CMATH 1
| #define HAVE_CFLOAT 1
| #define HAVE_CMATH 1
| #define HAVE_CFLOAT 1
| /* end confdefs.h.  */
| 
| #ifdef HAVE_CMATH
| # include <cmath>
| #else
| # ifdef HAVE_MATH_H
| #  include <math.h>
| # endif
| #endif
| #ifdef HAVE_CFLOAT
| # include <cfloat>
| #else
| # ifdef HAVE_FLOAT_H
| #  include <float.h>
| # endif
| #endif
| #ifdef HAVE_CIEEEFP
| # include <cieeefp>
| #else
| # ifdef HAVE_IEEEFP_H
| #  include <ieeefp.h>
| # endif
| #endif
| 
| #ifdef F77_DUMMY_MAIN
| 
| #  ifdef __cplusplus
|      extern "C"
| #  endif
|    int F77_DUMMY_MAIN() { return 1; }
| 
| #endif
| int
| main ()
| {
| #ifndef std::isnan(42.42)
|   char *p = (char *) std::isnan(42.42);
| #endif
| 
|   ;
|   return 0;
| }
configure:24481: result: no
configure:24490: checking whether _isnan is declared
configure:24544: g++ -c -O3 -pipe -DNDEBUG -pedantic-errors -Wparentheses -Wreturn-type -Wcast-qual -Wall -Wpointer-arith -Wwrite-strings -Wconversion -Wno-unknown-pragmas -Wno-long-long   -DCOINUTILS_BUILD  conftest.cc >&5
conftest.cc: In function 'int main()':
conftest.cc:73:22: error: '_isnan' was not declared in this scope
   char *p = (char *) _isnan;
                      ^
conftest.cc:73:9: warning: unused variable 'p' [-Wunused-variable]
   char *p = (char *) _isnan;
         ^
configure:24550: $? = 1
configure: failed program was:
| /* confdefs.h.  */
| 
| #define PACKAGE_NAME "CoinUtils"
| #define PACKAGE_TARNAME "coinutils"
| #define PACKAGE_VERSION "2.10"
| #define PACKAGE_STRING "CoinUtils 2.10"
| #define PACKAGE_BUGREPORT "http://projects.coin-or.org/CoinUtils"
| #define COINUTILS_VERSION "2.10"
| #define COINUTILS_VERSION_MAJOR 2
| #define COINUTILS_VERSION_MINOR 10
| #define COINUTILS_VERSION_RELEASE 9999
| #define COINUTILS_SVN_REV 1898
| #define COIN_COINUTILS_VERBOSITY 0
| #define COIN_COINUTILS_CHECKLEVEL 0
| #ifdef __cplusplus
| extern "C" void exit (int) throw ();
| #endif
| #define F77_FUNC(name,NAME) name ## _
| #define F77_FUNC_(name,NAME) name ## _
| #define PACKAGE "coinutils"
| #define VERSION "2.10"
| #define STDC_HEADERS 1
| #define HAVE_SYS_TYPES_H 1
| #define HAVE_SYS_STAT_H 1
| #define HAVE_STDLIB_H 1
| #define HAVE_STRING_H 1
| #define HAVE_MEMORY_H 1
| #define HAVE_STRINGS_H 1
| #define HAVE_INTTYPES_H 1
| #define HAVE_STDINT_H 1
| #define HAVE_UNISTD_H 1
| #define HAVE_DLFCN_H 1
| #define HAVE_CMATH 1
| #define HAVE_CFLOAT 1
| #define HAVE_CMATH 1
| #define HAVE_CFLOAT 1
| /* end confdefs.h.  */
| 
| #ifdef HAVE_CMATH
| # include <cmath>
| #else
| # ifdef HAVE_MATH_H
| #  include <math.h>
| # endif
| #endif
| #ifdef HAVE_CFLOAT
| # include <cfloat>
| #else
| # ifdef HAVE_FLOAT_H
| #  include <float.h>
| # endif
| #endif
| #ifdef HAVE_CIEEEFP
| # include <cieeefp>
| #else
| # ifdef HAVE_IEEEFP_H
| #  include <ieeefp.h>
| # endif
| #endif
| 
| #ifdef F77_DUMMY_MAIN
| 
| #  ifdef __cplusplus
|      extern "C"
| #  endif
|    int F77_DUMMY_MAIN() { return 1; }
| 
| #endif
| int
| main ()
| {
| #ifndef _isnan
|   char *p = (char *) _isnan;
| #endif
| 
|   ;
|   return 0;
| }
configure:24574: result: no
configure:24582: checking whether isnand is declared
configure:24636: g++ -c -O3 -pipe -DNDEBUG -pedantic-errors -Wparentheses -Wreturn-type -Wcast-qual -Wall -Wpointer-arith -Wwrite-strings -Wconversion -Wno-unknown-pragmas -Wno-long-long   -DCOINUTILS_BUILD  conftest.cc >&5
conftest.cc: In function 'int main()':
conftest.cc:73:22: error: 'isnand' was not declared in this scope
   char *p = (char *) isnand;
                      ^
conftest.cc:73:9: warning: unused variable 'p' [-Wunused-variable]
   char *p = (char *) isnand;
         ^
configure:24642: $? = 1
configure: failed program was:
| /* confdefs.h.  */
| 
| #define PACKAGE_NAME "CoinUtils"
| #define PACKAGE_TARNAME "coinutils"
| #define PACKAGE_VERSION "2.10"
| #define PACKAGE_STRING "CoinUtils 2.10"
| #define PACKAGE_BUGREPORT "http://projects.coin-or.org/CoinUtils"
| #define COINUTILS_VERSION "2.10"
| #define COINUTILS_VERSION_MAJOR 2
| #define COINUTILS_VERSION_MINOR 10
| #define COINUTILS_VERSION_RELEASE 9999
| #define COINUTILS_SVN_REV 1898
| #define COIN_COINUTILS_VERBOSITY 0
| #define COIN_COINUTILS_CHECKLEVEL 0
| #ifdef __cplusplus
| extern "C" void exit (int) throw ();
| #endif
| #define F77_FUNC(name,NAME) name ## _
| #define F77_FUNC_(name,NAME) name ## _
| #define PACKAGE "coinutils"
| #define VERSION "2.10"
| #define STDC_HEADERS 1
| #define HAVE_SYS_TYPES_H 1
| #define HAVE_SYS_STAT_H 1
| #define HAVE_STDLIB_H 1
| #define HAVE_STRING_H 1
| #define HAVE_MEMORY_H 1
| #define HAVE_STRINGS_H 1
| #define HAVE_INTTYPES_H 1
| #define HAVE_STDINT_H 1
| #define HAVE_UNISTD_H 1
| #define HAVE_DLFCN_H 1
| #define HAVE_CMATH 1
| #define HAVE_CFLOAT 1
| #define HAVE_CMATH 1
| #define HAVE_CFLOAT 1
| /* end confdefs.h.  */
| 
| #ifdef HAVE_CMATH
| # include <cmath>
| #else
| # ifdef HAVE_MATH_H
| #  include <math.h>
| # endif
| #endif
| #ifdef HAVE_CFLOAT
| # include <cfloat>
| #else
| # ifdef HAVE_FLOAT_H
| #  include <float.h>
| # endif
| #endif
| #ifdef HAVE_CIEEEFP
| # include <cieeefp>
| #else
| # ifdef HAVE_IEEEFP_H
| #  include <ieeefp.h>
| # endif
| #endif
| 
| #ifdef F77_DUMMY_MAIN
| 
| #  ifdef __cplusplus
|      extern "C"
| #  endif
|    int F77_DUMMY_MAIN() { return 1; }
| 
| #endif
| int
| main ()
| {
| #ifndef isnand
|   char *p = (char *) isnand;
| #endif
| 
|   ;
|   return 0;
| }
configure:24666: result: no
configure:24674: WARNING: Cannot find C-function for checking NaN.
configure:24961: checking cinttypes usability
configure:24973: g++ -c -O3 -pipe -DNDEBUG -pedantic-errors -Wparentheses -Wreturn-type -Wcast-qual -Wall -Wpointer-arith -Wwrite-strings -Wconversion -Wno-unknown-pragmas -Wno-long-long   -DCOINUTILS_BUILD  conftest.cc >&5
In file included from /usr/include/c++/4.8.2/cinttypes:35:0,
                 from conftest.cc:73:
/usr/include/c++/4.8.2/bits/c++0x_warning.h:32:2: error: #error This file requires compiler and library support for the ISO C++ 2011 standard. This support is currently experimental, and must be enabled with the -std=c++11 or -std=gnu++11 compiler options.
 #error This file requires compiler and library support for the \
  ^
configure:24979: $? = 1
configure: failed program was:
| /* confdefs.h.  */
| 
| #define PACKAGE_NAME "CoinUtils"
| #define PACKAGE_TARNAME "coinutils"
| #define PACKAGE_VERSION "2.10"
| #define PACKAGE_STRING "CoinUtils 2.10"
| #define PACKAGE_BUGREPORT "http://projects.coin-or.org/CoinUtils"
| #define COINUTILS_VERSION "2.10"
| #define COINUTILS_VERSION_MAJOR 2
| #define COINUTILS_VERSION_MINOR 10
| #define COINUTILS_VERSION_RELEASE 9999
| #define COINUTILS_SVN_REV 1898
| #define COIN_COINUTILS_VERBOSITY 0
| #define COIN_COINUTILS_CHECKLEVEL 0
| #ifdef __cplusplus
| extern "C" void exit (int) throw ();
| #endif
| #define F77_FUNC(name,NAME) name ## _
| #define F77_FUNC_(name,NAME) name ## _
| #define PACKAGE "coinutils"
| #define VERSION "2.10"
| #define STDC_HEADERS 1
| #define HAVE_SYS_TYPES_H 1
| #define HAVE_SYS_STAT_H 1
| #define HAVE_STDLIB_H 1
| #define HAVE_STRING_H 1
| #define HAVE_MEMORY_H 1
| #define HAVE_STRINGS_H 1
| #define HAVE_INTTYPES_H 1
| #define HAVE_STDINT_H 1
| #define HAVE_UNISTD_H 1
| #define HAVE_DLFCN_H 1
| #define HAVE_CMATH 1
| #define HAVE_CFLOAT 1
| #define HAVE_CMATH 1
| #define HAVE_CFLOAT 1
| #define COINUTILS_MEMPOOL_MAXPOOLED -1
| /* end confdefs.h.  */
| #include <stdio.h>
| #if HAVE_SYS_TYPES_H
| # include <sys/types.h>
| #endif
| #if HAVE_SYS_STAT_H
| # include <sys/stat.h>
| #endif
| #if STDC_HEADERS
| # include <stdlib.h>
| # include <stddef.h>
| #else
| # if HAVE_STDLIB_H
| #  include <stdlib.h>
| # endif
| #endif
| #if HAVE_STRING_H
| # if !STDC_HEADERS && HAVE_MEMORY_H
| #  include <memory.h>
| # endif
| # include <string.h>
| #endif
| #if HAVE_STRINGS_H
| # include <strings.h>
| #endif
| #if HAVE_INTTYPES_H
| # include <inttypes.h>
| #else
| # if HAVE_STDINT_H
| #  include <stdint.h>
| # endif
| #endif
| #if HAVE_UNISTD_H
| # include <unistd.h>
| #endif
| #include <cinttypes>
configure:25002: result: no
configure:25006: checking cinttypes presence
configure:25016: g++ -E  conftest.cc
In file included from /usr/include/c++/4.8.2/cinttypes:35:0,
                 from conftest.cc:39:
/usr/include/c++/4.8.2/bits/c++0x_warning.h:32:2: error: #error This file requires compiler and library support for the ISO C++ 2011 standard. This support is currently experimental, and must be enabled with the -std=c++11 or -std=gnu++11 compiler options.
 #error This file requires compiler and library support for the \
  ^
configure:25022: $? = 1
configure: failed program was:
| /* confdefs.h.  */
| 
| #define PACKAGE_NAME "CoinUtils"
| #define PACKAGE_TARNAME "coinutils"
| #define PACKAGE_VERSION "2.10"
| #define PACKAGE_STRING "CoinUtils 2.10"
| #define PACKAGE_BUGREPORT "http://projects.coin-or.org/CoinUtils"
| #define COINUTILS_VERSION "2.10"
| #define COINUTILS_VERSION_MAJOR 2
| #define COINUTILS_VERSION_MINOR 10
| #define COINUTILS_VERSION_RELEASE 9999
| #define COINUTILS_SVN_REV 1898
| #define COIN_COINUTILS_VERBOSITY 0
| #define COIN_COINUTILS_CHECKLEVEL 0
| #ifdef __cplusplus
| extern "C" void exit (int) throw ();
| #endif
| #define F77_FUNC(name,NAME) name ## _
| #define F77_FUNC_(name,NAME) name ## _
| #define PACKAGE "coinutils"
| #define VERSION "2.10"
| #define STDC_HEADERS 1
| #define HAVE_SYS_TYPES_H 1
| #define HAVE_SYS_STAT_H 1
| #define HAVE_STDLIB_H 1
| #define HAVE_STRING_H 1
| #define HAVE_MEMORY_H 1
| #define HAVE_STRINGS_H 1
| #define HAVE_INTTYPES_H 1
| #define HAVE_STDINT_H 1
| #define HAVE_UNISTD_H 1
| #define HAVE_DLFCN_H 1
| #define HAVE_CMATH 1
| #define HAVE_CFLOAT 1
| #define HAVE_CMATH 1
| #define HAVE_CFLOAT 1
| #define COINUTILS_MEMPOOL_MAXPOOLED -1
| /* end confdefs.h.  */
| #include <cinttypes>
configure:25042: result: no
configure:25077: checking for cinttypes
configure:25084: result: no
configure:25110: checking for inttypes.h
configure:25115: result: yes
configure:25290: checking cstdint usability
configure:25302: g++ -c -O3 -pipe -DNDEBUG -pedantic-errors -Wparentheses -Wreturn-type -Wcast-qual -Wall -Wpointer-arith -Wwrite-strings -Wconversion -Wno-unknown-pragmas -Wno-long-long   -DCOINUTILS_BUILD  conftest.cc >&5
In file included from /usr/include/c++/4.8.2/cstdint:35:0,
                 from conftest.cc:74:
/usr/include/c++/4.8.2/bits/c++0x_warning.h:32:2: error: #error This file requires compiler and library support for the ISO C++ 2011 standard. This support is currently experimental, and must be enabled with the -std=c++11 or -std=gnu++11 compiler options.
 #error This file requires compiler and library support for the \
  ^
configure:25308: $? = 1
configure: failed program was:
| /* confdefs.h.  */
| 
| #define PACKAGE_NAME "CoinUtils"
| #define PACKAGE_TARNAME "coinutils"
| #define PACKAGE_VERSION "2.10"
| #define PACKAGE_STRING "CoinUtils 2.10"
| #define PACKAGE_BUGREPORT "http://projects.coin-or.org/CoinUtils"
| #define COINUTILS_VERSION "2.10"
| #define COINUTILS_VERSION_MAJOR 2
| #define COINUTILS_VERSION_MINOR 10
| #define COINUTILS_VERSION_RELEASE 9999
| #define COINUTILS_SVN_REV 1898
| #define COIN_COINUTILS_VERBOSITY 0
| #define COIN_COINUTILS_CHECKLEVEL 0
| #ifdef __cplusplus
| extern "C" void exit (int) throw ();
| #endif
| #define F77_FUNC(name,NAME) name ## _
| #define F77_FUNC_(name,NAME) name ## _
| #define PACKAGE "coinutils"
| #define VERSION "2.10"
| #define STDC_HEADERS 1
| #define HAVE_SYS_TYPES_H 1
| #define HAVE_SYS_STAT_H 1
| #define HAVE_STDLIB_H 1
| #define HAVE_STRING_H 1
| #define HAVE_MEMORY_H 1
| #define HAVE_STRINGS_H 1
| #define HAVE_INTTYPES_H 1
| #define HAVE_STDINT_H 1
| #define HAVE_UNISTD_H 1
| #define HAVE_DLFCN_H 1
| #define HAVE_CMATH 1
| #define HAVE_CFLOAT 1
| #define HAVE_CMATH 1
| #define HAVE_CFLOAT 1
| #define COINUTILS_MEMPOOL_MAXPOOLED -1
| #define HAVE_INTTYPES_H 1
| /* end confdefs.h.  */
| #include <stdio.h>
| #if HAVE_SYS_TYPES_H
| # include <sys/types.h>
| #endif
| #if HAVE_SYS_STAT_H
| # include <sys/stat.h>
| #endif
| #if STDC_HEADERS
| # include <stdlib.h>
| # include <stddef.h>
| #else
| # if HAVE_STDLIB_H
| #  include <stdlib.h>
| # endif
| #endif
| #if HAVE_STRING_H
| # if !STDC_HEADERS && HAVE_MEMORY_H
| #  include <memory.h>
| # endif
| # include <string.h>
| #endif
| #if HAVE_STRINGS_H
| # include <strings.h>
| #endif
| #if HAVE_INTTYPES_H
| # include <inttypes.h>
| #else
| # if HAVE_STDINT_H
| #  include <stdint.h>
| # endif
| #endif
| #if HAVE_UNISTD_H
| # include <unistd.h>
| #endif
| #include <cstdint>
configure:25331: result: no
configure:25335: checking cstdint presence
configure:25345: g++ -E  conftest.cc
In file included from /usr/include/c++/4.8.2/cstdint:35:0,
                 from conftest.cc:40:
/usr/include/c++/4.8.2/bits/c++0x_warning.h:32:2: error: #error This file requires compiler and library support for the ISO C++ 2011 standard. This support is currently experimental, and must be enabled with the -std=c++11 or -std=gnu++11 compiler options.
 #error This file requires compiler and library support for the \
  ^
configure:25351: $? = 1
configure: failed program was:
| /* confdefs.h.  */
| 
| #define PACKAGE_NAME "CoinUtils"
| #define PACKAGE_TARNAME "coinutils"
| #define PACKAGE_VERSION "2.10"
| #define PACKAGE_STRING "CoinUtils 2.10"
| #define PACKAGE_BUGREPORT "http://projects.coin-or.org/CoinUtils"
| #define COINUTILS_VERSION "2.10"
| #define COINUTILS_VERSION_MAJOR 2
| #define COINUTILS_VERSION_MINOR 10
| #define COINUTILS_VERSION_RELEASE 9999
| #define COINUTILS_SVN_REV 1898
| #define COIN_COINUTILS_VERBOSITY 0
| #define COIN_COINUTILS_CHECKLEVEL 0
| #ifdef __cplusplus
| extern "C" void exit (int) throw ();
| #endif
| #define F77_FUNC(name,NAME) name ## _
| #define F77_FUNC_(name,NAME) name ## _
| #define PACKAGE "coinutils"
| #define VERSION "2.10"
| #define STDC_HEADERS 1
| #define HAVE_SYS_TYPES_H 1
| #define HAVE_SYS_STAT_H 1
| #define HAVE_STDLIB_H 1
| #define HAVE_STRING_H 1
| #define HAVE_MEMORY_H 1
| #define HAVE_STRINGS_H 1
| #define HAVE_INTTYPES_H 1
| #define HAVE_STDINT_H 1
| #define HAVE_UNISTD_H 1
| #define HAVE_DLFCN_H 1
| #define HAVE_CMATH 1
| #define HAVE_CFLOAT 1
| #define HAVE_CMATH 1
| #define HAVE_CFLOAT 1
| #define COINUTILS_MEMPOOL_MAXPOOLED -1
| #define HAVE_INTTYPES_H 1
| /* end confdefs.h.  */
| #include <cstdint>
configure:25371: result: no
configure:25406: checking for cstdint
configure:25413: result: no
configure:25439: checking for stdint.h
configure:25444: result: yes
configure:25602: checking for int64_t
configure:25643: g++ -c -O3 -pipe -DNDEBUG -pedantic-errors -Wparentheses -Wreturn-type -Wcast-qual -Wall -Wpointer-arith -Wwrite-strings -Wconversion -Wno-unknown-pragmas -Wno-long-long   -DCOINUTILS_BUILD  conftest.cc >&5
configure:25649: $? = 0
configure:25653: test -z 
			 || test ! -s conftest.err
configure:25656: $? = 0
configure:25659: test -s conftest.o
configure:25662: $? = 0
configure:25673: result: yes
configure:27153: checking for intptr_t
configure:27194: g++ -c -O3 -pipe -DNDEBUG -pedantic-errors -Wparentheses -Wreturn-type -Wcast-qual -Wall -Wpointer-arith -Wwrite-strings -Wconversion -Wno-unknown-pragmas -Wno-long-long   -DCOINUTILS_BUILD  conftest.cc >&5
configure:27200: $? = 0
configure:27204: test -z 
			 || test ! -s conftest.err
configure:27207: $? = 0
configure:27210: test -s conftest.o
configure:27213: $? = 0
configure:27224: result: yes
configure:29188: checking windows.h usability
configure:29200: g++ -c -O3 -pipe -DNDEBUG -pedantic-errors -Wparentheses -Wreturn-type -Wcast-qual -Wall -Wpointer-arith -Wwrite-strings -Wconversion -Wno-unknown-pragmas -Wno-long-long   -DCOINUTILS_BUILD  conftest.cc >&5
conftest.cc:79:21: fatal error: windows.h: No such file or directory
 #include <windows.h>
                     ^
compilation terminated.
configure:29206: $? = 1
configure: failed program was:
| /* confdefs.h.  */
| 
| #define PACKAGE_NAME "CoinUtils"
| #define PACKAGE_TARNAME "coinutils"
| #define PACKAGE_VERSION "2.10"
| #define PACKAGE_STRING "CoinUtils 2.10"
| #define PACKAGE_BUGREPORT "http://projects.coin-or.org/CoinUtils"
| #define COINUTILS_VERSION "2.10"
| #define COINUTILS_VERSION_MAJOR 2
| #define COINUTILS_VERSION_MINOR 10
| #define COINUTILS_VERSION_RELEASE 9999
| #define COINUTILS_SVN_REV 1898
| #define COIN_COINUTILS_VERBOSITY 0
| #define COIN_COINUTILS_CHECKLEVEL 0
| #ifdef __cplusplus
| extern "C" void exit (int) throw ();
| #endif
| #define F77_FUNC(name,NAME) name ## _
| #define F77_FUNC_(name,NAME) name ## _
| #define PACKAGE "coinutils"
| #define VERSION "2.10"
| #define STDC_HEADERS 1
| #define HAVE_SYS_TYPES_H 1
| #define HAVE_SYS_STAT_H 1
| #define HAVE_STDLIB_H 1
| #define HAVE_STRING_H 1
| #define HAVE_MEMORY_H 1
| #define HAVE_STRINGS_H 1
| #define HAVE_INTTYPES_H 1
| #define HAVE_STDINT_H 1
| #define HAVE_UNISTD_H 1
| #define HAVE_DLFCN_H 1
| #define HAVE_CMATH 1
| #define HAVE_CFLOAT 1
| #define HAVE_CMATH 1
| #define HAVE_CFLOAT 1
| #define COINUTILS_MEMPOOL_MAXPOOLED -1
| #define HAVE_INTTYPES_H 1
| #define HAVE_STDINT_H 1
| #define COIN_INT64_T int64_t
| #define COIN_UINT64_T int64_t
| #define COIN_INTPTR_T intptr_t
| #define COINUTILS_HAS_STDINT_H 1
| /* end confdefs.h.  */
| #include <stdio.h>
| #if HAVE_SYS_TYPES_H
| # include <sys/types.h>
| #endif
| #if HAVE_SYS_STAT_H
| # include <sys/stat.h>
| #endif
| #if STDC_HEADERS
| # include <stdlib.h>
| # include <stddef.h>
| #else
| # if HAVE_STDLIB_H
| #  include <stdlib.h>
| # endif
| #endif
| #if HAVE_STRING_H
| # if !STDC_HEADERS && HAVE_MEMORY_H
| #  include <memory.h>
| # endif
| # include <string.h>
| #endif
| #if HAVE_STRINGS_H
| # include <strings.h>
| #endif
| #if HAVE_INTTYPES_H
| # include <inttypes.h>
| #else
| # if HAVE_STDINT_H
| #  include <stdint.h>
| # endif
| #endif
| #if HAVE_UNISTD_H
| # include <unistd.h>
| #endif
| #include <windows.h>
configure:29229: result: no
configure:29233: checking windows.h presence
configure:29243: g++ -E  conftest.cc
conftest.cc:45:21: fatal error: windows.h: No such file or directory
 #include <windows.h>
                     ^
compilation terminated.
configure:29249: $? = 1
configure: failed program was:
| /* confdefs.h.  */
| 
| #define PACKAGE_NAME "CoinUtils"
| #define PACKAGE_TARNAME "coinutils"
| #define PACKAGE_VERSION "2.10"
| #define PACKAGE_STRING "CoinUtils 2.10"
| #define PACKAGE_BUGREPORT "http://projects.coin-or.org/CoinUtils"
| #define COINUTILS_VERSION "2.10"
| #define COINUTILS_VERSION_MAJOR 2
| #define COINUTILS_VERSION_MINOR 10
| #define COINUTILS_VERSION_RELEASE 9999
| #define COINUTILS_SVN_REV 1898
| #define COIN_COINUTILS_VERBOSITY 0
| #define COIN_COINUTILS_CHECKLEVEL 0
| #ifdef __cplusplus
| extern "C" void exit (int) throw ();
| #endif
| #define F77_FUNC(name,NAME) name ## _
| #define F77_FUNC_(name,NAME) name ## _
| #define PACKAGE "coinutils"
| #define VERSION "2.10"
| #define STDC_HEADERS 1
| #define HAVE_SYS_TYPES_H 1
| #define HAVE_SYS_STAT_H 1
| #define HAVE_STDLIB_H 1
| #define HAVE_STRING_H 1
| #define HAVE_MEMORY_H 1
| #define HAVE_STRINGS_H 1
| #define HAVE_INTTYPES_H 1
| #define HAVE_STDINT_H 1
| #define HAVE_UNISTD_H 1
| #define HAVE_DLFCN_H 1
| #define HAVE_CMATH 1
| #define HAVE_CFLOAT 1
| #define HAVE_CMATH 1
| #define HAVE_CFLOAT 1
| #define COINUTILS_MEMPOOL_MAXPOOLED -1
| #define HAVE_INTTYPES_H 1
| #define HAVE_STDINT_H 1
| #define COIN_INT64_T int64_t
| #define COIN_UINT64_T int64_t
| #define COIN_INTPTR_T intptr_t
| #define COINUTILS_HAS_STDINT_H 1
| /* end confdefs.h.  */
| #include <windows.h>
configure:29269: result: no
configure:29304: checking for windows.h
configure:29311: result: no
configure:29342: checking endian.h usability
configure:29354: g++ -c -O3 -pipe -DNDEBUG -pedantic-errors -Wparentheses -Wreturn-type -Wcast-qual -Wall -Wpointer-arith -Wwrite-strings -Wconversion -Wno-unknown-pragmas -Wno-long-long   -DCOINUTILS_BUILD  conftest.cc >&5
configure:29360: $? = 0
configure:29364: test -z 
			 || test ! -s conftest.err
configure:29367: $? = 0
configure:29370: test -s conftest.o
configure:29373: $? = 0
configure:29383: result: yes
configure:29387: checking endian.h presence
configure:29397: g++ -E  conftest.cc
configure:29403: $? = 0
configure:29423: result: yes
configure:29458: checking for endian.h
configure:29465: result: yes
configure:29552: checking for pkg-config
configure:29568: found /bin/pkg-config
configure:29578: result: pkg-config
configure:29593: checking pkg-config is at least version 0.16.0
configure:29596: result: yes
configure:32085: checking whether -lblas has BLAS
configure:32362: g++ -o conftest -O3 -pipe -DNDEBUG -pedantic-errors -Wparentheses -Wreturn-type -Wcast-qual -Wall -Wpointer-arith -Wwrite-strings -Wconversion -Wno-unknown-pragmas -Wno-long-long   -DCOINUTILS_BUILD   conftest.cc -lblas  >&5
/bin/ld: cannot find -lblas
collect2: error: ld returned 1 exit status
configure:32368: $? = 1
configure: failed program was:
| /* confdefs.h.  */
| 
| #define PACKAGE_NAME "CoinUtils"
| #define PACKAGE_TARNAME "coinutils"
| #define PACKAGE_VERSION "2.10"
| #define PACKAGE_STRING "CoinUtils 2.10"
| #define PACKAGE_BUGREPORT "http://projects.coin-or.org/CoinUtils"
| #define COINUTILS_VERSION "2.10"
| #define COINUTILS_VERSION_MAJOR 2
| #define COINUTILS_VERSION_MINOR 10
| #define COINUTILS_VERSION_RELEASE 9999
| #define COINUTILS_SVN_REV 1898
| #define COIN_COINUTILS_VERBOSITY 0
| #define COIN_COINUTILS_CHECKLEVEL 0
| #ifdef __cplusplus
| extern "C" void exit (int) throw ();
| #endif
| #define F77_FUNC(name,NAME) name ## _
| #define F77_FUNC_(name,NAME) name ## _
| #define PACKAGE "coinutils"
| #define VERSION "2.10"
| #define STDC_HEADERS 1
| #define HAVE_SYS_TYPES_H 1
| #define HAVE_SYS_STAT_H 1
| #define HAVE_STDLIB_H 1
| #define HAVE_STRING_H 1
| #define HAVE_MEMORY_H 1
| #define HAVE_STRINGS_H 1
| #define HAVE_INTTYPES_H 1
| #define HAVE_STDINT_H 1
| #define HAVE_UNISTD_H 1
| #define HAVE_DLFCN_H 1
| #define HAVE_CMATH 1
| #define HAVE_CFLOAT 1
| #define HAVE_CMATH 1
| #define HAVE_CFLOAT 1
| #define COINUTILS_MEMPOOL_MAXPOOLED -1
| #define HAVE_INTTYPES_H 1
| #define HAVE_STDINT_H 1
| #define COIN_INT64_T int64_t
| #define COIN_UINT64_T int64_t
| #define COIN_INTPTR_T intptr_t
| #define COINUTILS_HAS_STDINT_H 1
| #define HAVE_ENDIAN_H 1
| /* end confdefs.h.  */
| extern "C" {void daxpy_();}
| #ifdef F77_DUMMY_MAIN
| 
| #  ifdef __cplusplus
|      extern "C"
| #  endif
|    int F77_DUMMY_MAIN() { return 1; }
| 
| #endif
| int
| main ()
| {
| daxpy_()
|   ;
|   return 0;
| }
configure:32429: g++ -o conftest -O3 -pipe -DNDEBUG -pedantic-errors -Wparentheses -Wreturn-type -Wcast-qual -Wall -Wpointer-arith -Wwrite-strings -Wconversion -Wno-unknown-pragmas -Wno-long-long   -DCOINUTILS_BUILD   conftest.cc -lblas   -L/usr/lib/gcc/x86_64-redhat-linux/4.8.5 -L/usr/lib/gcc/x86_64-redhat-linux/4.8.5/../../../../lib64 -L/lib/../lib64 -L/usr/lib/../lib64 -L/usr/lib/gcc/x86_64-redhat-linux/4.8.5/../../.. -lgfortran -lm -lquadmath >&5
/bin/ld: cannot find -lblas
collect2: error: ld returned 1 exit status
configure:32435: $? = 1
configure: failed program was:
| /* confdefs.h.  */
| 
| #define PACKAGE_NAME "CoinUtils"
| #define PACKAGE_TARNAME "coinutils"
| #define PACKAGE_VERSION "2.10"
| #define PACKAGE_STRING "CoinUtils 2.10"
| #define PACKAGE_BUGREPORT "http://projects.coin-or.org/CoinUtils"
| #define COINUTILS_VERSION "2.10"
| #define COINUTILS_VERSION_MAJOR 2
| #define COINUTILS_VERSION_MINOR 10
| #define COINUTILS_VERSION_RELEASE 9999
| #define COINUTILS_SVN_REV 1898
| #define COIN_COINUTILS_VERBOSITY 0
| #define COIN_COINUTILS_CHECKLEVEL 0
| #ifdef __cplusplus
| extern "C" void exit (int) throw ();
| #endif
| #define F77_FUNC(name,NAME) name ## _
| #define F77_FUNC_(name,NAME) name ## _
| #define PACKAGE "coinutils"
| #define VERSION "2.10"
| #define STDC_HEADERS 1
| #define HAVE_SYS_TYPES_H 1
| #define HAVE_SYS_STAT_H 1
| #define HAVE_STDLIB_H 1
| #define HAVE_STRING_H 1
| #define HAVE_MEMORY_H 1
| #define HAVE_STRINGS_H 1
| #define HAVE_INTTYPES_H 1
| #define HAVE_STDINT_H 1
| #define HAVE_UNISTD_H 1
| #define HAVE_DLFCN_H 1
| #define HAVE_CMATH 1
| #define HAVE_CFLOAT 1
| #define HAVE_CMATH 1
| #define HAVE_CFLOAT 1
| #define COINUTILS_MEMPOOL_MAXPOOLED -1
| #define HAVE_INTTYPES_H 1
| #define HAVE_STDINT_H 1
| #define COIN_INT64_T int64_t
| #define COIN_UINT64_T int64_t
| #define COIN_INTPTR_T intptr_t
| #define COINUTILS_HAS_STDINT_H 1
| #define HAVE_ENDIAN_H 1
| /* end confdefs.h.  */
| extern "C" {void daxpy_();}
| #ifdef F77_DUMMY_MAIN
| 
| #  ifdef __cplusplus
|      extern "C"
| #  endif
|    int F77_DUMMY_MAIN() { return 1; }
| 
| #endif
| int
| main ()
| {
| daxpy_()
|   ;
|   return 0;
| }
configure:32465: result: no
configure:32489: checking for COIN-OR package Blas
configure:32653: result: not given: No package 'coinblas' found
configure:34684: checking whether -llapack has LAPACK
configure:34961: g++ -o conftest -O3 -pipe -DNDEBUG -pedantic-errors -Wparentheses -Wreturn-type -Wcast-qual -Wall -Wpointer-arith -Wwrite-strings -Wconversion -Wno-unknown-pragmas -Wno-long-long   -DCOINUTILS_BUILD   conftest.cc -llapack   >&5
/bin/ld: cannot find -llapack
collect2: error: ld returned 1 exit status
configure:34967: $? = 1
configure: failed program was:
| /* confdefs.h.  */
| 
| #define PACKAGE_NAME "CoinUtils"
| #define PACKAGE_TARNAME "coinutils"
| #define PACKAGE_VERSION "2.10"
| #define PACKAGE_STRING "CoinUtils 2.10"
| #define PACKAGE_BUGREPORT "http://projects.coin-or.org/CoinUtils"
| #define COINUTILS_VERSION "2.10"
| #define COINUTILS_VERSION_MAJOR 2
| #define COINUTILS_VERSION_MINOR 10
| #define COINUTILS_VERSION_RELEASE 9999
| #define COINUTILS_SVN_REV 1898
| #define COIN_COINUTILS_VERBOSITY 0
| #define COIN_COINUTILS_CHECKLEVEL 0
| #ifdef __cplusplus
| extern "C" void exit (int) throw ();
| #endif
| #define F77_FUNC(name,NAME) name ## _
| #define F77_FUNC_(name,NAME) name ## _
| #define PACKAGE "coinutils"
| #define VERSION "2.10"
| #define STDC_HEADERS 1
| #define HAVE_SYS_TYPES_H 1
| #define HAVE_SYS_STAT_H 1
| #define HAVE_STDLIB_H 1
| #define HAVE_STRING_H 1
| #define HAVE_MEMORY_H 1
| #define HAVE_STRINGS_H 1
| #define HAVE_INTTYPES_H 1
| #define HAVE_STDINT_H 1
| #define HAVE_UNISTD_H 1
| #define HAVE_DLFCN_H 1
| #define HAVE_CMATH 1
| #define HAVE_CFLOAT 1
| #define HAVE_CMATH 1
| #define HAVE_CFLOAT 1
| #define COINUTILS_MEMPOOL_MAXPOOLED -1
| #define HAVE_INTTYPES_H 1
| #define HAVE_STDINT_H 1
| #define COIN_INT64_T int64_t
| #define COIN_UINT64_T int64_t
| #define COIN_INTPTR_T intptr_t
| #define COINUTILS_HAS_STDINT_H 1
| #define HAVE_ENDIAN_H 1
| /* end confdefs.h.  */
| extern "C" {void dsyev_();}
| #ifdef F77_DUMMY_MAIN
| 
| #  ifdef __cplusplus
|      extern "C"
| #  endif
|    int F77_DUMMY_MAIN() { return 1; }
| 
| #endif
| int
| main ()
| {
| dsyev_()
|   ;
|   return 0;
| }
configure:35028: g++ -o conftest -O3 -pipe -DNDEBUG -pedantic-errors -Wparentheses -Wreturn-type -Wcast-qual -Wall -Wpointer-arith -Wwrite-strings -Wconversion -Wno-unknown-pragmas -Wno-long-long   -DCOINUTILS_BUILD   conftest.cc -llapack    -L/usr/lib/gcc/x86_64-redhat-linux/4.8.5 -L/usr/lib/gcc/x86_64-redhat-linux/4.8.5/../../../../lib64 -L/lib/../lib64 -L/usr/lib/../lib64 -L/usr/lib/gcc/x86_64-redhat-linux/4.8.5/../../.. -lgfortran -lm -lquadmath >&5
/bin/ld: cannot find -llapack
collect2: error: ld returned 1 exit status
configure:35034: $? = 1
configure: failed program was:
| /* confdefs.h.  */
| 
| #define PACKAGE_NAME "CoinUtils"
| #define PACKAGE_TARNAME "coinutils"
| #define PACKAGE_VERSION "2.10"
| #define PACKAGE_STRING "CoinUtils 2.10"
| #define PACKAGE_BUGREPORT "http://projects.coin-or.org/CoinUtils"
| #define COINUTILS_VERSION "2.10"
| #define COINUTILS_VERSION_MAJOR 2
| #define COINUTILS_VERSION_MINOR 10
| #define COINUTILS_VERSION_RELEASE 9999
| #define COINUTILS_SVN_REV 1898
| #define COIN_COINUTILS_VERBOSITY 0
| #define COIN_COINUTILS_CHECKLEVEL 0
| #ifdef __cplusplus
| extern "C" void exit (int) throw ();
| #endif
| #define F77_FUNC(name,NAME) name ## _
| #define F77_FUNC_(name,NAME) name ## _
| #define PACKAGE "coinutils"
| #define VERSION "2.10"
| #define STDC_HEADERS 1
| #define HAVE_SYS_TYPES_H 1
| #define HAVE_SYS_STAT_H 1
| #define HAVE_STDLIB_H 1
| #define HAVE_STRING_H 1
| #define HAVE_MEMORY_H 1
| #define HAVE_STRINGS_H 1
| #define HAVE_INTTYPES_H 1
| #define HAVE_STDINT_H 1
| #define HAVE_UNISTD_H 1
| #define HAVE_DLFCN_H 1
| #define HAVE_CMATH 1
| #define HAVE_CFLOAT 1
| #define HAVE_CMATH 1
| #define HAVE_CFLOAT 1
| #define COINUTILS_MEMPOOL_MAXPOOLED -1
| #define HAVE_INTTYPES_H 1
| #define HAVE_STDINT_H 1
| #define COIN_INT64_T int64_t
| #define COIN_UINT64_T int64_t
| #define COIN_INTPTR_T intptr_t
| #define COINUTILS_HAS_STDINT_H 1
| #define HAVE_ENDIAN_H 1
| /* end confdefs.h.  */
| extern "C" {void dsyev_();}
| #ifdef F77_DUMMY_MAIN
| 
| #  ifdef __cplusplus
|      extern "C"
| #  endif
|    int F77_DUMMY_MAIN() { return 1; }
| 
| #endif
| int
| main ()
| {
| dsyev_()
|   ;
|   return 0;
| }
configure:35064: result: no
configure:35088: checking for COIN-OR package Lapack
configure:35252: result: not given: No package 'coinlapack' found
configure:35649: checking for COIN-OR package Glpk
configure:35813: result: not given: No package 'coinglpk' found
configure:36159: checking for COIN-OR package Sample
configure:36290: result: yes: 1.2 
configure:36639: checking for COIN-OR package Netlib
configure:36770: result: yes: 1.2 
configure:37147: checking for zlib.h
configure:37152: result: yes
configure:37295: checking for gzopen in -lz
configure:37365: result: yes
configure:37436: checking bzlib.h usability
configure:37448: g++ -c -O3 -pipe -DNDEBUG -pedantic-errors -Wparentheses -Wreturn-type -Wcast-qual -Wall -Wpointer-arith -Wwrite-strings -Wconversion -Wno-unknown-pragmas -Wno-long-long   -DCOINUTILS_BUILD  conftest.cc >&5
conftest.cc:84:19: fatal error: bzlib.h: No such file or directory
 #include <bzlib.h>
                   ^
compilation terminated.
configure:37454: $? = 1
configure: failed program was:
| /* confdefs.h.  */
| 
| #define PACKAGE_NAME "CoinUtils"
| #define PACKAGE_TARNAME "coinutils"
| #define PACKAGE_VERSION "2.10"
| #define PACKAGE_STRING "CoinUtils 2.10"
| #define PACKAGE_BUGREPORT "http://projects.coin-or.org/CoinUtils"
| #define COINUTILS_VERSION "2.10"
| #define COINUTILS_VERSION_MAJOR 2
| #define COINUTILS_VERSION_MINOR 10
| #define COINUTILS_VERSION_RELEASE 9999
| #define COINUTILS_SVN_REV 1898
| #define COIN_COINUTILS_VERBOSITY 0
| #define COIN_COINUTILS_CHECKLEVEL 0
| #ifdef __cplusplus
| extern "C" void exit (int) throw ();
| #endif
| #define F77_FUNC(name,NAME) name ## _
| #define F77_FUNC_(name,NAME) name ## _
| #define PACKAGE "coinutils"
| #define VERSION "2.10"
| #define STDC_HEADERS 1
| #define HAVE_SYS_TYPES_H 1
| #define HAVE_SYS_STAT_H 1
| #define HAVE_STDLIB_H 1
| #define HAVE_STRING_H 1
| #define HAVE_MEMORY_H 1
| #define HAVE_STRINGS_H 1
| #define HAVE_INTTYPES_H 1
| #define HAVE_STDINT_H 1
| #define HAVE_UNISTD_H 1
| #define HAVE_DLFCN_H 1
| #define HAVE_CMATH 1
| #define HAVE_CFLOAT 1
| #define HAVE_CMATH 1
| #define HAVE_CFLOAT 1
| #define COINUTILS_MEMPOOL_MAXPOOLED -1
| #define HAVE_INTTYPES_H 1
| #define HAVE_STDINT_H 1
| #define COIN_INT64_T int64_t
| #define COIN_UINT64_T int64_t
| #define COIN_INTPTR_T intptr_t
| #define COINUTILS_HAS_STDINT_H 1
| #define HAVE_ENDIAN_H 1
| #define COIN_HAS_SAMPLE 1
| #define COIN_HAS_NETLIB 1
| #define HAVE_ZLIB_H 1
| #define COIN_HAS_ZLIB 1
| /* end confdefs.h.  */
| #include <stdio.h>
| #if HAVE_SYS_TYPES_H
| # include <sys/types.h>
| #endif
| #if HAVE_SYS_STAT_H
| # include <sys/stat.h>
| #endif
| #if STDC_HEADERS
| # include <stdlib.h>
| # include <stddef.h>
| #else
| # if HAVE_STDLIB_H
| #  include <stdlib.h>
| # endif
| #endif
| #if HAVE_STRING_H
| # if !STDC_HEADERS && HAVE_MEMORY_H
| #  include <memory.h>
| # endif
| # include <string.h>
| #endif
| #if HAVE_STRINGS_H
| # include <strings.h>
| #endif
| #if HAVE_INTTYPES_H
| # include <inttypes.h>
| #else
| # if HAVE_STDINT_H
| #  include <stdint.h>
| # endif
| #endif
| #if HAVE_UNISTD_H
| # include <unistd.h>
| #endif
| #include <bzlib.h>
configure:37477: result: no
configure:37481: checking bzlib.h presence
configure:37491: g++ -E  conftest.cc
conftest.cc:50:19: fatal error: bzlib.h: No such file or directory
 #include <bzlib.h>
                   ^
compilation terminated.
configure:37497: $? = 1
configure: failed program was:
| /* confdefs.h.  */
| 
| #define PACKAGE_NAME "CoinUtils"
| #define PACKAGE_TARNAME "coinutils"
| #define PACKAGE_VERSION "2.10"
| #define PACKAGE_STRING "CoinUtils 2.10"
| #define PACKAGE_BUGREPORT "http://projects.coin-or.org/CoinUtils"
| #define COINUTILS_VERSION "2.10"
| #define COINUTILS_VERSION_MAJOR 2
| #define COINUTILS_VERSION_MINOR 10
| #define COINUTILS_VERSION_RELEASE 9999
| #define COINUTILS_SVN_REV 1898
| #define COIN_COINUTILS_VERBOSITY 0
| #define COIN_COINUTILS_CHECKLEVEL 0
| #ifdef __cplusplus
| extern "C" void exit (int) throw ();
| #endif
| #define F77_FUNC(name,NAME) name ## _
| #define F77_FUNC_(name,NAME) name ## _
| #define PACKAGE "coinutils"
| #define VERSION "2.10"
| #define STDC_HEADERS 1
| #define HAVE_SYS_TYPES_H 1
| #define HAVE_SYS_STAT_H 1
| #define HAVE_STDLIB_H 1
| #define HAVE_STRING_H 1
| #define HAVE_MEMORY_H 1
| #define HAVE_STRINGS_H 1
| #define HAVE_INTTYPES_H 1
| #define HAVE_STDINT_H 1
| #define HAVE_UNISTD_H 1
| #define HAVE_DLFCN_H 1
| #define HAVE_CMATH 1
| #define HAVE_CFLOAT 1
| #define HAVE_CMATH 1
| #define HAVE_CFLOAT 1
| #define COINUTILS_MEMPOOL_MAXPOOLED -1
| #define HAVE_INTTYPES_H 1
| #define HAVE_STDINT_H 1
| #define COIN_INT64_T int64_t
| #define COIN_UINT64_T int64_t
| #define COIN_INTPTR_T intptr_t
| #define COINUTILS_HAS_STDINT_H 1
| #define HAVE_ENDIAN_H 1
| #define COIN_HAS_SAMPLE 1
| #define COIN_HAS_NETLIB 1
| #define HAVE_ZLIB_H 1
| #define COIN_HAS_ZLIB 1
| /* end confdefs.h.  */
| #include <bzlib.h>
configure:37517: result: no
configure:37552: checking for bzlib.h
configure:37559: result: no
configure:38004: checking whether this is a VPATH configuration
configure:38011: result: no
configure:38031: configuring doxygen documentation options
configure:38038: checking for doxygen
configure:38065: result: yes
configure:38074: checking for latex
configure:38101: result: no
configure:38129: checking for dot
configure:38156: result: NO
configure:38268: checking which command should be used to link input files
configure:38276: result: ln -s
configure:38610: creating ./config.status

## ---------------------- ##
## Running config.status. ##
## ---------------------- ##

This file was extended by CoinUtils config.status 2.10, which was
generated by GNU Autoconf 2.59.  Invocation command line was

  CONFIG_FILES    = 
  CONFIG_HEADERS  = 
  CONFIG_LINKS    = 
  CONFIG_COMMANDS = 
  $ ./config.status 

on alfalfal.cdecsic.cl

config.status:839: creating Makefile
config.status:839: creating src/Makefile
config.status:839: creating test/Makefile
config.status:839: creating coinutils.pc
config.status:839: creating coinutils-uninstalled.pc
config.status:839: creating doxydoc/doxygen.conf
config.status:943: creating src/config.h
config.status:943: creating src/config_coinutils.h
config.status:1299: executing depfiles commands
configure:40100: In case of trouble, first consult the troubleshooting page at https://projects.coin-or.org/BuildTools/wiki/user-troubleshooting
configure:40103: Configuration of CoinUtils successful

## ---------------- ##
## Cache variables. ##
## ---------------- ##

ac_cv_build=x86_64-unknown-linux-gnu
ac_cv_build_alias=x86_64-unknown-linux-gnu
ac_cv_c_compiler_gnu=yes
ac_cv_cxx_compiler_gnu=yes
ac_cv_env_ADD_CFLAGS_set=
ac_cv_env_ADD_CFLAGS_value=
ac_cv_env_ADD_CXXFLAGS_set=
ac_cv_env_ADD_CXXFLAGS_value=
ac_cv_env_ADD_FFLAGS_set=
ac_cv_env_ADD_FFLAGS_value=
ac_cv_env_CC_set=
ac_cv_env_CC_value=
ac_cv_env_CDEFS_set=
ac_cv_env_CDEFS_value=
ac_cv_env_CFLAGS_set=
ac_cv_env_CFLAGS_value=
ac_cv_env_COIN_SKIP_PROJECTS_set=
ac_cv_env_COIN_SKIP_PROJECTS_value=
ac_cv_env_CPPFLAGS_set=
ac_cv_env_CPPFLAGS_value=
ac_cv_env_CPP_set=
ac_cv_env_CPP_value=
ac_cv_env_CXXCPP_set=
ac_cv_env_CXXCPP_value=
ac_cv_env_CXXDEFS_set=
ac_cv_env_CXXDEFS_value=
ac_cv_env_CXXFLAGS_set=
ac_cv_env_CXXFLAGS_value=
ac_cv_env_CXX_set=
ac_cv_env_CXX_value=
ac_cv_env_DBG_CFLAGS_set=
ac_cv_env_DBG_CFLAGS_value=
ac_cv_env_DBG_CXXFLAGS_set=
ac_cv_env_DBG_CXXFLAGS_value=
ac_cv_env_DBG_FFLAGS_set=
ac_cv_env_DBG_FFLAGS_value=
ac_cv_env_F77_set=
ac_cv_env_F77_value=
ac_cv_env_FFLAGS_set=
ac_cv_env_FFLAGS_value=
ac_cv_env_LDFLAGS_set=
ac_cv_env_LDFLAGS_value=
ac_cv_env_MPICC_set=
ac_cv_env_MPICC_value=
ac_cv_env_MPICXX_set=
ac_cv_env_MPICXX_value=
ac_cv_env_MPIF77_set=
ac_cv_env_MPIF77_value=
ac_cv_env_OPT_CFLAGS_set=
ac_cv_env_OPT_CFLAGS_value=
ac_cv_env_OPT_CXXFLAGS_set=
ac_cv_env_OPT_CXXFLAGS_value=
ac_cv_env_OPT_FFLAGS_set=
ac_cv_env_OPT_FFLAGS_value=
ac_cv_env_PKG_CONFIG_set=
ac_cv_env_PKG_CONFIG_value=
ac_cv_env_build_alias_set=
ac_cv_env_build_alias_value=
ac_cv_env_host_alias_set=
ac_cv_env_host_alias_value=
ac_cv_env_target_alias_set=
ac_cv_env_target_alias_value=
ac_cv_exeext=
ac_cv_f77_compiler_gnu=yes
ac_cv_f77_dummy_main=none
ac_cv_f77_libs=' -L/usr/lib/gcc/x86_64-redhat-linux/4.8.5 -L/usr/lib/gcc/x86_64-redhat-linux/4.8.5/../../../../lib64 -L/lib/../lib64 -L/usr/lib/../lib64 -L/usr/lib/gcc/x86_64-redhat-linux/4.8.5/../../.. -lgfortran -lm -lquadmath'
ac_cv_f77_mangling='lower case, underscore, no extra underscore'
ac_cv_fortran_dummy_main=none
ac_cv_have_decl__finite=no
ac_cv_have_decl__isnan=no
ac_cv_have_decl_finite=no
ac_cv_have_decl_isfinite=no
ac_cv_have_decl_isnan=no
ac_cv_have_decl_isnand=no
ac_cv_have_decl_std__isnan_42_42_=no
ac_cv_header_bzlib_h=no
ac_cv_header_cfloat=yes
ac_cv_header_cieeefp=no
ac_cv_header_cinttypes=no
ac_cv_header_cmath=yes
ac_cv_header_cstdint=no
ac_cv_header_dlfcn_h=yes
ac_cv_header_endian_h=yes
ac_cv_header_ieeefp_h=no
ac_cv_header_inttypes_h=yes
ac_cv_header_memory_h=yes
ac_cv_header_stdc=yes
ac_cv_header_stdint_h=yes
ac_cv_header_stdlib_h=yes
ac_cv_header_string_h=yes
ac_cv_header_strings_h=yes
ac_cv_header_sys_stat_h=yes
ac_cv_header_sys_types_h=yes
ac_cv_header_unistd_h=yes
ac_cv_header_windows_h=no
ac_cv_header_zlib_h=yes
ac_cv_host=x86_64-unknown-linux-gnu
ac_cv_host_alias=x86_64-unknown-linux-gnu
ac_cv_lib_z_gzopen=yes
ac_cv_objext=o
ac_cv_path_install='/bin/install -c'
ac_cv_prog_AWK=gawk
ac_cv_prog_CPP='gcc -E'
ac_cv_prog_CXXCPP='g++ -E'
ac_cv_prog_ac_ct_AR=ar
ac_cv_prog_ac_ct_CC=gcc
ac_cv_prog_ac_ct_CXX=g++
ac_cv_prog_ac_ct_F77=gfortran
ac_cv_prog_ac_ct_PKG_CONFIG=pkg-config
ac_cv_prog_ac_ct_RANLIB=ranlib
ac_cv_prog_ac_ct_STRIP=strip
ac_cv_prog_cc_g=yes
ac_cv_prog_cc_stdc=
ac_cv_prog_coin_doxy_usedot=NO
ac_cv_prog_coin_have_doxygen=yes
ac_cv_prog_coin_have_latex=no
ac_cv_prog_cxx_g=yes
ac_cv_prog_egrep='grep -E'
ac_cv_prog_f77_g=yes
ac_cv_prog_f77_v=-v
ac_cv_prog_have_svnversion=yes
ac_cv_prog_make_make_set=yes
ac_cv_type_int64_t=yes
ac_cv_type_intptr_t=yes
am_cv_CC_dependencies_compiler_type=gcc3
am_cv_CXX_dependencies_compiler_type=gcc3
lt_cv_deplibs_check_method=pass_all
lt_cv_file_magic_cmd='$MAGIC_CMD'
lt_cv_file_magic_test_file=
lt_cv_ld_reload_flag=-r
lt_cv_objdir=.libs
lt_cv_path_LD=/bin/ld
lt_cv_path_LDCXX='/bin/ld -m elf_x86_64'
lt_cv_path_NM='/bin/nm -B'
lt_cv_path_SED=/bin/sed
lt_cv_prog_compiler_c_o=yes
lt_cv_prog_compiler_c_o_CXX=yes
lt_cv_prog_compiler_c_o_F77=yes
lt_cv_prog_compiler_rtti_exceptions=no
lt_cv_prog_gnu_ld=yes
lt_cv_prog_gnu_ldcxx=yes
lt_cv_sys_global_symbol_pipe='sed -n -e '\''s/^.*[ 	]\([ABCDGIRSTW][ABCDGIRSTW]*\)[ 	][ 	]*\([_A-Za-z][_A-Za-z0-9]*\)$/\1 \2 \2/p'\'''
lt_cv_sys_global_symbol_to_c_name_address='sed -n -e '\''s/^: \([^ ]*\) $/  {\"\1\", (lt_ptr) 0},/p'\'' -e '\''s/^[BCDEGRST] \([^ ]*\) \([^ ]*\)$/  {"\2", (lt_ptr) \&\2},/p'\'''
lt_cv_sys_global_symbol_to_cdecl='sed -n -e '\''s/^. .* \(.*\)$/extern int \1;/p'\'''
lt_cv_sys_max_cmd_len=32768
lt_lt_cv_prog_compiler_c_o='"yes"'
lt_lt_cv_prog_compiler_c_o_CXX='"yes"'
lt_lt_cv_prog_compiler_c_o_F77='"yes"'
lt_lt_cv_sys_global_symbol_pipe='"sed -n -e '\''s/^.*[ 	]\\([ABCDGIRSTW][ABCDGIRSTW]*\\)[ 	][ 	]*\\([_A-Za-z][_A-Za-z0-9]*\\)\$/\\1 \\2 \\2/p'\''"'
lt_lt_cv_sys_global_symbol_to_c_name_address='"sed -n -e '\''s/^: \\([^ ]*\\) \$/  {\\\"\\1\\\", (lt_ptr) 0},/p'\'' -e '\''s/^[BCDEGRST] \\([^ ]*\\) \\([^ ]*\\)\$/  {\"\\2\", (lt_ptr) \\&\\2},/p'\''"'
lt_lt_cv_sys_global_symbol_to_cdecl='"sed -n -e '\''s/^. .* \\(.*\\)\$/extern int \\1;/p'\''"'

## ----------------- ##
## Output variables. ##
## ----------------- ##

ABSBUILDDIR='/home/rcardenas/modelos/CLP1.16-CDEC/CoinUtils'
ACLOCAL='${SHELL} /home/rcardenas/modelos/CLP1.16-CDEC/CoinUtils/missing --run aclocal-1.9'
ADD_CFLAGS=''
ADD_CXXFLAGS=''
ADD_FFLAGS=''
ALWAYS_FALSE_FALSE=''
ALWAYS_FALSE_TRUE='#'
AMDEPBACKSLASH='\'
AMDEP_FALSE='#'
AMDEP_TRUE=''
AMTAR='${SHELL} /home/rcardenas/modelos/CLP1.16-CDEC/CoinUtils/missing --run tar'
AR='ar'
AUTOCONF='${SHELL} /home/rcardenas/modelos/CLP1.16-CDEC/CoinUtils/missing --run autoconf'
AUTOHEADER='${SHELL} /home/rcardenas/modelos/CLP1.16-CDEC/CoinUtils/missing --run autoheader'
AUTOMAKE='${SHELL} /home/rcardenas/modelos/CLP1.16-CDEC/CoinUtils/missing --run automake-1.9'
AUX_DIR=''
AWK='gawk'
BLAS_CFLAGS=''
BLAS_CFLAGS_INSTALLED=''
BLAS_DATA=''
BLAS_DATA_INSTALLED=''
BLAS_DEPENDENCIES=''
BLAS_LIBS=''
BLAS_LIBS_INSTALLED=''
BUILDTOOLSDIR=''
CC='gcc'
CCDEPMODE='depmode=gcc3'
CDEFS=''
CFLAGS='-O3 -pipe -DNDEBUG -pedantic-errors -Wimplicit -Wparentheses -Wsequence-point -Wreturn-type -Wcast-qual -Wall -Wno-unknown-pragmas -Wno-long-long   -DCOINUTILS_BUILD'
COINUTILSLIB_CFLAGS=''
COINUTILSLIB_CFLAGS_INSTALLED=''
COINUTILSLIB_DEPENDENCIES=''
COINUTILSLIB_LIBS='-lz -lm '
COINUTILSLIB_LIBS_INSTALLED='-lz -lm '
COINUTILSLIB_PCLIBS='-lz -lm '
COINUTILSLIB_PCREQUIRES=''
COINUTILS_SVN_REV='1898'
COIN_CC_IS_CL_FALSE=''
COIN_CC_IS_CL_TRUE='#'
COIN_CXX_IS_CL_FALSE=''
COIN_CXX_IS_CL_TRUE='#'
COIN_HAS_BLAS_FALSE=''
COIN_HAS_BLAS_TRUE='#'
COIN_HAS_DOXYGEN_FALSE='#'
COIN_HAS_DOXYGEN_TRUE=''
COIN_HAS_GLPK_FALSE=''
COIN_HAS_GLPK_TRUE='#'
COIN_HAS_LAPACK_FALSE=''
COIN_HAS_LAPACK_TRUE='#'
COIN_HAS_LATEX_FALSE=''
COIN_HAS_LATEX_TRUE='#'
COIN_HAS_NETLIB_FALSE='#'
COIN_HAS_NETLIB_TRUE=''
COIN_HAS_PKGCONFIG_FALSE='#'
COIN_HAS_PKGCONFIG_TRUE=''
COIN_HAS_SAMPLE_FALSE='#'
COIN_HAS_SAMPLE_TRUE=''
COIN_HAS_ZLIB_FALSE='#'
COIN_HAS_ZLIB_TRUE=''
COIN_PKG_CONFIG_PATH='/opt/cdec-clp//lib64/pkgconfig:/opt/cdec-clp//lib/pkgconfig:/opt/cdec-clp//share/pkgconfig:'
COIN_PKG_CONFIG_PATH_UNINSTALLED='/home/rcardenas/modelos/CLP1.16-CDEC/Clp:/home/rcardenas/modelos/CLP1.16-CDEC/Osi:/home/rcardenas/modelos/CLP1.16-CDEC/CoinUtils:/home/rcardenas/modelos/CLP1.16-CDEC/Data/Netlib:/home/rcardenas/modelos/CLP1.16-CDEC/Data/Sample:'
CPP='gcc -E'
CPPFLAGS=''
CXX='g++'
CXXCPP='g++ -E'
CXXDEFS=''
CXXDEPMODE='depmode=gcc3'
CXXFLAGS='-O3 -pipe -DNDEBUG -pedantic-errors -Wparentheses -Wreturn-type -Wcast-qual -Wall -Wpointer-arith -Wwrite-strings -Wconversion -Wno-unknown-pragmas -Wno-long-long   -DCOINUTILS_BUILD'
CYGPATH_W='echo'
DBG_CFLAGS='-g -O0 -pipe -pedantic-errors -Wimplicit -Wparentheses -Wsequence-point -Wreturn-type -Wcast-qual -Wall -Wno-unknown-pragmas -Wno-long-long  '
DBG_CXXFLAGS='-g -O0 -pipe -pedantic-errors -Wparentheses -Wreturn-type -Wcast-qual -Wall -Wpointer-arith -Wwrite-strings -Wconversion -Wno-unknown-pragmas -Wno-long-long  '
DBG_FFLAGS='-g -O0 -pipe  '
DEFS='-DHAVE_CONFIG_H'
DEPDIR='.deps'
DEPENDENCY_LINKING_FALSE='#'
DEPENDENCY_LINKING_TRUE=''
ECHO='echo'
ECHO_C=''
ECHO_N='-n'
ECHO_T=''
EGREP='grep -E'
EXEEXT=''
F77='gfortran'
FFLAGS='-O3 -pipe  '
FLIBS=' -L/usr/lib/gcc/x86_64-redhat-linux/4.8.5 -L/usr/lib/gcc/x86_64-redhat-linux/4.8.5/../../../../lib64 -L/lib/../lib64 -L/usr/lib/../lib64 -L/usr/lib/gcc/x86_64-redhat-linux/4.8.5/../../.. -lgfortran -lm -lquadmath'
GLPK_CFLAGS=''
GLPK_CFLAGS_INSTALLED=''
GLPK_DATA=''
GLPK_DATA_INSTALLED=''
GLPK_DEPENDENCIES=''
GLPK_LIBS=''
GLPK_LIBS_INSTALLED=''
HAVE_EXTERNALS_FALSE=''
HAVE_EXTERNALS_TRUE='#'
INSTALL_DATA='${INSTALL} -m 644'
INSTALL_PROGRAM='${INSTALL}'
INSTALL_SCRIPT='${INSTALL}'
INSTALL_STRIP_PROGRAM='${SHELL} $(install_sh) -c -s'
LAPACK_CFLAGS=''
LAPACK_CFLAGS_INSTALLED=''
LAPACK_DATA=''
LAPACK_DATA_INSTALLED=''
LAPACK_DEPENDENCIES=''
LAPACK_LIBS=''
LAPACK_LIBS_INSTALLED=''
LDFLAGS=''
LIBEXT='a'
LIBOBJS=''
LIBS=''
LIBTOOL='$(SHELL) $(top_builddir)/../libtool'
LIBTOOLM4=''
LN_S='ln -s'
LTLIBOBJS=''
LT_LDFLAGS='-no-undefined'
MAINT='#'
MAINTAINER_MODE_FALSE=''
MAINTAINER_MODE_TRUE='#'
MAKEINFO='${SHELL} /home/rcardenas/modelos/CLP1.16-CDEC/CoinUtils/missing --run makeinfo'
MPICC=''
MPICXX=''
MPIF77=''
NETLIB_CFLAGS=' '
NETLIB_CFLAGS_INSTALLED=''
NETLIB_DATA='/home/rcardenas/modelos/CLP1.16-CDEC/Data/Netlib'
NETLIB_DATA_INSTALLED=''
NETLIB_DEPENDENCIES='  '
NETLIB_LIBS=' '
NETLIB_LIBS_INSTALLED=''
OBJEXT='o'
OPT_CFLAGS='-O3 -pipe -DNDEBUG -pedantic-errors -Wimplicit -Wparentheses -Wsequence-point -Wreturn-type -Wcast-qual -Wall -Wno-unknown-pragmas -Wno-long-long  '
OPT_CXXFLAGS='-O3 -pipe -DNDEBUG -pedantic-errors -Wparentheses -Wreturn-type -Wcast-qual -Wall -Wpointer-arith -Wwrite-strings -Wconversion -Wno-unknown-pragmas -Wno-long-long  '
OPT_FFLAGS='-O3 -pipe  '
PACKAGE='coinutils'
PACKAGE_BUGREPORT='http://projects.coin-or.org/CoinUtils'
PACKAGE_NAME='CoinUtils'
PACKAGE_STRING='CoinUtils 2.10'
PACKAGE_TARNAME='coinutils'
PACKAGE_VERSION='2.10'
PATH_SEPARATOR=':'
PKG_CONFIG='pkg-config'
RANLIB='ranlib'
RPATH_FLAGS=' -Wl,--rpath -Wl,/home/rcardenas/modelos/CLP1.16-CDEC/lib'
SAMPLE_CFLAGS=' '
SAMPLE_CFLAGS_INSTALLED=''
SAMPLE_DATA='/home/rcardenas/modelos/CLP1.16-CDEC/Data/Sample'
SAMPLE_DATA_INSTALLED=''
SAMPLE_DEPENDENCIES='  '
SAMPLE_LIBS=' '
SAMPLE_LIBS_INSTALLED=''
SET_MAKE=''
SHELL='/bin/sh'
STRIP='strip'
VERSION='2.10'
VPATH_DISTCLEANFILES=''
abs_bin_dir='/home/rcardenas/modelos/CLP1.16-CDEC/CoinUtils/bin'
abs_include_dir='/home/rcardenas/modelos/CLP1.16-CDEC/CoinUtils/include'
abs_lib_dir='/home/rcardenas/modelos/CLP1.16-CDEC/CoinUtils/lib'
abs_source_dir='/home/rcardenas/modelos/CLP1.16-CDEC/CoinUtils'
ac_c_preproc_warn_flag=''
ac_ct_AR='ar'
ac_ct_CC='gcc'
ac_ct_CXX='g++'
ac_ct_F77='gfortran'
ac_ct_PKG_CONFIG='pkg-config'
ac_ct_RANLIB='ranlib'
ac_ct_STRIP='strip'
ac_cxx_preproc_warn_flag=''
am__fastdepCC_FALSE='#'
am__fastdepCC_TRUE=''
am__fastdepCXX_FALSE='#'
am__fastdepCXX_TRUE=''
am__include='include'
am__leading_dot='.'
am__quote=''
am__tar='${AMTAR} chof - "$$tardir"'
am__untar='${AMTAR} xf -'
bindir='${exec_prefix}/bin'
build='x86_64-unknown-linux-gnu'
build_alias=''
build_cpu='x86_64'
build_os='linux-gnu'
build_vendor='unknown'
coin_doxy_excludes=''
coin_doxy_logname='doxydoc/coinutils_doxy.log'
coin_doxy_tagfiles=''
coin_doxy_tagname='doxydoc/coinutils_doxy.tag'
coin_doxy_usedot='NO'
coin_have_doxygen='yes'
coin_have_latex='no'
datadir='${prefix}/share'
exec_prefix='${prefix}'
have_autoconf=''
have_automake=''
have_svn=''
have_svnversion='yes'
host='x86_64-unknown-linux-gnu'
host_alias=''
host_cpu='x86_64'
host_os='linux-gnu'
host_vendor='unknown'
includedir='${prefix}/include'
infodir='${prefix}/info'
install_sh='/home/rcardenas/modelos/CLP1.16-CDEC/CoinUtils/install-sh'
libdir='${exec_prefix}/lib'
libexecdir='${exec_prefix}/libexec'
localstatedir='${prefix}/var'
mandir='${prefix}/man'
mkdir_p='mkdir -p --'
oldincludedir='/usr/include'
prefix='/opt/cdec-clp/'
program_transform_name='s,x,x,'
sbindir='${exec_prefix}/sbin'
sharedstatedir='${prefix}/com'
sol_cc_compiler=''
sysconfdir='${prefix}/etc'
target_alias=''

## ----------- ##
## confdefs.h. ##
## ----------- ##

#define COINUTILS_HAS_STDINT_H 1
#define COINUTILS_MEMPOOL_MAXPOOLED -1
#define COINUTILS_SVN_REV 1898
#define COINUTILS_VERSION "2.10"
#define COINUTILS_VERSION_MAJOR 2
#define COINUTILS_VERSION_MINOR 10
#define COINUTILS_VERSION_RELEASE 9999
#define COIN_COINUTILS_CHECKLEVEL 0
#define COIN_COINUTILS_VERBOSITY 0
#define COIN_HAS_NETLIB 1
#define COIN_HAS_SAMPLE 1
#define COIN_HAS_ZLIB 1
#define COIN_INT64_T int64_t
#define COIN_INTPTR_T intptr_t
#define COIN_UINT64_T int64_t
#define F77_FUNC(name,NAME) name ## _
#define F77_FUNC_(name,NAME) name ## _
#define HAVE_CFLOAT 1
#define HAVE_CFLOAT 1
#define HAVE_CMATH 1
#define HAVE_CMATH 1
#define HAVE_DLFCN_H 1
#define HAVE_ENDIAN_H 1
#define HAVE_INTTYPES_H 1
#define HAVE_INTTYPES_H 1
#define HAVE_MEMORY_H 1
#define HAVE_STDINT_H 1
#define HAVE_STDINT_H 1
#define HAVE_STDLIB_H 1
#define HAVE_STRINGS_H 1
#define HAVE_STRING_H 1
#define HAVE_SYS_STAT_H 1
#define HAVE_SYS_TYPES_H 1
#define HAVE_UNISTD_H 1
#define HAVE_ZLIB_H 1
#define PACKAGE "coinutils"
#define PACKAGE_BUGREPORT "http://projects.coin-or.org/CoinUtils"
#define PACKAGE_NAME "CoinUtils"
#define PACKAGE_STRING "CoinUtils 2.10"
#define PACKAGE_TARNAME "coinutils"
#define PACKAGE_VERSION "2.10"
#define STDC_HEADERS 1
#define VERSION "2.10"
#endif
#ifdef __cplusplus
extern "C" void exit (int) throw ();

configure: exit 0
