This file contains any messages produced by compilers while
running configure, to aid debugging if configure makes a mistake.

It was created by Clp configure 1.16, which was
generated by GNU Autoconf 2.59.  Invocation command line was

  $ ./configure --prefix=/opt/cdec-clp/ -C --prefix=/opt/cdec-clp/ --with-gurobi-incdir=/opt/gurobi/linux64/include/ --with-gurobi-lib=/opt/gurobi/linux64/lib/libgurobi60.so --disable-gurobi-libcheck --with-cplex-incdir=/opt/cplex/cplex/include/ilcplex --with-cplex-lib=/opt/cplex/cplex/lib/x86-64_linux/static_pic/libcplex.a --disable-cplex-libcheck --cache-file=../config.cache --srcdir=.

## --------- ##
## Platform. ##
## --------- ##

hostname = alfalfal.cdecsic.cl
uname -m = x86_64
uname -r = 3.10.0-327.4.5.el7.x86_64
uname -s = Linux
uname -v = #1 SMP Mon Jan 25 22:07:14 UTC 2016

/usr/bin/uname -p = x86_64
/bin/uname -X     = unknown

/bin/arch              = x86_64
/usr/bin/arch -k       = unknown
/usr/convex/getsysinfo = unknown
hostinfo               = unknown
/bin/machine           = unknown
/usr/bin/oslevel       = unknown
/bin/universe          = unknown

PATH: /sbin
PATH: /bin
PATH: /usr/sbin
PATH: /usr/bin


## ----------- ##
## Core tests. ##
## ----------- ##

configure:1571: loading cache ../config.cache
configure:1716: checking build system type
configure:1734: result: x86_64-unknown-linux-gnu
configure:1807: checking for svnversion
configure:1834: result: yes
configure:1863: checking whether we want to compile in debug mode
configure:1909: result: no
configure:2159: checking for gcc
configure:2185: result: gcc
configure:2206: checking for C compiler version
configure:2209: gcc --version </dev/null >&5
gcc (GCC) 4.8.5 20150623 (Red Hat 4.8.5-4)
Copyright (C) 2015 Free Software Foundation, Inc.
This is free software; see the source for copying conditions.  There is NO
warranty; not even for MERCHANTABILITY or FITNESS FOR A PARTICULAR PURPOSE.

configure:2212: $? = 0
configure:2214: gcc -v </dev/null >&5
Using built-in specs.
COLLECT_GCC=gcc
COLLECT_LTO_WRAPPER=/usr/libexec/gcc/x86_64-redhat-linux/4.8.5/lto-wrapper
Target: x86_64-redhat-linux
Configured with: ../configure --prefix=/usr --mandir=/usr/share/man --infodir=/usr/share/info --with-bugurl=http://bugzilla.redhat.com/bugzilla --enable-bootstrap --enable-shared --enable-threads=posix --enable-checking=release --with-system-zlib --enable-__cxa_atexit --disable-libunwind-exceptions --enable-gnu-unique-object --enable-linker-build-id --with-linker-hash-style=gnu --enable-languages=c,c++,objc,obj-c++,java,fortran,ada,go,lto --enable-plugin --enable-initfini-array --disable-libgcj --with-isl=/builddir/build/BUILD/gcc-4.8.5-20150702/obj-x86_64-redhat-linux/isl-install --with-cloog=/builddir/build/BUILD/gcc-4.8.5-20150702/obj-x86_64-redhat-linux/cloog-install --enable-gnu-indirect-function --with-tune=generic --with-arch_32=x86-64 --build=x86_64-redhat-linux
Thread model: posix
gcc version 4.8.5 20150623 (Red Hat 4.8.5-4) (GCC) 
configure:2217: $? = 0
configure:2219: gcc -V </dev/null >&5
gcc: error: unrecognized command line option '-V'
gcc: fatal error: no input files
compilation terminated.
configure:2222: $? = 4
configure:2245: checking for C compiler default output file name
configure:2248: gcc    conftest.c  >&5
configure:2251: $? = 0
configure:2297: result: a.out
configure:2302: checking whether the C compiler works
configure:2308: ./a.out
configure:2311: $? = 0
configure:2328: result: yes
configure:2335: checking whether we are cross compiling
configure:2337: result: no
configure:2340: checking for suffix of executables
configure:2342: gcc -o conftest    conftest.c  >&5
configure:2345: $? = 0
configure:2370: result: 
configure:2376: checking for suffix of object files
configure:2422: result: o
configure:2426: checking whether we are using the GNU C compiler
configure:2482: result: yes
configure:2488: checking whether gcc accepts -g
configure:2539: result: yes
configure:2556: checking for gcc option to accept ANSI C
configure:2663: result: none needed
configure:2681: gcc -c -g -O2  conftest.c >&5
conftest.c:2:3: error: unknown type name 'choke'
   choke me
   ^
conftest.c:2:3: error: expected '=', ',', ';', 'asm' or '__attribute__' at end of input
configure:2687: $? = 1
configure: failed program was:
| #ifndef __cplusplus
|   choke me
| #endif
configure:3115: gcc -o conftest -O3 -pipe -DNDEBUG -pedantic-errors -Wimplicit -Wparentheses -Wsequence-point -Wreturn-type -Wcast-qual -Wall -Wno-unknown-pragmas -Wno-long-long   -DCLP_BUILD   conftest.c  >&5
configure:3121: $? = 0
configure:3125: test -z 
			 || test ! -s conftest.err
configure:3128: $? = 0
configure:3131: test -s conftest
configure:3134: $? = 0
configure:3201: C compiler options are: -O3 -pipe -DNDEBUG -pedantic-errors -Wimplicit -Wparentheses -Wsequence-point -Wreturn-type -Wcast-qual -Wall -Wno-unknown-pragmas -Wno-long-long   -DCLP_BUILD
configure:3316: checking for g++
configure:3342: result: g++
configure:3358: checking for C++ compiler version
configure:3361: g++ --version </dev/null >&5
g++ (GCC) 4.8.5 20150623 (Red Hat 4.8.5-4)
Copyright (C) 2015 Free Software Foundation, Inc.
This is free software; see the source for copying conditions.  There is NO
warranty; not even for MERCHANTABILITY or FITNESS FOR A PARTICULAR PURPOSE.

configure:3364: $? = 0
configure:3366: g++ -v </dev/null >&5
Using built-in specs.
COLLECT_GCC=g++
COLLECT_LTO_WRAPPER=/usr/libexec/gcc/x86_64-redhat-linux/4.8.5/lto-wrapper
Target: x86_64-redhat-linux
Configured with: ../configure --prefix=/usr --mandir=/usr/share/man --infodir=/usr/share/info --with-bugurl=http://bugzilla.redhat.com/bugzilla --enable-bootstrap --enable-shared --enable-threads=posix --enable-checking=release --with-system-zlib --enable-__cxa_atexit --disable-libunwind-exceptions --enable-gnu-unique-object --enable-linker-build-id --with-linker-hash-style=gnu --enable-languages=c,c++,objc,obj-c++,java,fortran,ada,go,lto --enable-plugin --enable-initfini-array --disable-libgcj --with-isl=/builddir/build/BUILD/gcc-4.8.5-20150702/obj-x86_64-redhat-linux/isl-install --with-cloog=/builddir/build/BUILD/gcc-4.8.5-20150702/obj-x86_64-redhat-linux/cloog-install --enable-gnu-indirect-function --with-tune=generic --with-arch_32=x86-64 --build=x86_64-redhat-linux
Thread model: posix
gcc version 4.8.5 20150623 (Red Hat 4.8.5-4) (GCC) 
configure:3369: $? = 0
configure:3371: g++ -V </dev/null >&5
g++: error: unrecognized command line option '-V'
g++: fatal error: no input files
compilation terminated.
configure:3374: $? = 4
configure:3377: checking whether we are using the GNU C++ compiler
configure:3433: result: yes
configure:3439: checking whether g++ accepts -g
configure:3490: result: yes
configure:3532: g++ -c -g -O2  conftest.cc >&5
configure:3538: $? = 0
configure:3542: test -z 
			 || test ! -s conftest.err
configure:3545: $? = 0
configure:3548: test -s conftest.o
configure:3551: $? = 0
configure:3577: g++ -c -g -O2  conftest.cc >&5
conftest.cc: In function 'int main()':
conftest.cc:20:9: error: 'exit' was not declared in this scope
 exit (42);
         ^
configure:3583: $? = 1
configure: failed program was:
| /* confdefs.h.  */
| 
| #define PACKAGE_NAME "Clp"
| #define PACKAGE_TARNAME "clp"
| #define PACKAGE_VERSION "1.16"
| #define PACKAGE_STRING "Clp 1.16"
| #define PACKAGE_BUGREPORT "clp@list.coin-or.org"
| #define CLP_VERSION "1.16"
| #define CLP_VERSION_MAJOR 1
| #define CLP_VERSION_MINOR 16
| #define CLP_VERSION_RELEASE 9999
| #define CLP_SVN_REV 2216
| #define COIN_CLP_VERBOSITY 0
| #define COIN_CLP_CHECKLEVEL 0
| /* end confdefs.h.  */
| 
| int
| main ()
| {
| exit (42);
|   ;
|   return 0;
| }
configure:3532: g++ -c -g -O2  conftest.cc >&5
conftest.cc:16:40: error: 'void std::exit(int)' should have been declared inside 'std'
 extern "C" void std::exit (int) throw (); using std::exit;
                                        ^
configure:3538: $? = 1
configure: failed program was:
| /* confdefs.h.  */
| 
| #define PACKAGE_NAME "Clp"
| #define PACKAGE_TARNAME "clp"
| #define PACKAGE_VERSION "1.16"
| #define PACKAGE_STRING "Clp 1.16"
| #define PACKAGE_BUGREPORT "clp@list.coin-or.org"
| #define CLP_VERSION "1.16"
| #define CLP_VERSION_MAJOR 1
| #define CLP_VERSION_MINOR 16
| #define CLP_VERSION_RELEASE 9999
| #define CLP_SVN_REV 2216
| #define COIN_CLP_VERBOSITY 0
| #define COIN_CLP_CHECKLEVEL 0
| /* end confdefs.h.  */
| extern "C" void std::exit (int) throw (); using std::exit;
| #include <stdlib.h>
| int
| main ()
| {
| exit (42);
|   ;
|   return 0;
| }
configure:3532: g++ -c -g -O2  conftest.cc >&5
conftest.cc:16:31: error: 'void std::exit(int)' should have been declared inside 'std'
 extern "C" void std::exit (int); using std::exit;
                               ^
In file included from conftest.cc:17:0:
/usr/include/stdlib.h:542:70: error: declaration of 'void std::exit(int) throw ()' has a different exception specifier
 extern void exit (int __status) __THROW __attribute__ ((__noreturn__));
                                                                      ^
conftest.cc:16:17: error: from previous declaration 'void std::exit(int)'
 extern "C" void std::exit (int); using std::exit;
                 ^
configure:3538: $? = 1
configure: failed program was:
| /* confdefs.h.  */
| 
| #define PACKAGE_NAME "Clp"
| #define PACKAGE_TARNAME "clp"
| #define PACKAGE_VERSION "1.16"
| #define PACKAGE_STRING "Clp 1.16"
| #define PACKAGE_BUGREPORT "clp@list.coin-or.org"
| #define CLP_VERSION "1.16"
| #define CLP_VERSION_MAJOR 1
| #define CLP_VERSION_MINOR 16
| #define CLP_VERSION_RELEASE 9999
| #define CLP_SVN_REV 2216
| #define COIN_CLP_VERBOSITY 0
| #define COIN_CLP_CHECKLEVEL 0
| /* end confdefs.h.  */
| extern "C" void std::exit (int); using std::exit;
| #include <stdlib.h>
| int
| main ()
| {
| exit (42);
|   ;
|   return 0;
| }
configure:3532: g++ -c -g -O2  conftest.cc >&5
configure:3538: $? = 0
configure:3542: test -z 
			 || test ! -s conftest.err
configure:3545: $? = 0
configure:3548: test -s conftest.o
configure:3551: $? = 0
configure:3577: g++ -c -g -O2  conftest.cc >&5
configure:3583: $? = 0
configure:3587: test -z 
			 || test ! -s conftest.err
configure:3590: $? = 0
configure:3593: test -s conftest.o
configure:3596: $? = 0
configure:3628: checking whether C++ compiler g++ works
configure:3646: g++ -c -g -O2  conftest.cc >&5
configure:3652: $? = 0
configure:3656: test -z 
			 || test ! -s conftest.err
configure:3659: $? = 0
configure:3662: test -s conftest.o
configure:3665: $? = 0
configure:3667: result: yes
configure:3995: g++ -o conftest -O3 -pipe -DNDEBUG -pedantic-errors -Wparentheses -Wreturn-type -Wcast-qual -Wall -Wpointer-arith -Wwrite-strings -Wconversion -Wno-unknown-pragmas -Wno-long-long   -DCLP_BUILD   conftest.cc  >&5
configure:4001: $? = 0
configure:4005: test -z 
			 || test ! -s conftest.err
configure:4008: $? = 0
configure:4011: test -s conftest
configure:4014: $? = 0
configure:4081: C++ compiler options are: -O3 -pipe -DNDEBUG -pedantic-errors -Wparentheses -Wreturn-type -Wcast-qual -Wall -Wpointer-arith -Wwrite-strings -Wconversion -Wno-unknown-pragmas -Wno-long-long   -DCLP_BUILD
configure:4200: checking for egrep
configure:4210: result: grep -E
configure:4215: checking whether ln -s works
configure:4219: result: yes
configure:4240: checking for a BSD-compatible install
configure:4295: result: /bin/install -c
configure:4306: checking whether build environment is sane
configure:4349: result: yes
configure:4414: checking for gawk
configure:4440: result: gawk
configure:4450: checking whether make sets $(MAKE)
configure:4470: result: yes
configure:4500: checking for style of include used by make
configure:4528: result: GNU
configure:4709: checking dependency style of gcc
configure:4799: result: gcc3
configure:4818: checking dependency style of g++
configure:4908: result: gcc3
configure:4926: checking whether to enable maintainer-specific portions of Makefiles
configure:4935: result: no
configure:20433: Using libtool script in directory ..
configure:20532: checking if library version is set
configure:20539: result: no
configure:20609: checking for pkg-config
configure:20635: result: pkg-config
configure:20650: checking pkg-config is at least version 0.16.0
configure:20653: result: yes
configure:20749: checking for COIN-OR package CoinUtils
configure:20891: result: yes: 2.10 
configure:21264: checking for COIN-OR package Osi
configure:21406: result: yes: 0.106 
configure:21774: checking for COIN-OR package OsiTests
configure:21905: result: yes: 0.106 
configure:22254: checking for COIN-OR package Sample
configure:22385: result: yes: 1.2 
configure:22734: checking for COIN-OR package Netlib
configure:22865: result: yes: 1.2 
configure:23264: checking if user provides library for AMD
configure:23309: result: no
configure:23457: checking if user provides library for CHOLMOD
configure:23502: result: no
configure:23648: checking for COIN-OR package Glpk
configure:23812: result: not given: No package 'coinglpk' found
configure:24182: checking for COIN-OR package Mumps
configure:24346: result: not given: No package 'coinmumps' found
configure:29734: checking for COIN-OR package ASL
configure:29898: result: not given: No package 'coinasl' found
configure:30596: checking for cmath
configure:30601: result: yes
configure:30925: checking for cfloat
configure:30930: result: yes
configure:31254: checking for cieeefp
configure:31259: result: no
configure:31412: checking for ieeefp.h
configure:31417: result: no
configure:31575: checking whether this is a VPATH configuration
configure:31582: result: no
configure:31632: configuring doxygen documentation options
configure:31639: checking for doxygen
configure:31666: result: yes
configure:31675: checking for latex
configure:31702: result: no
configure:31730: checking for dot
configure:31757: result: NO
configure:31808: checking for doxygen doc'n for CoinUtils 
configure:31824: result: ../CoinUtils/doxydoc (tag)
configure:31808: checking for doxygen doc'n for Osi 
configure:31824: result: ../Osi/doxydoc (tag)
configure:31875: checking which command should be used to link input files
configure:31883: result: ln -s
configure:32294: creating ./config.status

## ---------------------- ##
## Running config.status. ##
## ---------------------- ##

This file was extended by Clp config.status 1.16, which was
generated by GNU Autoconf 2.59.  Invocation command line was

  CONFIG_FILES    = 
  CONFIG_HEADERS  = 
  CONFIG_LINKS    = 
  CONFIG_COMMANDS = 
  $ ./config.status 

on alfalfal.cdecsic.cl

config.status:896: creating Makefile
config.status:896: creating examples/Makefile
config.status:896: creating src/Makefile
config.status:896: creating src/OsiClp/Makefile
config.status:896: creating test/Makefile
config.status:896: creating clp.pc
config.status:896: creating clp-uninstalled.pc
config.status:896: creating osi-clp.pc
config.status:896: creating osi-clp-uninstalled.pc
config.status:896: creating doxydoc/doxygen.conf
config.status:1000: creating src/config.h
config.status:1000: creating src/config_clp.h
config.status:1316: executing depfiles commands
configure:33841: In case of trouble, first consult the troubleshooting page at https://projects.coin-or.org/BuildTools/wiki/user-troubleshooting
configure:33844: Configuration of Clp successful

## ---------------- ##
## Cache variables. ##
## ---------------- ##

ac_cv_build=x86_64-unknown-linux-gnu
ac_cv_build_alias=x86_64-unknown-linux-gnu
ac_cv_c_compiler_gnu=yes
ac_cv_cxx_compiler_gnu=yes
ac_cv_env_ADD_CFLAGS_set=
ac_cv_env_ADD_CFLAGS_value=
ac_cv_env_ADD_CXXFLAGS_set=
ac_cv_env_ADD_CXXFLAGS_value=
ac_cv_env_ADD_FFLAGS_set=
ac_cv_env_ADD_FFLAGS_value=
ac_cv_env_CC_set=
ac_cv_env_CC_value=
ac_cv_env_CDEFS_set=
ac_cv_env_CDEFS_value=
ac_cv_env_CFLAGS_set=
ac_cv_env_CFLAGS_value=
ac_cv_env_COIN_SKIP_PROJECTS_set=
ac_cv_env_COIN_SKIP_PROJECTS_value=
ac_cv_env_CPPFLAGS_set=
ac_cv_env_CPPFLAGS_value=
ac_cv_env_CPP_set=
ac_cv_env_CPP_value=
ac_cv_env_CXXCPP_set=
ac_cv_env_CXXCPP_value=
ac_cv_env_CXXDEFS_set=
ac_cv_env_CXXDEFS_value=
ac_cv_env_CXXFLAGS_set=
ac_cv_env_CXXFLAGS_value=
ac_cv_env_CXX_set=
ac_cv_env_CXX_value=
ac_cv_env_DBG_CFLAGS_set=
ac_cv_env_DBG_CFLAGS_value=
ac_cv_env_DBG_CXXFLAGS_set=
ac_cv_env_DBG_CXXFLAGS_value=
ac_cv_env_DBG_FFLAGS_set=
ac_cv_env_DBG_FFLAGS_value=
ac_cv_env_F77_set=
ac_cv_env_F77_value=
ac_cv_env_FFLAGS_set=
ac_cv_env_FFLAGS_value=
ac_cv_env_LDFLAGS_set=
ac_cv_env_LDFLAGS_value=
ac_cv_env_MPICC_set=
ac_cv_env_MPICC_value=
ac_cv_env_MPICXX_set=
ac_cv_env_MPICXX_value=
ac_cv_env_MPIF77_set=
ac_cv_env_MPIF77_value=
ac_cv_env_OPT_CFLAGS_set=
ac_cv_env_OPT_CFLAGS_value=
ac_cv_env_OPT_CXXFLAGS_set=
ac_cv_env_OPT_CXXFLAGS_value=
ac_cv_env_OPT_FFLAGS_set=
ac_cv_env_OPT_FFLAGS_value=
ac_cv_env_PKG_CONFIG_set=
ac_cv_env_PKG_CONFIG_value=
ac_cv_env_build_alias_set=
ac_cv_env_build_alias_value=
ac_cv_env_host_alias_set=
ac_cv_env_host_alias_value=
ac_cv_env_target_alias_set=
ac_cv_env_target_alias_value=
ac_cv_exeext=
ac_cv_f77_compiler_gnu=yes
ac_cv_f77_dummy_main=none
ac_cv_f77_libs=' -L/usr/lib/gcc/x86_64-redhat-linux/4.8.5 -L/usr/lib/gcc/x86_64-redhat-linux/4.8.5/../../../../lib64 -L/lib/../lib64 -L/usr/lib/../lib64 -L/usr/lib/gcc/x86_64-redhat-linux/4.8.5/../../.. -lgfortran -lm -lquadmath'
ac_cv_f77_mangling='lower case, underscore, no extra underscore'
ac_cv_fortran_dummy_main=none
ac_cv_have_decl__finite=no
ac_cv_have_decl__isnan=no
ac_cv_have_decl_finite=no
ac_cv_have_decl_isfinite=no
ac_cv_have_decl_isnan=no
ac_cv_have_decl_isnand=no
ac_cv_have_decl_std__isnan_42_42_=no
ac_cv_header_bzlib_h=no
ac_cv_header_cfloat=yes
ac_cv_header_cieeefp=no
ac_cv_header_cinttypes=no
ac_cv_header_cmath=yes
ac_cv_header_cstdint=no
ac_cv_header_dlfcn_h=yes
ac_cv_header_endian_h=yes
ac_cv_header_ieeefp_h=no
ac_cv_header_inttypes_h=yes
ac_cv_header_memory_h=yes
ac_cv_header_stdc=yes
ac_cv_header_stdint_h=yes
ac_cv_header_stdlib_h=yes
ac_cv_header_string_h=yes
ac_cv_header_strings_h=yes
ac_cv_header_sys_stat_h=yes
ac_cv_header_sys_types_h=yes
ac_cv_header_unistd_h=yes
ac_cv_header_windows_h=no
ac_cv_header_zlib_h=yes
ac_cv_host=x86_64-unknown-linux-gnu
ac_cv_host_alias=x86_64-unknown-linux-gnu
ac_cv_lib_z_gzopen=yes
ac_cv_objext=o
ac_cv_path_install='/bin/install -c'
ac_cv_prog_AWK=gawk
ac_cv_prog_CPP='gcc -E'
ac_cv_prog_CXXCPP='g++ -E'
ac_cv_prog_ac_ct_AR=ar
ac_cv_prog_ac_ct_CC=gcc
ac_cv_prog_ac_ct_CXX=g++
ac_cv_prog_ac_ct_F77=gfortran
ac_cv_prog_ac_ct_PKG_CONFIG=pkg-config
ac_cv_prog_ac_ct_RANLIB=ranlib
ac_cv_prog_ac_ct_STRIP=strip
ac_cv_prog_cc_g=yes
ac_cv_prog_cc_stdc=
ac_cv_prog_coin_doxy_usedot=NO
ac_cv_prog_coin_have_doxygen=yes
ac_cv_prog_coin_have_latex=no
ac_cv_prog_cxx_g=yes
ac_cv_prog_egrep='grep -E'
ac_cv_prog_f77_g=yes
ac_cv_prog_f77_v=-v
ac_cv_prog_have_svnversion=yes
ac_cv_prog_make_make_set=yes
ac_cv_type_int64_t=yes
ac_cv_type_intptr_t=yes
am_cv_CC_dependencies_compiler_type=gcc3
am_cv_CXX_dependencies_compiler_type=gcc3
lt_cv_deplibs_check_method=pass_all
lt_cv_file_magic_cmd='$MAGIC_CMD'
lt_cv_file_magic_test_file=
lt_cv_ld_reload_flag=-r
lt_cv_objdir=.libs
lt_cv_path_LD=/bin/ld
lt_cv_path_LDCXX='/bin/ld -m elf_x86_64'
lt_cv_path_NM='/bin/nm -B'
lt_cv_path_SED=/bin/sed
lt_cv_prog_compiler_c_o=yes
lt_cv_prog_compiler_c_o_CXX=yes
lt_cv_prog_compiler_c_o_F77=yes
lt_cv_prog_compiler_rtti_exceptions=no
lt_cv_prog_gnu_ld=yes
lt_cv_prog_gnu_ldcxx=yes
lt_cv_sys_global_symbol_pipe='sed -n -e '\''s/^.*[ 	]\([ABCDGIRSTW][ABCDGIRSTW]*\)[ 	][ 	]*\([_A-Za-z][_A-Za-z0-9]*\)$/\1 \2 \2/p'\'''
lt_cv_sys_global_symbol_to_c_name_address='sed -n -e '\''s/^: \([^ ]*\) $/  {\"\1\", (lt_ptr) 0},/p'\'' -e '\''s/^[BCDEGRST] \([^ ]*\) \([^ ]*\)$/  {"\2", (lt_ptr) \&\2},/p'\'''
lt_cv_sys_global_symbol_to_cdecl='sed -n -e '\''s/^. .* \(.*\)$/extern int \1;/p'\'''
lt_cv_sys_max_cmd_len=32768
lt_lt_cv_prog_compiler_c_o='"yes"'
lt_lt_cv_prog_compiler_c_o_CXX='"yes"'
lt_lt_cv_prog_compiler_c_o_F77='"yes"'
lt_lt_cv_sys_global_symbol_pipe='"sed -n -e '\''s/^.*[ 	]\\([ABCDGIRSTW][ABCDGIRSTW]*\\)[ 	][ 	]*\\([_A-Za-z][_A-Za-z0-9]*\\)\$/\\1 \\2 \\2/p'\''"'
lt_lt_cv_sys_global_symbol_to_c_name_address='"sed -n -e '\''s/^: \\([^ ]*\\) \$/  {\\\"\\1\\\", (lt_ptr) 0},/p'\'' -e '\''s/^[BCDEGRST] \\([^ ]*\\) \\([^ ]*\\)\$/  {\"\\2\", (lt_ptr) \\&\\2},/p'\''"'
lt_lt_cv_sys_global_symbol_to_cdecl='"sed -n -e '\''s/^. .* \\(.*\\)\$/extern int \\1;/p'\''"'

## ----------------- ##
## Output variables. ##
## ----------------- ##

ABSBUILDDIR='/home/rcardenas/modelos/CLP1.16-CDEC/Clp'
ACLOCAL='${SHELL} /home/rcardenas/modelos/CLP1.16-CDEC/Clp/missing --run aclocal-1.9'
ADD_CFLAGS=''
ADD_CXXFLAGS=''
ADD_FFLAGS=''
ALWAYS_FALSE_FALSE=''
ALWAYS_FALSE_TRUE='#'
AMDEPBACKSLASH='\'
AMDEP_FALSE='#'
AMDEP_TRUE=''
AMDINCDIR=''
AMDLIB=''
AMTAR='${SHELL} /home/rcardenas/modelos/CLP1.16-CDEC/Clp/missing --run tar'
AR='ar'
ASL_CFLAGS=''
ASL_CFLAGS_INSTALLED=''
ASL_DATA=''
ASL_DATA_INSTALLED=''
ASL_DEPENDENCIES=''
ASL_LIBS=''
ASL_LIBS_INSTALLED=''
AUTOCONF='${SHELL} /home/rcardenas/modelos/CLP1.16-CDEC/Clp/missing --run autoconf'
AUTOHEADER='${SHELL} /home/rcardenas/modelos/CLP1.16-CDEC/Clp/missing --run autoheader'
AUTOMAKE='${SHELL} /home/rcardenas/modelos/CLP1.16-CDEC/Clp/missing --run automake-1.9'
AUX_DIR=''
AWK='gawk'
BLAS_CFLAGS=''
BLAS_CFLAGS_INSTALLED=''
BLAS_DATA=''
BLAS_DATA_INSTALLED=''
BLAS_DEPENDENCIES=''
BLAS_LIBS=''
BLAS_LIBS_INSTALLED=''
BUILDTOOLSDIR=''
CC='gcc'
CCDEPMODE='depmode=gcc3'
CDEFS=''
CFLAGS='-O3 -pipe -DNDEBUG -pedantic-errors -Wimplicit -Wparentheses -Wsequence-point -Wreturn-type -Wcast-qual -Wall -Wno-unknown-pragmas -Wno-long-long   -DCLP_BUILD'
CHOLMODINCDIR=''
CHOLMODLIB=''
CLPLIB_CFLAGS='-I/home/rcardenas/modelos/CLP1.16-CDEC/CoinUtils/src   '
CLPLIB_CFLAGS_INSTALLED=''
CLPLIB_DEPENDENCIES=' /home/rcardenas/modelos/CLP1.16-CDEC/CoinUtils/src/libCoinUtils.la    '
CLPLIB_LIBS='/home/rcardenas/modelos/CLP1.16-CDEC/CoinUtils/src/libCoinUtils.la -lz -lm   '
CLPLIB_LIBS_INSTALLED=''
CLPLIB_PCLIBS=''
CLPLIB_PCREQUIRES='coinutils '
CLP_SVN_REV='2216'
COINUTILS_CFLAGS='-I/home/rcardenas/modelos/CLP1.16-CDEC/CoinUtils/src  '
COINUTILS_CFLAGS_INSTALLED=''
COINUTILS_DATA=''
COINUTILS_DATA_INSTALLED=''
COINUTILS_DEPENDENCIES=' /home/rcardenas/modelos/CLP1.16-CDEC/CoinUtils/src/libCoinUtils.la  '
COINUTILS_LIBS='/home/rcardenas/modelos/CLP1.16-CDEC/CoinUtils/src/libCoinUtils.la -lz -lm  '
COINUTILS_LIBS_INSTALLED=''
COIN_CC_IS_CL_FALSE=''
COIN_CC_IS_CL_TRUE='#'
COIN_CXX_IS_CL_FALSE=''
COIN_CXX_IS_CL_TRUE='#'
COIN_HAS_ABC_FALSE=''
COIN_HAS_ABC_TRUE='#'
COIN_HAS_AMD_FALSE=''
COIN_HAS_AMD_TRUE='#'
COIN_HAS_ASL_FALSE=''
COIN_HAS_ASL_TRUE='#'
COIN_HAS_BLAS_FALSE=''
COIN_HAS_BLAS_TRUE='#'
COIN_HAS_CHOLMOD_FALSE=''
COIN_HAS_CHOLMOD_TRUE='#'
COIN_HAS_COINUTILS_FALSE='#'
COIN_HAS_COINUTILS_TRUE=''
COIN_HAS_DOXYGEN_FALSE='#'
COIN_HAS_DOXYGEN_TRUE=''
COIN_HAS_GLPK_FALSE=''
COIN_HAS_GLPK_TRUE='#'
COIN_HAS_LATEX_FALSE=''
COIN_HAS_LATEX_TRUE='#'
COIN_HAS_MUMPS_FALSE=''
COIN_HAS_MUMPS_TRUE='#'
COIN_HAS_NETLIB_FALSE='#'
COIN_HAS_NETLIB_TRUE=''
COIN_HAS_OSITESTS_FALSE='#'
COIN_HAS_OSITESTS_TRUE=''
COIN_HAS_OSI_FALSE='#'
COIN_HAS_OSI_TRUE=''
COIN_HAS_PKGCONFIG_FALSE='#'
COIN_HAS_PKGCONFIG_TRUE=''
COIN_HAS_SAMPLE_FALSE='#'
COIN_HAS_SAMPLE_TRUE=''
COIN_HAS_WSMP_FALSE=''
COIN_HAS_WSMP_TRUE='#'
COIN_PKG_CONFIG_PATH='/opt/cdec-clp//lib64/pkgconfig:/opt/cdec-clp//lib/pkgconfig:/opt/cdec-clp//share/pkgconfig:'
COIN_PKG_CONFIG_PATH_UNINSTALLED='/home/rcardenas/modelos/CLP1.16-CDEC/Clp:/home/rcardenas/modelos/CLP1.16-CDEC/Osi:/home/rcardenas/modelos/CLP1.16-CDEC/CoinUtils:/home/rcardenas/modelos/CLP1.16-CDEC/Data/Netlib:/home/rcardenas/modelos/CLP1.16-CDEC/Data/Sample:'
CPP='gcc -E'
CPPFLAGS=''
CXX='g++'
CXXCPP='g++ -E'
CXXDEFS=''
CXXDEPMODE='depmode=gcc3'
CXXFLAGS='-O3 -pipe -DNDEBUG -pedantic-errors -Wparentheses -Wreturn-type -Wcast-qual -Wall -Wpointer-arith -Wwrite-strings -Wconversion -Wno-unknown-pragmas -Wno-long-long   -DCLP_BUILD'
CYGPATH_W='echo'
DBG_CFLAGS='-g -O0 -pipe -pedantic-errors -Wimplicit -Wparentheses -Wsequence-point -Wreturn-type -Wcast-qual -Wall -Wno-unknown-pragmas -Wno-long-long  '
DBG_CXXFLAGS='-g -O0 -pipe -pedantic-errors -Wparentheses -Wreturn-type -Wcast-qual -Wall -Wpointer-arith -Wwrite-strings -Wconversion -Wno-unknown-pragmas -Wno-long-long  '
DBG_FFLAGS=''
DEFS='-DHAVE_CONFIG_H'
DEPDIR='.deps'
DEPENDENCY_LINKING_FALSE='#'
DEPENDENCY_LINKING_TRUE=''
ECHO='echo'
ECHO_C=''
ECHO_N='-n'
ECHO_T=''
EGREP='grep -E'
EXEEXT=''
F77=''
FFLAGS=''
FLIBS=''
GLPK_CFLAGS=''
GLPK_CFLAGS_INSTALLED=''
GLPK_DATA=''
GLPK_DATA_INSTALLED=''
GLPK_DEPENDENCIES=''
GLPK_LIBS=''
GLPK_LIBS_INSTALLED=''
HAVE_EXTERNALS_FALSE=''
HAVE_EXTERNALS_TRUE='#'
INSTALL_DATA='${INSTALL} -m 644'
INSTALL_PROGRAM='${INSTALL}'
INSTALL_SCRIPT='${INSTALL}'
INSTALL_STRIP_PROGRAM='${SHELL} $(install_sh) -c -s'
LDFLAGS=''
LIBEXT='a'
LIBOBJS=''
LIBS=''
LIBTOOL='$(SHELL) $(top_builddir)/../libtool'
LIBTOOLM4=''
LN_S='ln -s'
LTLIBOBJS=''
LT_LDFLAGS='-no-undefined'
MAINT='#'
MAINTAINER_MODE_FALSE=''
MAINTAINER_MODE_TRUE='#'
MAKEINFO='${SHELL} /home/rcardenas/modelos/CLP1.16-CDEC/Clp/missing --run makeinfo'
MPICC=''
MPICXX=''
MPIF77=''
MUMPS_CFLAGS=''
MUMPS_CFLAGS_INSTALLED=''
MUMPS_DATA=''
MUMPS_DATA_INSTALLED=''
MUMPS_DEPENDENCIES=''
MUMPS_LIBS=''
MUMPS_LIBS_INSTALLED=''
NETLIB_CFLAGS=' '
NETLIB_CFLAGS_INSTALLED=''
NETLIB_DATA='/home/rcardenas/modelos/CLP1.16-CDEC/Data/Netlib'
NETLIB_DATA_INSTALLED=''
NETLIB_DEPENDENCIES='  '
NETLIB_LIBS=' '
NETLIB_LIBS_INSTALLED=''
OBJEXT='o'
OPT_CFLAGS='-O3 -pipe -DNDEBUG -pedantic-errors -Wimplicit -Wparentheses -Wsequence-point -Wreturn-type -Wcast-qual -Wall -Wno-unknown-pragmas -Wno-long-long  '
OPT_CXXFLAGS='-O3 -pipe -DNDEBUG -pedantic-errors -Wparentheses -Wreturn-type -Wcast-qual -Wall -Wpointer-arith -Wwrite-strings -Wconversion -Wno-unknown-pragmas -Wno-long-long  '
OPT_FFLAGS=''
OSICLPLIB_CFLAGS='-I/home/rcardenas/modelos/CLP1.16-CDEC/Osi/src/Osi -I/home/rcardenas/modelos/CLP1.16-CDEC/CoinUtils/src   '
OSICLPLIB_CFLAGS_INSTALLED=''
OSICLPLIB_DEPENDENCIES=' /home/rcardenas/modelos/CLP1.16-CDEC/Osi/src/Osi/libOsi.la /home/rcardenas/modelos/CLP1.16-CDEC/CoinUtils/src/libCoinUtils.la    '
OSICLPLIB_LIBS='/home/rcardenas/modelos/CLP1.16-CDEC/Osi/src/Osi/libOsi.la /home/rcardenas/modelos/CLP1.16-CDEC/CoinUtils/src/libCoinUtils.la -lz -lm   '
OSICLPLIB_LIBS_INSTALLED=''
OSICLPLIB_PCLIBS=''
OSICLPLIB_PCREQUIRES='osi '
OSITESTS_CFLAGS='-I/home/rcardenas/modelos/CLP1.16-CDEC/Osi/src/OsiCommonTest -I/home/rcardenas/modelos/CLP1.16-CDEC/Osi/src/Osi -I/home/rcardenas/modelos/CLP1.16-CDEC/CoinUtils/src  '
OSITESTS_CFLAGS_INSTALLED=''
OSITESTS_DATA=''
OSITESTS_DATA_INSTALLED=''
OSITESTS_DEPENDENCIES=' /home/rcardenas/modelos/CLP1.16-CDEC/Osi/src/OsiCommonTest/libOsiCommonTests.la /home/rcardenas/modelos/CLP1.16-CDEC/Osi/src/Osi/libOsi.la /home/rcardenas/modelos/CLP1.16-CDEC/CoinUtils/src/libCoinUtils.la  '
OSITESTS_LIBS='/home/rcardenas/modelos/CLP1.16-CDEC/Osi/src/OsiCommonTest/libOsiCommonTests.la /home/rcardenas/modelos/CLP1.16-CDEC/Osi/src/Osi/libOsi.la /home/rcardenas/modelos/CLP1.16-CDEC/CoinUtils/src/libCoinUtils.la -lz -lm  '
OSITESTS_LIBS_INSTALLED=''
OSI_CFLAGS='-I/home/rcardenas/modelos/CLP1.16-CDEC/Osi/src/Osi -I/home/rcardenas/modelos/CLP1.16-CDEC/CoinUtils/src  '
OSI_CFLAGS_INSTALLED=''
OSI_DATA=''
OSI_DATA_INSTALLED=''
OSI_DEPENDENCIES=' /home/rcardenas/modelos/CLP1.16-CDEC/Osi/src/Osi/libOsi.la /home/rcardenas/modelos/CLP1.16-CDEC/CoinUtils/src/libCoinUtils.la  '
OSI_LIBS='/home/rcardenas/modelos/CLP1.16-CDEC/Osi/src/Osi/libOsi.la /home/rcardenas/modelos/CLP1.16-CDEC/CoinUtils/src/libCoinUtils.la -lz -lm  '
OSI_LIBS_INSTALLED=''
PACKAGE='clp'
PACKAGE_BUGREPORT='clp@list.coin-or.org'
PACKAGE_NAME='Clp'
PACKAGE_STRING='Clp 1.16'
PACKAGE_TARNAME='clp'
PACKAGE_VERSION='1.16'
PATH_SEPARATOR=':'
PKG_CONFIG='pkg-config'
RANLIB='ranlib'
RPATH_FLAGS=' -Wl,--rpath -Wl,/home/rcardenas/modelos/CLP1.16-CDEC/lib'
SAMPLE_CFLAGS=' '
SAMPLE_CFLAGS_INSTALLED=''
SAMPLE_DATA='/home/rcardenas/modelos/CLP1.16-CDEC/Data/Sample'
SAMPLE_DATA_INSTALLED=''
SAMPLE_DEPENDENCIES='  '
SAMPLE_LIBS=' '
SAMPLE_LIBS_INSTALLED=''
SET_MAKE=''
SHELL='/bin/sh'
STRIP='strip'
VERSION='1.16'
VPATH_DISTCLEANFILES=''
abs_bin_dir='/home/rcardenas/modelos/CLP1.16-CDEC/Clp/bin'
abs_include_dir='/home/rcardenas/modelos/CLP1.16-CDEC/Clp/include'
abs_lib_dir='/home/rcardenas/modelos/CLP1.16-CDEC/Clp/lib'
abs_source_dir='/home/rcardenas/modelos/CLP1.16-CDEC/Clp'
ac_c_preproc_warn_flag=''
ac_ct_AR='ar'
ac_ct_CC='gcc'
ac_ct_CXX='g++'
ac_ct_F77=''
ac_ct_PKG_CONFIG='pkg-config'
ac_ct_RANLIB='ranlib'
ac_ct_STRIP='strip'
ac_cxx_preproc_warn_flag=''
am__fastdepCC_FALSE='#'
am__fastdepCC_TRUE=''
am__fastdepCXX_FALSE='#'
am__fastdepCXX_TRUE=''
am__include='include'
am__leading_dot='.'
am__quote=''
am__tar='${AMTAR} chof - "$$tardir"'
am__untar='${AMTAR} xf -'
bindir='${exec_prefix}/bin'
build='x86_64-unknown-linux-gnu'
build_alias=''
build_cpu='x86_64'
build_os='linux-gnu'
build_vendor='unknown'
coin_doxy_excludes=' */CoinUtils */Osi'
coin_doxy_logname='doxydoc/clp_doxy.log'
coin_doxy_tagfiles=' ../CoinUtils/doxydoc/coinutils_doxy.tag=../../../CoinUtils/doxydoc/html ../Osi/doxydoc/osi_doxy.tag=../../../Osi/doxydoc/html'
coin_doxy_tagname='doxydoc/clp_doxy.tag'
coin_doxy_usedot='NO'
coin_have_doxygen='yes'
coin_have_latex='no'
datadir='${prefix}/share'
exec_prefix='${prefix}'
have_autoconf=''
have_automake=''
have_svn=''
have_svnversion='yes'
host='x86_64-unknown-linux-gnu'
host_alias=''
host_cpu='x86_64'
host_os='linux-gnu'
host_vendor='unknown'
includedir='${prefix}/include'
infodir='${prefix}/info'
install_sh='/home/rcardenas/modelos/CLP1.16-CDEC/Clp/install-sh'
libdir='${exec_prefix}/lib'
libexecdir='${exec_prefix}/libexec'
localstatedir='${prefix}/var'
mandir='${prefix}/man'
mkdir_p='mkdir -p --'
oldincludedir='/usr/include'
prefix='/opt/cdec-clp/'
program_transform_name='s,x,x,'
sbindir='${exec_prefix}/sbin'
sharedstatedir='${prefix}/com'
sol_cc_compiler=''
sysconfdir='${prefix}/etc'
target_alias=''

## ----------- ##
## confdefs.h. ##
## ----------- ##

#define CLP_SVN_REV 2216
#define CLP_VERSION "1.16"
#define CLP_VERSION_MAJOR 1
#define CLP_VERSION_MINOR 16
#define CLP_VERSION_RELEASE 9999
#define COIN_CLP_CHECKLEVEL 0
#define COIN_CLP_VERBOSITY 0
#define COIN_HAS_COINUTILS 1
#define COIN_HAS_NETLIB 1
#define COIN_HAS_OSI 1
#define COIN_HAS_OSITESTS 1
#define COIN_HAS_SAMPLE 1
#define HAVE_CFLOAT 1
#define HAVE_CMATH 1
#define HAVE_DLFCN_H 1
#define HAVE_INTTYPES_H 1
#define HAVE_MEMORY_H 1
#define HAVE_STDINT_H 1
#define HAVE_STDLIB_H 1
#define HAVE_STRINGS_H 1
#define HAVE_STRING_H 1
#define HAVE_SYS_STAT_H 1
#define HAVE_SYS_TYPES_H 1
#define HAVE_UNISTD_H 1
#define PACKAGE "clp"
#define PACKAGE_BUGREPORT "clp@list.coin-or.org"
#define PACKAGE_NAME "Clp"
#define PACKAGE_STRING "Clp 1.16"
#define PACKAGE_TARNAME "clp"
#define PACKAGE_VERSION "1.16"
#define STDC_HEADERS 1
#define VERSION "1.16"
#endif
#ifdef __cplusplus
extern "C" void exit (int) throw ();

configure: exit 0
