This file contains any messages produced by compilers while
running configure, to aid debugging if configure makes a mistake.

It was created by Clp configure 1.16, which was
generated by GNU Autoconf 2.59.  Invocation command line was

  $ ./configure -C --prefix=/opt/cdec-clp/ --with-gurobi-incdir=/opt/gurobi/linux64/include/ --with-gurobi-lib=/opt/gurobi/linux64/lib/libgurobi60.so --disable-gurobi-libcheck --with-cplex-incdir=/opt/cplex/cplex/include/ilcplex --with-cplex-lib=/opt/cplex/cplex/lib/x86-64_linux/static_pic/libcplex.a --disable-cplex-libcheck

## --------- ##
## Platform. ##
## --------- ##

hostname = alfalfal.cdecsic.cl
uname -m = x86_64
uname -r = 3.10.0-327.4.5.el7.x86_64
uname -s = Linux
uname -v = #1 SMP Mon Jan 25 22:07:14 UTC 2016

/usr/bin/uname -p = x86_64
/bin/uname -X     = unknown

/bin/arch              = x86_64
/usr/bin/arch -k       = unknown
/usr/convex/getsysinfo = unknown
hostinfo               = unknown
/bin/machine           = unknown
/usr/bin/oslevel       = unknown
/bin/universe          = unknown

PATH: /sbin
PATH: /bin
PATH: /usr/sbin
PATH: /usr/bin


## ----------- ##
## Core tests. ##
## ----------- ##

configure:1581: creating cache config.cache
configure:1719: checking build system type
configure:1737: result: x86_64-unknown-linux-gnu
configure:1748: checking whether we want to compile in debug mode
configure:1777: result: no
configure:1993: checking for gcc
configure:2009: found /bin/gcc
configure:2019: result: gcc
configure:2040: checking for C compiler version
configure:2043: gcc --version </dev/null >&5
gcc (GCC) 4.8.5 20150623 (Red Hat 4.8.5-4)
Copyright (C) 2015 Free Software Foundation, Inc.
This is free software; see the source for copying conditions.  There is NO
warranty; not even for MERCHANTABILITY or FITNESS FOR A PARTICULAR PURPOSE.

configure:2046: $? = 0
configure:2048: gcc -v </dev/null >&5
Using built-in specs.
COLLECT_GCC=gcc
COLLECT_LTO_WRAPPER=/usr/libexec/gcc/x86_64-redhat-linux/4.8.5/lto-wrapper
Target: x86_64-redhat-linux
Configured with: ../configure --prefix=/usr --mandir=/usr/share/man --infodir=/usr/share/info --with-bugurl=http://bugzilla.redhat.com/bugzilla --enable-bootstrap --enable-shared --enable-threads=posix --enable-checking=release --with-system-zlib --enable-__cxa_atexit --disable-libunwind-exceptions --enable-gnu-unique-object --enable-linker-build-id --with-linker-hash-style=gnu --enable-languages=c,c++,objc,obj-c++,java,fortran,ada,go,lto --enable-plugin --enable-initfini-array --disable-libgcj --with-isl=/builddir/build/BUILD/gcc-4.8.5-20150702/obj-x86_64-redhat-linux/isl-install --with-cloog=/builddir/build/BUILD/gcc-4.8.5-20150702/obj-x86_64-redhat-linux/cloog-install --enable-gnu-indirect-function --with-tune=generic --with-arch_32=x86-64 --build=x86_64-redhat-linux
Thread model: posix
gcc version 4.8.5 20150623 (Red Hat 4.8.5-4) (GCC) 
configure:2051: $? = 0
configure:2053: gcc -V </dev/null >&5
gcc: error: unrecognized command line option '-V'
gcc: fatal error: no input files
compilation terminated.
configure:2056: $? = 4
configure:2079: checking for C compiler default output file name
configure:2082: gcc    conftest.c  >&5
configure:2085: $? = 0
configure:2131: result: a.out
configure:2136: checking whether the C compiler works
configure:2142: ./a.out
configure:2145: $? = 0
configure:2162: result: yes
configure:2169: checking whether we are cross compiling
configure:2171: result: no
configure:2174: checking for suffix of executables
configure:2176: gcc -o conftest    conftest.c  >&5
configure:2179: $? = 0
configure:2204: result: 
configure:2210: checking for suffix of object files
configure:2231: gcc -c   conftest.c >&5
configure:2234: $? = 0
configure:2256: result: o
configure:2260: checking whether we are using the GNU C compiler
configure:2284: gcc -c   conftest.c >&5
configure:2290: $? = 0
configure:2294: test -z 
			 || test ! -s conftest.err
configure:2297: $? = 0
configure:2300: test -s conftest.o
configure:2303: $? = 0
configure:2316: result: yes
configure:2322: checking whether gcc accepts -g
configure:2343: gcc -c -g  conftest.c >&5
configure:2349: $? = 0
configure:2353: test -z 
			 || test ! -s conftest.err
configure:2356: $? = 0
configure:2359: test -s conftest.o
configure:2362: $? = 0
configure:2373: result: yes
configure:2390: checking for gcc option to accept ANSI C
configure:2460: gcc  -c -g -O2  conftest.c >&5
configure:2466: $? = 0
configure:2470: test -z 
			 || test ! -s conftest.err
configure:2473: $? = 0
configure:2476: test -s conftest.o
configure:2479: $? = 0
configure:2497: result: none needed
configure:2515: gcc -c -g -O2  conftest.c >&5
conftest.c:2:3: error: unknown type name 'choke'
   choke me
   ^
conftest.c:2:3: error: expected '=', ',', ';', 'asm' or '__attribute__' at end of input
configure:2521: $? = 1
configure: failed program was:
| #ifndef __cplusplus
|   choke me
| #endif
configure:2949: gcc -o conftest -O3 -pipe -DNDEBUG -pedantic-errors -Wimplicit -Wparentheses -Wsequence-point -Wreturn-type -Wcast-qual -Wall -Wno-unknown-pragmas -Wno-long-long     conftest.c  >&5
configure:2955: $? = 0
configure:2959: test -z 
			 || test ! -s conftest.err
configure:2962: $? = 0
configure:2965: test -s conftest
configure:2968: $? = 0
configure:3035: C compiler options are: -O3 -pipe -DNDEBUG -pedantic-errors -Wimplicit -Wparentheses -Wsequence-point -Wreturn-type -Wcast-qual -Wall -Wno-unknown-pragmas -Wno-long-long  
configure:3152: checking for g++
configure:3168: found /bin/g++
configure:3178: result: g++
configure:3194: checking for C++ compiler version
configure:3197: g++ --version </dev/null >&5
g++ (GCC) 4.8.5 20150623 (Red Hat 4.8.5-4)
Copyright (C) 2015 Free Software Foundation, Inc.
This is free software; see the source for copying conditions.  There is NO
warranty; not even for MERCHANTABILITY or FITNESS FOR A PARTICULAR PURPOSE.

configure:3200: $? = 0
configure:3202: g++ -v </dev/null >&5
Using built-in specs.
COLLECT_GCC=g++
COLLECT_LTO_WRAPPER=/usr/libexec/gcc/x86_64-redhat-linux/4.8.5/lto-wrapper
Target: x86_64-redhat-linux
Configured with: ../configure --prefix=/usr --mandir=/usr/share/man --infodir=/usr/share/info --with-bugurl=http://bugzilla.redhat.com/bugzilla --enable-bootstrap --enable-shared --enable-threads=posix --enable-checking=release --with-system-zlib --enable-__cxa_atexit --disable-libunwind-exceptions --enable-gnu-unique-object --enable-linker-build-id --with-linker-hash-style=gnu --enable-languages=c,c++,objc,obj-c++,java,fortran,ada,go,lto --enable-plugin --enable-initfini-array --disable-libgcj --with-isl=/builddir/build/BUILD/gcc-4.8.5-20150702/obj-x86_64-redhat-linux/isl-install --with-cloog=/builddir/build/BUILD/gcc-4.8.5-20150702/obj-x86_64-redhat-linux/cloog-install --enable-gnu-indirect-function --with-tune=generic --with-arch_32=x86-64 --build=x86_64-redhat-linux
Thread model: posix
gcc version 4.8.5 20150623 (Red Hat 4.8.5-4) (GCC) 
configure:3205: $? = 0
configure:3207: g++ -V </dev/null >&5
g++: error: unrecognized command line option '-V'
g++: fatal error: no input files
compilation terminated.
configure:3210: $? = 4
configure:3213: checking whether we are using the GNU C++ compiler
configure:3237: g++ -c   conftest.cc >&5
configure:3243: $? = 0
configure:3247: test -z 
			 || test ! -s conftest.err
configure:3250: $? = 0
configure:3253: test -s conftest.o
configure:3256: $? = 0
configure:3269: result: yes
configure:3275: checking whether g++ accepts -g
configure:3296: g++ -c -g  conftest.cc >&5
configure:3302: $? = 0
configure:3306: test -z 
			 || test ! -s conftest.err
configure:3309: $? = 0
configure:3312: test -s conftest.o
configure:3315: $? = 0
configure:3326: result: yes
configure:3368: g++ -c -g -O2  conftest.cc >&5
configure:3374: $? = 0
configure:3378: test -z 
			 || test ! -s conftest.err
configure:3381: $? = 0
configure:3384: test -s conftest.o
configure:3387: $? = 0
configure:3413: g++ -c -g -O2  conftest.cc >&5
conftest.cc: In function 'int main()':
conftest.cc:13:9: error: 'exit' was not declared in this scope
 exit (42);
         ^
configure:3419: $? = 1
configure: failed program was:
| /* confdefs.h.  */
| 
| #define PACKAGE_NAME "Clp"
| #define PACKAGE_TARNAME "clp"
| #define PACKAGE_VERSION "1.16"
| #define PACKAGE_STRING "Clp 1.16"
| #define PACKAGE_BUGREPORT "coin-clp@lists.coin-or.org"
| /* end confdefs.h.  */
| 
| int
| main ()
| {
| exit (42);
|   ;
|   return 0;
| }
configure:3368: g++ -c -g -O2  conftest.cc >&5
conftest.cc:9:40: error: 'void std::exit(int)' should have been declared inside 'std'
 extern "C" void std::exit (int) throw (); using std::exit;
                                        ^
configure:3374: $? = 1
configure: failed program was:
| /* confdefs.h.  */
| 
| #define PACKAGE_NAME "Clp"
| #define PACKAGE_TARNAME "clp"
| #define PACKAGE_VERSION "1.16"
| #define PACKAGE_STRING "Clp 1.16"
| #define PACKAGE_BUGREPORT "coin-clp@lists.coin-or.org"
| /* end confdefs.h.  */
| extern "C" void std::exit (int) throw (); using std::exit;
| #include <stdlib.h>
| int
| main ()
| {
| exit (42);
|   ;
|   return 0;
| }
configure:3368: g++ -c -g -O2  conftest.cc >&5
conftest.cc:9:31: error: 'void std::exit(int)' should have been declared inside 'std'
 extern "C" void std::exit (int); using std::exit;
                               ^
In file included from conftest.cc:10:0:
/usr/include/stdlib.h:542:70: error: declaration of 'void std::exit(int) throw ()' has a different exception specifier
 extern void exit (int __status) __THROW __attribute__ ((__noreturn__));
                                                                      ^
conftest.cc:9:17: error: from previous declaration 'void std::exit(int)'
 extern "C" void std::exit (int); using std::exit;
                 ^
configure:3374: $? = 1
configure: failed program was:
| /* confdefs.h.  */
| 
| #define PACKAGE_NAME "Clp"
| #define PACKAGE_TARNAME "clp"
| #define PACKAGE_VERSION "1.16"
| #define PACKAGE_STRING "Clp 1.16"
| #define PACKAGE_BUGREPORT "coin-clp@lists.coin-or.org"
| /* end confdefs.h.  */
| extern "C" void std::exit (int); using std::exit;
| #include <stdlib.h>
| int
| main ()
| {
| exit (42);
|   ;
|   return 0;
| }
configure:3368: g++ -c -g -O2  conftest.cc >&5
configure:3374: $? = 0
configure:3378: test -z 
			 || test ! -s conftest.err
configure:3381: $? = 0
configure:3384: test -s conftest.o
configure:3387: $? = 0
configure:3413: g++ -c -g -O2  conftest.cc >&5
configure:3419: $? = 0
configure:3423: test -z 
			 || test ! -s conftest.err
configure:3426: $? = 0
configure:3429: test -s conftest.o
configure:3432: $? = 0
configure:3464: checking whether C++ compiler g++ works
configure:3482: g++ -c -g -O2  conftest.cc >&5
configure:3488: $? = 0
configure:3492: test -z 
			 || test ! -s conftest.err
configure:3495: $? = 0
configure:3498: test -s conftest.o
configure:3501: $? = 0
configure:3503: result: yes
configure:3831: g++ -o conftest -O3 -pipe -DNDEBUG -pedantic-errors -Wparentheses -Wreturn-type -Wcast-qual -Wall -Wpointer-arith -Wwrite-strings -Wconversion -Wno-unknown-pragmas -Wno-long-long     conftest.cc  >&5
configure:3837: $? = 0
configure:3841: test -z 
			 || test ! -s conftest.err
configure:3844: $? = 0
configure:3847: test -s conftest
configure:3850: $? = 0
configure:3917: C++ compiler options are: -O3 -pipe -DNDEBUG -pedantic-errors -Wparentheses -Wreturn-type -Wcast-qual -Wall -Wpointer-arith -Wwrite-strings -Wconversion -Wno-unknown-pragmas -Wno-long-long  
configure:3988: Trying to determine Fortran compiler name
configure:4037: checking for gfortran
configure:4053: found /bin/gfortran
configure:4063: result: gfortran
configure:4171: checking for Fortran 77 compiler version
configure:4174: gfortran --version </dev/null >&5
GNU Fortran (GCC) 4.8.5 20150623 (Red Hat 4.8.5-4)
Copyright (C) 2015 Free Software Foundation, Inc.

GNU Fortran comes with NO WARRANTY, to the extent permitted by law.
You may redistribute copies of GNU Fortran
under the terms of the GNU General Public License.
For more information about these matters, see the file named COPYING

configure:4177: $? = 0
configure:4179: gfortran -v </dev/null >&5
Using built-in specs.
COLLECT_GCC=gfortran
COLLECT_LTO_WRAPPER=/usr/libexec/gcc/x86_64-redhat-linux/4.8.5/lto-wrapper
Target: x86_64-redhat-linux
Configured with: ../configure --prefix=/usr --mandir=/usr/share/man --infodir=/usr/share/info --with-bugurl=http://bugzilla.redhat.com/bugzilla --enable-bootstrap --enable-shared --enable-threads=posix --enable-checking=release --with-system-zlib --enable-__cxa_atexit --disable-libunwind-exceptions --enable-gnu-unique-object --enable-linker-build-id --with-linker-hash-style=gnu --enable-languages=c,c++,objc,obj-c++,java,fortran,ada,go,lto --enable-plugin --enable-initfini-array --disable-libgcj --with-isl=/builddir/build/BUILD/gcc-4.8.5-20150702/obj-x86_64-redhat-linux/isl-install --with-cloog=/builddir/build/BUILD/gcc-4.8.5-20150702/obj-x86_64-redhat-linux/cloog-install --enable-gnu-indirect-function --with-tune=generic --with-arch_32=x86-64 --build=x86_64-redhat-linux
Thread model: posix
gcc version 4.8.5 20150623 (Red Hat 4.8.5-4) (GCC) 
configure:4182: $? = 0
configure:4184: gfortran -V </dev/null >&5
gfortran: error: unrecognized command line option '-V'
gfortran: fatal error: no input files
compilation terminated.
configure:4187: $? = 4
configure:4195: checking whether we are using the GNU Fortran 77 compiler
configure:4209: gfortran -c  conftest.F >&5
configure:4215: $? = 0
configure:4219: test -z 
			 || test ! -s conftest.err
configure:4222: $? = 0
configure:4225: test -s conftest.o
configure:4228: $? = 0
configure:4241: result: yes
configure:4247: checking whether gfortran accepts -g
configure:4259: gfortran -c -g conftest.f >&5
configure:4265: $? = 0
configure:4269: test -z 
			 || test ! -s conftest.err
configure:4272: $? = 0
configure:4275: test -s conftest.o
configure:4278: $? = 0
configure:4290: result: yes
configure:4525: gfortran -o conftest -O3 -pipe    conftest.f  >&5
configure:4531: $? = 0
configure:4535: test -z 
			 || test ! -s conftest.err
configure:4538: $? = 0
configure:4541: test -s conftest
configure:4544: $? = 0
configure:4602: Fortran compiler options are: -O3 -pipe  
configure:4725: checking for egrep
configure:4735: result: grep -E
configure:4740: checking whether ln -s works
configure:4744: result: yes
configure:4765: checking for a BSD-compatible install
configure:4820: result: /bin/install -c
configure:4831: checking whether build environment is sane
configure:4874: result: yes
configure:4939: checking for gawk
configure:4955: found /bin/gawk
configure:4965: result: gawk
configure:4975: checking whether make sets $(MAKE)
configure:4995: result: yes
configure:5025: checking for style of include used by make
configure:5053: result: GNU
configure:5234: checking dependency style of gcc
configure:5324: result: gcc3
configure:5343: checking dependency style of g++
configure:5433: result: gcc3
configure:5451: checking whether to enable maintainer-specific portions of Makefiles
configure:5460: result: no
configure:5910: checking host system type
configure:5924: result: x86_64-unknown-linux-gnu
configure:5932: checking for a sed that does not truncate output
configure:5986: result: /bin/sed
configure:6000: checking for ld used by gcc
configure:6067: result: /bin/ld
configure:6076: checking if the linker (/bin/ld) is GNU ld
configure:6091: result: yes
configure:6096: checking for /bin/ld option to reload object files
configure:6103: result: -r
configure:6121: checking for BSD-compatible nm
configure:6170: result: /bin/nm -B
configure:6174: checking how to recognise dependent libraries
configure:6350: result: pass_all
configure:6437: gcc -c -O3 -pipe -DNDEBUG -pedantic-errors -Wimplicit -Wparentheses -Wsequence-point -Wreturn-type -Wcast-qual -Wall -Wno-unknown-pragmas -Wno-long-long    conftest.c >&5
configure:6440: $? = 0
configure:6586: checking how to run the C preprocessor
configure:6621: gcc -E  conftest.c
configure:6627: $? = 0
configure:6659: gcc -E  conftest.c
conftest.c:14:28: fatal error: ac_nonexistent.h: No such file or directory
 #include <ac_nonexistent.h>
                            ^
compilation terminated.
configure:6665: $? = 1
configure: failed program was:
| /* confdefs.h.  */
| 
| #define PACKAGE_NAME "Clp"
| #define PACKAGE_TARNAME "clp"
| #define PACKAGE_VERSION "1.16"
| #define PACKAGE_STRING "Clp 1.16"
| #define PACKAGE_BUGREPORT "coin-clp@lists.coin-or.org"
| #ifdef __cplusplus
| extern "C" void exit (int) throw ();
| #endif
| #define PACKAGE "clp"
| #define VERSION "1.16"
| /* end confdefs.h.  */
| #include <ac_nonexistent.h>
configure:6704: result: gcc -E
configure:6728: gcc -E  conftest.c
configure:6734: $? = 0
configure:6766: gcc -E  conftest.c
conftest.c:14:28: fatal error: ac_nonexistent.h: No such file or directory
 #include <ac_nonexistent.h>
                            ^
compilation terminated.
configure:6772: $? = 1
configure: failed program was:
| /* confdefs.h.  */
| 
| #define PACKAGE_NAME "Clp"
| #define PACKAGE_TARNAME "clp"
| #define PACKAGE_VERSION "1.16"
| #define PACKAGE_STRING "Clp 1.16"
| #define PACKAGE_BUGREPORT "coin-clp@lists.coin-or.org"
| #ifdef __cplusplus
| extern "C" void exit (int) throw ();
| #endif
| #define PACKAGE "clp"
| #define VERSION "1.16"
| /* end confdefs.h.  */
| #include <ac_nonexistent.h>
configure:6816: checking for ANSI C header files
configure:6841: gcc -c -O3 -pipe -DNDEBUG -pedantic-errors -Wimplicit -Wparentheses -Wsequence-point -Wreturn-type -Wcast-qual -Wall -Wno-unknown-pragmas -Wno-long-long    conftest.c >&5
configure:6847: $? = 0
configure:6851: test -z 
			 || test ! -s conftest.err
configure:6854: $? = 0
configure:6857: test -s conftest.o
configure:6860: $? = 0
configure:6949: gcc -o conftest -O3 -pipe -DNDEBUG -pedantic-errors -Wimplicit -Wparentheses -Wsequence-point -Wreturn-type -Wcast-qual -Wall -Wno-unknown-pragmas -Wno-long-long     conftest.c  >&5
conftest.c: In function 'main':
conftest.c:31:7: warning: implicit declaration of function 'exit' [-Wimplicit-function-declaration]
       exit(2);
       ^
conftest.c:31:7: warning: incompatible implicit declaration of built-in function 'exit' [enabled by default]
configure:6952: $? = 0
configure:6954: ./conftest
configure:6957: $? = 0
configure:6972: result: yes
configure:6996: checking for sys/types.h
configure:7012: gcc -c -O3 -pipe -DNDEBUG -pedantic-errors -Wimplicit -Wparentheses -Wsequence-point -Wreturn-type -Wcast-qual -Wall -Wno-unknown-pragmas -Wno-long-long    conftest.c >&5
configure:7018: $? = 0
configure:7022: test -z 
			 || test ! -s conftest.err
configure:7025: $? = 0
configure:7028: test -s conftest.o
configure:7031: $? = 0
configure:7042: result: yes
configure:6996: checking for sys/stat.h
configure:7012: gcc -c -O3 -pipe -DNDEBUG -pedantic-errors -Wimplicit -Wparentheses -Wsequence-point -Wreturn-type -Wcast-qual -Wall -Wno-unknown-pragmas -Wno-long-long    conftest.c >&5
configure:7018: $? = 0
configure:7022: test -z 
			 || test ! -s conftest.err
configure:7025: $? = 0
configure:7028: test -s conftest.o
configure:7031: $? = 0
configure:7042: result: yes
configure:6996: checking for stdlib.h
configure:7012: gcc -c -O3 -pipe -DNDEBUG -pedantic-errors -Wimplicit -Wparentheses -Wsequence-point -Wreturn-type -Wcast-qual -Wall -Wno-unknown-pragmas -Wno-long-long    conftest.c >&5
configure:7018: $? = 0
configure:7022: test -z 
			 || test ! -s conftest.err
configure:7025: $? = 0
configure:7028: test -s conftest.o
configure:7031: $? = 0
configure:7042: result: yes
configure:6996: checking for string.h
configure:7012: gcc -c -O3 -pipe -DNDEBUG -pedantic-errors -Wimplicit -Wparentheses -Wsequence-point -Wreturn-type -Wcast-qual -Wall -Wno-unknown-pragmas -Wno-long-long    conftest.c >&5
configure:7018: $? = 0
configure:7022: test -z 
			 || test ! -s conftest.err
configure:7025: $? = 0
configure:7028: test -s conftest.o
configure:7031: $? = 0
configure:7042: result: yes
configure:6996: checking for memory.h
configure:7012: gcc -c -O3 -pipe -DNDEBUG -pedantic-errors -Wimplicit -Wparentheses -Wsequence-point -Wreturn-type -Wcast-qual -Wall -Wno-unknown-pragmas -Wno-long-long    conftest.c >&5
configure:7018: $? = 0
configure:7022: test -z 
			 || test ! -s conftest.err
configure:7025: $? = 0
configure:7028: test -s conftest.o
configure:7031: $? = 0
configure:7042: result: yes
configure:6996: checking for strings.h
configure:7012: gcc -c -O3 -pipe -DNDEBUG -pedantic-errors -Wimplicit -Wparentheses -Wsequence-point -Wreturn-type -Wcast-qual -Wall -Wno-unknown-pragmas -Wno-long-long    conftest.c >&5
configure:7018: $? = 0
configure:7022: test -z 
			 || test ! -s conftest.err
configure:7025: $? = 0
configure:7028: test -s conftest.o
configure:7031: $? = 0
configure:7042: result: yes
configure:6996: checking for inttypes.h
configure:7012: gcc -c -O3 -pipe -DNDEBUG -pedantic-errors -Wimplicit -Wparentheses -Wsequence-point -Wreturn-type -Wcast-qual -Wall -Wno-unknown-pragmas -Wno-long-long    conftest.c >&5
configure:7018: $? = 0
configure:7022: test -z 
			 || test ! -s conftest.err
configure:7025: $? = 0
configure:7028: test -s conftest.o
configure:7031: $? = 0
configure:7042: result: yes
configure:6996: checking for stdint.h
configure:7012: gcc -c -O3 -pipe -DNDEBUG -pedantic-errors -Wimplicit -Wparentheses -Wsequence-point -Wreturn-type -Wcast-qual -Wall -Wno-unknown-pragmas -Wno-long-long    conftest.c >&5
configure:7018: $? = 0
configure:7022: test -z 
			 || test ! -s conftest.err
configure:7025: $? = 0
configure:7028: test -s conftest.o
configure:7031: $? = 0
configure:7042: result: yes
configure:6996: checking for unistd.h
configure:7012: gcc -c -O3 -pipe -DNDEBUG -pedantic-errors -Wimplicit -Wparentheses -Wsequence-point -Wreturn-type -Wcast-qual -Wall -Wno-unknown-pragmas -Wno-long-long    conftest.c >&5
configure:7018: $? = 0
configure:7022: test -z 
			 || test ! -s conftest.err
configure:7025: $? = 0
configure:7028: test -s conftest.o
configure:7031: $? = 0
configure:7042: result: yes
configure:7068: checking dlfcn.h usability
configure:7080: gcc -c -O3 -pipe -DNDEBUG -pedantic-errors -Wimplicit -Wparentheses -Wsequence-point -Wreturn-type -Wcast-qual -Wall -Wno-unknown-pragmas -Wno-long-long    conftest.c >&5
configure:7086: $? = 0
configure:7090: test -z 
			 || test ! -s conftest.err
configure:7093: $? = 0
configure:7096: test -s conftest.o
configure:7099: $? = 0
configure:7109: result: yes
configure:7113: checking dlfcn.h presence
configure:7123: gcc -E  conftest.c
configure:7129: $? = 0
configure:7149: result: yes
configure:7184: checking for dlfcn.h
configure:7191: result: yes
configure:7214: checking how to run the C++ preprocessor
configure:7245: g++ -E  conftest.cc
configure:7251: $? = 0
configure:7283: g++ -E  conftest.cc
conftest.cc:25:28: fatal error: ac_nonexistent.h: No such file or directory
 #include <ac_nonexistent.h>
                            ^
compilation terminated.
configure:7289: $? = 1
configure: failed program was:
| /* confdefs.h.  */
| 
| #define PACKAGE_NAME "Clp"
| #define PACKAGE_TARNAME "clp"
| #define PACKAGE_VERSION "1.16"
| #define PACKAGE_STRING "Clp 1.16"
| #define PACKAGE_BUGREPORT "coin-clp@lists.coin-or.org"
| #ifdef __cplusplus
| extern "C" void exit (int) throw ();
| #endif
| #define PACKAGE "clp"
| #define VERSION "1.16"
| #define STDC_HEADERS 1
| #define HAVE_SYS_TYPES_H 1
| #define HAVE_SYS_STAT_H 1
| #define HAVE_STDLIB_H 1
| #define HAVE_STRING_H 1
| #define HAVE_MEMORY_H 1
| #define HAVE_STRINGS_H 1
| #define HAVE_INTTYPES_H 1
| #define HAVE_STDINT_H 1
| #define HAVE_UNISTD_H 1
| #define HAVE_DLFCN_H 1
| /* end confdefs.h.  */
| #include <ac_nonexistent.h>
configure:7328: result: g++ -E
configure:7352: g++ -E  conftest.cc
configure:7358: $? = 0
configure:7390: g++ -E  conftest.cc
conftest.cc:25:28: fatal error: ac_nonexistent.h: No such file or directory
 #include <ac_nonexistent.h>
                            ^
compilation terminated.
configure:7396: $? = 1
configure: failed program was:
| /* confdefs.h.  */
| 
| #define PACKAGE_NAME "Clp"
| #define PACKAGE_TARNAME "clp"
| #define PACKAGE_VERSION "1.16"
| #define PACKAGE_STRING "Clp 1.16"
| #define PACKAGE_BUGREPORT "coin-clp@lists.coin-or.org"
| #ifdef __cplusplus
| extern "C" void exit (int) throw ();
| #endif
| #define PACKAGE "clp"
| #define VERSION "1.16"
| #define STDC_HEADERS 1
| #define HAVE_SYS_TYPES_H 1
| #define HAVE_SYS_STAT_H 1
| #define HAVE_STDLIB_H 1
| #define HAVE_STRING_H 1
| #define HAVE_MEMORY_H 1
| #define HAVE_STRINGS_H 1
| #define HAVE_INTTYPES_H 1
| #define HAVE_STDINT_H 1
| #define HAVE_UNISTD_H 1
| #define HAVE_DLFCN_H 1
| /* end confdefs.h.  */
| #include <ac_nonexistent.h>
configure:7445: checking the maximum length of command line arguments
configure:7554: result: 32768
configure:7565: checking command to parse /bin/nm -B output from gcc object
configure:7670: g++ -c -O3 -pipe -DNDEBUG -pedantic-errors -Wparentheses -Wreturn-type -Wcast-qual -Wall -Wpointer-arith -Wwrite-strings -Wconversion -Wno-unknown-pragmas -Wno-long-long    conftest.cc >&5
configure:7673: $? = 0
configure:7677: /bin/nm -B conftest.o \| sed -n -e 's/^.*[ 	]\([ABCDGIRSTW][ABCDGIRSTW]*\)[ 	][ 	]*\([_A-Za-z][_A-Za-z0-9]*\)$/\1 \2 \2/p' \> conftest.nm
configure:7680: $? = 0
configure:7732: g++ -o conftest -O3 -pipe -DNDEBUG -pedantic-errors -Wparentheses -Wreturn-type -Wcast-qual -Wall -Wpointer-arith -Wwrite-strings -Wconversion -Wno-unknown-pragmas -Wno-long-long     conftest.cc conftstm.o >&5
configure:7735: $? = 0
configure:7773: result: ok
configure:7777: checking for objdir
configure:7792: result: .libs
configure:7882: checking for ar
configure:7898: found /bin/ar
configure:7909: result: ar
configure:7962: checking for ranlib
configure:7978: found /bin/ranlib
configure:7989: result: ranlib
configure:8042: checking for strip
configure:8058: found /bin/strip
configure:8069: result: strip
configure:8345: checking if gcc supports -fno-rtti -fno-exceptions
configure:8363: gcc -c -O3 -pipe -DNDEBUG -pedantic-errors -Wimplicit -Wparentheses -Wsequence-point -Wreturn-type -Wcast-qual -Wall -Wno-unknown-pragmas -Wno-long-long    -fno-rtti -fno-exceptions conftest.c >&5
cc1: warning: command line option '-fno-rtti' is valid for C++/ObjC++ but not for C [enabled by default]
configure:8367: $? = 0
configure:8380: result: no
configure:8395: checking for gcc option to produce PIC
configure:8605: result: -fPIC
configure:8613: checking if gcc PIC flag -fPIC works
configure:8631: gcc -c -O3 -pipe -DNDEBUG -pedantic-errors -Wimplicit -Wparentheses -Wsequence-point -Wreturn-type -Wcast-qual -Wall -Wno-unknown-pragmas -Wno-long-long    -fPIC -DPIC conftest.c >&5
configure:8635: $? = 0
configure:8648: result: yes
configure:8676: checking if gcc static flag -static works
configure:8704: result: no
configure:8714: checking if gcc supports -c -o file.o
configure:8735: gcc -c -O3 -pipe -DNDEBUG -pedantic-errors -Wimplicit -Wparentheses -Wsequence-point -Wreturn-type -Wcast-qual -Wall -Wno-unknown-pragmas -Wno-long-long    -o out/conftest2.o conftest.c >&5
configure:8739: $? = 0
configure:8761: result: yes
configure:8787: checking whether the gcc linker (/bin/ld -m elf_x86_64) supports shared libraries
configure:9745: result: yes
configure:9766: checking whether -lc should be explicitly linked in
configure:9771: gcc -c -O3 -pipe -DNDEBUG -pedantic-errors -Wimplicit -Wparentheses -Wsequence-point -Wreturn-type -Wcast-qual -Wall -Wno-unknown-pragmas -Wno-long-long    conftest.c >&5
configure:9774: $? = 0
configure:9789: gcc -shared conftest.o  -v -Wl,-soname -Wl,conftest -o conftest 2\>\&1 \| grep  -lc  \>/dev/null 2\>\&1
configure:9792: $? = 0
configure:9804: result: no
configure:9812: checking dynamic linker characteristics
configure:10400: result: GNU/Linux ld.so
configure:10409: checking how to hardcode library paths into programs
configure:10434: result: immediate
configure:10448: checking whether stripping libraries is possible
configure:10453: result: yes
configure:11287: checking if libtool supports shared libraries
configure:11289: result: yes
configure:11292: checking whether to build shared libraries
configure:11313: result: yes
configure:11316: checking whether to build static libraries
configure:11320: result: no
configure:11412: creating libtool
configure:12000: checking for ld used by g++
configure:12067: result: /bin/ld -m elf_x86_64
configure:12076: checking if the linker (/bin/ld -m elf_x86_64) is GNU ld
configure:12091: result: yes
configure:12142: checking whether the g++ linker (/bin/ld -m elf_x86_64) supports shared libraries
configure:13080: result: yes
configure:13102: g++ -c -O3 -pipe -DNDEBUG -pedantic-errors -Wparentheses -Wreturn-type -Wcast-qual -Wall -Wpointer-arith -Wwrite-strings -Wconversion -Wno-unknown-pragmas -Wno-long-long    conftest.cpp >&5
configure:13105: $? = 0
configure:13224: checking for g++ option to produce PIC
configure:13498: result: -fPIC
configure:13506: checking if g++ PIC flag -fPIC works
configure:13524: g++ -c -O3 -pipe -DNDEBUG -pedantic-errors -Wparentheses -Wreturn-type -Wcast-qual -Wall -Wpointer-arith -Wwrite-strings -Wconversion -Wno-unknown-pragmas -Wno-long-long    -fPIC -DPIC conftest.cpp >&5
configure:13528: $? = 0
configure:13541: result: yes
configure:13569: checking if g++ static flag -static works
configure:13597: result: no
configure:13607: checking if g++ supports -c -o file.o
configure:13628: g++ -c -O3 -pipe -DNDEBUG -pedantic-errors -Wparentheses -Wreturn-type -Wcast-qual -Wall -Wpointer-arith -Wwrite-strings -Wconversion -Wno-unknown-pragmas -Wno-long-long    -o out/conftest2.o conftest.cpp >&5
configure:13632: $? = 0
configure:13654: result: yes
configure:13680: checking whether the g++ linker (/bin/ld -m elf_x86_64) supports shared libraries
configure:13705: result: yes
configure:13772: checking dynamic linker characteristics
configure:14360: result: GNU/Linux ld.so
configure:14369: checking how to hardcode library paths into programs
configure:14394: result: immediate
configure:14920: checking if libtool supports shared libraries
configure:14922: result: yes
configure:14925: checking whether to build shared libraries
configure:14945: result: yes
configure:14948: checking whether to build static libraries
configure:14952: result: no
configure:14962: checking for gfortran option to produce PIC
configure:15172: result: -fPIC
configure:15180: checking if gfortran PIC flag -fPIC works
configure:15198: gfortran -c -O3 -pipe   -fPIC conftest.f >&5
configure:15202: $? = 0
configure:15215: result: yes
configure:15243: checking if gfortran static flag -static works
configure:15271: result: no
configure:15281: checking if gfortran supports -c -o file.o
configure:15302: gfortran -c -O3 -pipe   -o out/conftest2.o conftest.f >&5
configure:15306: $? = 0
configure:15328: result: yes
configure:15354: checking whether the gfortran linker (/bin/ld -m elf_x86_64) supports shared libraries
configure:16292: result: yes
configure:16359: checking dynamic linker characteristics
configure:16947: result: GNU/Linux ld.so
configure:16956: checking how to hardcode library paths into programs
configure:16981: result: immediate
configure:20567: Build is "x86_64-unknown-linux-gnu".
configure:20820: checking if library version is set
configure:20827: result: no
configure:20843: checking whether source of project ASL is available and should be compiled
configure:20952: result: no, source file ./ThirdParty/ASL/solvers/asl.h not available
configure:20967: checking whether source of project Blas is available and should be compiled
configure:21092: result: no, source file ./ThirdParty/Blas/daxpy.f not available
configure:21107: checking whether source of project Lapack is available and should be compiled
configure:21232: result: no, source file ./ThirdParty/Lapack/LAPACK/SRC/dlarf.f not available
configure:21247: checking whether source of project Metis is available and should be compiled
configure:21356: result: no, source file ./ThirdParty/Metis/metis-4.0/Lib/balance.c not available
configure:21371: checking whether source of project Mumps is available and should be compiled
configure:21480: result: no, source file ./ThirdParty/Mumps/MUMPS/src/dmumps_part1.F not available
configure:21495: checking whether source of project Glpk is available and should be compiled
configure:21604: result: no, source file ./ThirdParty/Glpk/glpk/src/glplpx01.c not available
configure:21619: checking whether source of project Sample is available and should be compiled
configure:21720: result: yes, source in Data/Sample
configure:21735: checking whether source of project Netlib is available and should be compiled
configure:21836: result: yes, source in Data/Netlib
configure:21851: checking whether source of project CoinUtils is available and should be compiled
configure:21948: result: yes, source in CoinUtils
configure:21963: checking whether source of project Osi is available and should be compiled
configure:22060: result: yes, source in Osi
configure:22075: checking whether source of project Clp is available and should be compiled
configure:22172: result: yes, source in Clp
configure:22193: configuring doxygen documentation options
configure:22200: checking for doxygen
configure:22216: found /bin/doxygen
configure:22227: result: yes
configure:22236: checking for latex
configure:22263: result: no
configure:22291: checking for dot
configure:22318: result: NO
configure:22369: checking for doxygen doc'n for CoinUtils 
configure:22401: result: /opt/cdec-clp//share/coin/doc/CoinUtils/doxydoc (tag)
configure:22369: checking for doxygen doc'n for Osi 
configure:22401: result: /opt/cdec-clp//share/coin/doc/Osi/doxydoc (tag)
configure:22426: checking which command should be used to link input files
configure:22434: result: ln -s
configure:22680: creating ./config.status

## ---------------------- ##
## Running config.status. ##
## ---------------------- ##

This file was extended by Clp config.status 1.16, which was
generated by GNU Autoconf 2.59.  Invocation command line was

  CONFIG_FILES    = 
  CONFIG_HEADERS  = 
  CONFIG_LINKS    = 
  CONFIG_COMMANDS = 
  $ ./config.status 

on alfalfal.cdecsic.cl

config.status:763: creating Makefile
config.status:763: creating doxydoc/doxygen.conf
config.status:946: executing depfiles commands
configure:23841: configuring in Data/Sample
configure:23958: running /bin/sh './configure' --prefix=/opt/cdec-clp/  '-C' '--prefix=/opt/cdec-clp/' '--with-gurobi-incdir=/opt/gurobi/linux64/include/' '--with-gurobi-lib=/opt/gurobi/linux64/lib/libgurobi60.so' '--disable-gurobi-libcheck' '--with-cplex-incdir=/opt/cplex/cplex/include/ilcplex' '--with-cplex-lib=/opt/cplex/cplex/lib/x86-64_linux/static_pic/libcplex.a' '--disable-cplex-libcheck' --cache-file=../../config.cache --srcdir=.
configure:23841: configuring in Data/Netlib
configure:23958: running /bin/sh './configure' --prefix=/opt/cdec-clp/  '-C' '--prefix=/opt/cdec-clp/' '--with-gurobi-incdir=/opt/gurobi/linux64/include/' '--with-gurobi-lib=/opt/gurobi/linux64/lib/libgurobi60.so' '--disable-gurobi-libcheck' '--with-cplex-incdir=/opt/cplex/cplex/include/ilcplex' '--with-cplex-lib=/opt/cplex/cplex/lib/x86-64_linux/static_pic/libcplex.a' '--disable-cplex-libcheck' --cache-file=../../config.cache --srcdir=.
configure:23841: configuring in CoinUtils
configure:23958: running /bin/sh './configure' --prefix=/opt/cdec-clp/  '-C' '--prefix=/opt/cdec-clp/' '--with-gurobi-incdir=/opt/gurobi/linux64/include/' '--with-gurobi-lib=/opt/gurobi/linux64/lib/libgurobi60.so' '--disable-gurobi-libcheck' '--with-cplex-incdir=/opt/cplex/cplex/include/ilcplex' '--with-cplex-lib=/opt/cplex/cplex/lib/x86-64_linux/static_pic/libcplex.a' '--disable-cplex-libcheck' --cache-file=../config.cache --srcdir=.
configure:23841: configuring in Osi
configure:23958: running /bin/sh './configure' --prefix=/opt/cdec-clp/  '-C' '--prefix=/opt/cdec-clp/' '--with-gurobi-incdir=/opt/gurobi/linux64/include/' '--with-gurobi-lib=/opt/gurobi/linux64/lib/libgurobi60.so' '--disable-gurobi-libcheck' '--with-cplex-incdir=/opt/cplex/cplex/include/ilcplex' '--with-cplex-lib=/opt/cplex/cplex/lib/x86-64_linux/static_pic/libcplex.a' '--disable-cplex-libcheck' --cache-file=../config.cache --srcdir=.
configure:23841: configuring in Clp
configure:23958: running /bin/sh './configure' --prefix=/opt/cdec-clp/  '-C' '--prefix=/opt/cdec-clp/' '--with-gurobi-incdir=/opt/gurobi/linux64/include/' '--with-gurobi-lib=/opt/gurobi/linux64/lib/libgurobi60.so' '--disable-gurobi-libcheck' '--with-cplex-incdir=/opt/cplex/cplex/include/ilcplex' '--with-cplex-lib=/opt/cplex/cplex/lib/x86-64_linux/static_pic/libcplex.a' '--disable-cplex-libcheck' --cache-file=../config.cache --srcdir=.
configure:24027: In case of trouble, first consult the troubleshooting page at https://projects.coin-or.org/BuildTools/wiki/user-troubleshooting
configure:24033: Main configuration of Clp successful

## ---------------- ##
## Cache variables. ##
## ---------------- ##

ac_cv_build=x86_64-unknown-linux-gnu
ac_cv_build_alias=x86_64-unknown-linux-gnu
ac_cv_c_compiler_gnu=yes
ac_cv_cxx_compiler_gnu=yes
ac_cv_env_ADD_CFLAGS_set=
ac_cv_env_ADD_CFLAGS_value=
ac_cv_env_ADD_CXXFLAGS_set=
ac_cv_env_ADD_CXXFLAGS_value=
ac_cv_env_ADD_FFLAGS_set=
ac_cv_env_ADD_FFLAGS_value=
ac_cv_env_CC_set=
ac_cv_env_CC_value=
ac_cv_env_CDEFS_set=
ac_cv_env_CDEFS_value=
ac_cv_env_CFLAGS_set=
ac_cv_env_CFLAGS_value=
ac_cv_env_COIN_SKIP_PROJECTS_set=
ac_cv_env_COIN_SKIP_PROJECTS_value=
ac_cv_env_CPPFLAGS_set=
ac_cv_env_CPPFLAGS_value=
ac_cv_env_CPP_set=
ac_cv_env_CPP_value=
ac_cv_env_CXXCPP_set=
ac_cv_env_CXXCPP_value=
ac_cv_env_CXXDEFS_set=
ac_cv_env_CXXDEFS_value=
ac_cv_env_CXXFLAGS_set=
ac_cv_env_CXXFLAGS_value=
ac_cv_env_CXX_set=
ac_cv_env_CXX_value=
ac_cv_env_DBG_CFLAGS_set=
ac_cv_env_DBG_CFLAGS_value=
ac_cv_env_DBG_CXXFLAGS_set=
ac_cv_env_DBG_CXXFLAGS_value=
ac_cv_env_DBG_FFLAGS_set=
ac_cv_env_DBG_FFLAGS_value=
ac_cv_env_F77_set=
ac_cv_env_F77_value=
ac_cv_env_FFLAGS_set=
ac_cv_env_FFLAGS_value=
ac_cv_env_LDFLAGS_set=
ac_cv_env_LDFLAGS_value=
ac_cv_env_MPICC_set=
ac_cv_env_MPICC_value=
ac_cv_env_MPICXX_set=
ac_cv_env_MPICXX_value=
ac_cv_env_MPIF77_set=
ac_cv_env_MPIF77_value=
ac_cv_env_OPT_CFLAGS_set=
ac_cv_env_OPT_CFLAGS_value=
ac_cv_env_OPT_CXXFLAGS_set=
ac_cv_env_OPT_CXXFLAGS_value=
ac_cv_env_OPT_FFLAGS_set=
ac_cv_env_OPT_FFLAGS_value=
ac_cv_env_build_alias_set=
ac_cv_env_build_alias_value=
ac_cv_env_host_alias_set=
ac_cv_env_host_alias_value=
ac_cv_env_target_alias_set=
ac_cv_env_target_alias_value=
ac_cv_exeext=
ac_cv_f77_compiler_gnu=yes
ac_cv_header_dlfcn_h=yes
ac_cv_header_inttypes_h=yes
ac_cv_header_memory_h=yes
ac_cv_header_stdc=yes
ac_cv_header_stdint_h=yes
ac_cv_header_stdlib_h=yes
ac_cv_header_string_h=yes
ac_cv_header_strings_h=yes
ac_cv_header_sys_stat_h=yes
ac_cv_header_sys_types_h=yes
ac_cv_header_unistd_h=yes
ac_cv_host=x86_64-unknown-linux-gnu
ac_cv_host_alias=x86_64-unknown-linux-gnu
ac_cv_objext=o
ac_cv_path_install='/bin/install -c'
ac_cv_prog_AWK=gawk
ac_cv_prog_CPP='gcc -E'
ac_cv_prog_CXXCPP='g++ -E'
ac_cv_prog_ac_ct_AR=ar
ac_cv_prog_ac_ct_CC=gcc
ac_cv_prog_ac_ct_CXX=g++
ac_cv_prog_ac_ct_F77=gfortran
ac_cv_prog_ac_ct_RANLIB=ranlib
ac_cv_prog_ac_ct_STRIP=strip
ac_cv_prog_cc_g=yes
ac_cv_prog_cc_stdc=
ac_cv_prog_coin_doxy_usedot=NO
ac_cv_prog_coin_have_doxygen=yes
ac_cv_prog_coin_have_latex=no
ac_cv_prog_cxx_g=yes
ac_cv_prog_egrep='grep -E'
ac_cv_prog_f77_g=yes
ac_cv_prog_make_make_set=yes
am_cv_CC_dependencies_compiler_type=gcc3
am_cv_CXX_dependencies_compiler_type=gcc3
lt_cv_deplibs_check_method=pass_all
lt_cv_file_magic_cmd='$MAGIC_CMD'
lt_cv_file_magic_test_file=
lt_cv_ld_reload_flag=-r
lt_cv_objdir=.libs
lt_cv_path_LD=/bin/ld
lt_cv_path_LDCXX='/bin/ld -m elf_x86_64'
lt_cv_path_NM='/bin/nm -B'
lt_cv_path_SED=/bin/sed
lt_cv_prog_compiler_c_o=yes
lt_cv_prog_compiler_c_o_CXX=yes
lt_cv_prog_compiler_c_o_F77=yes
lt_cv_prog_compiler_rtti_exceptions=no
lt_cv_prog_gnu_ld=yes
lt_cv_prog_gnu_ldcxx=yes
lt_cv_sys_global_symbol_pipe='sed -n -e '\''s/^.*[ 	]\([ABCDGIRSTW][ABCDGIRSTW]*\)[ 	][ 	]*\([_A-Za-z][_A-Za-z0-9]*\)$/\1 \2 \2/p'\'''
lt_cv_sys_global_symbol_to_c_name_address='sed -n -e '\''s/^: \([^ ]*\) $/  {\"\1\", (lt_ptr) 0},/p'\'' -e '\''s/^[BCDEGRST] \([^ ]*\) \([^ ]*\)$/  {"\2", (lt_ptr) \&\2},/p'\'''
lt_cv_sys_global_symbol_to_cdecl='sed -n -e '\''s/^. .* \(.*\)$/extern int \1;/p'\'''
lt_cv_sys_max_cmd_len=32768
lt_lt_cv_prog_compiler_c_o='"yes"'
lt_lt_cv_prog_compiler_c_o_CXX='"yes"'
lt_lt_cv_prog_compiler_c_o_F77='"yes"'
lt_lt_cv_sys_global_symbol_pipe='"sed -n -e '\''s/^.*[ 	]\\([ABCDGIRSTW][ABCDGIRSTW]*\\)[ 	][ 	]*\\([_A-Za-z][_A-Za-z0-9]*\\)\$/\\1 \\2 \\2/p'\''"'
lt_lt_cv_sys_global_symbol_to_c_name_address='"sed -n -e '\''s/^: \\([^ ]*\\) \$/  {\\\"\\1\\\", (lt_ptr) 0},/p'\'' -e '\''s/^[BCDEGRST] \\([^ ]*\\) \\([^ ]*\\)\$/  {\"\\2\", (lt_ptr) \\&\\2},/p'\''"'
lt_lt_cv_sys_global_symbol_to_cdecl='"sed -n -e '\''s/^. .* \\(.*\\)\$/extern int \\1;/p'\''"'

## ----------------- ##
## Output variables. ##
## ----------------- ##

ABSBUILDDIR=''
ACLOCAL='${SHELL} /home/rcardenas/modelos/CLP1.16-CDEC/missing --run aclocal-1.9'
ADD_CFLAGS=''
ADD_CXXFLAGS=''
ADD_FFLAGS=''
AMDEPBACKSLASH='\'
AMDEP_FALSE='#'
AMDEP_TRUE=''
AMTAR='${SHELL} /home/rcardenas/modelos/CLP1.16-CDEC/missing --run tar'
AR='ar'
AUTOCONF='${SHELL} /home/rcardenas/modelos/CLP1.16-CDEC/missing --run autoconf'
AUTOHEADER='${SHELL} /home/rcardenas/modelos/CLP1.16-CDEC/missing --run autoheader'
AUTOMAKE='${SHELL} /home/rcardenas/modelos/CLP1.16-CDEC/missing --run automake-1.9'
AUX_DIR=''
AWK='gawk'
BUILDTOOLSDIR=''
CC='gcc'
CCDEPMODE='depmode=gcc3'
CDEFS=''
CFLAGS='-O3 -pipe -DNDEBUG -pedantic-errors -Wimplicit -Wparentheses -Wsequence-point -Wreturn-type -Wcast-qual -Wall -Wno-unknown-pragmas -Wno-long-long  '
COIN_CC_IS_CL_FALSE=''
COIN_CC_IS_CL_TRUE='#'
COIN_CXX_IS_CL_FALSE=''
COIN_CXX_IS_CL_TRUE='#'
COIN_HAS_DOXYGEN_FALSE='#'
COIN_HAS_DOXYGEN_TRUE=''
COIN_HAS_LATEX_FALSE=''
COIN_HAS_LATEX_TRUE='#'
COIN_SKIP_PROJECTS=''
CPP='gcc -E'
CPPFLAGS=''
CXX='g++'
CXXCPP='g++ -E'
CXXDEFS=''
CXXDEPMODE='depmode=gcc3'
CXXFLAGS='-O3 -pipe -DNDEBUG -pedantic-errors -Wparentheses -Wreturn-type -Wcast-qual -Wall -Wpointer-arith -Wwrite-strings -Wconversion -Wno-unknown-pragmas -Wno-long-long  '
CYGPATH_W='echo'
DBG_CFLAGS='-g -O0 -pipe -pedantic-errors -Wimplicit -Wparentheses -Wsequence-point -Wreturn-type -Wcast-qual -Wall -Wno-unknown-pragmas -Wno-long-long  '
DBG_CXXFLAGS='-g -O0 -pipe -pedantic-errors -Wparentheses -Wreturn-type -Wcast-qual -Wall -Wpointer-arith -Wwrite-strings -Wconversion -Wno-unknown-pragmas -Wno-long-long  '
DBG_FFLAGS='-g -O0 -pipe  '
DEFS='-DPACKAGE_NAME=\"Clp\" -DPACKAGE_TARNAME=\"clp\" -DPACKAGE_VERSION=\"1.16\" -DPACKAGE_STRING=\"Clp\ 1.16\" -DPACKAGE_BUGREPORT=\"coin-clp@lists.coin-or.org\" -DPACKAGE=\"clp\" -DVERSION=\"1.16\" -DSTDC_HEADERS=1 -DHAVE_SYS_TYPES_H=1 -DHAVE_SYS_STAT_H=1 -DHAVE_STDLIB_H=1 -DHAVE_STRING_H=1 -DHAVE_MEMORY_H=1 -DHAVE_STRINGS_H=1 -DHAVE_INTTYPES_H=1 -DHAVE_STDINT_H=1 -DHAVE_UNISTD_H=1 -DHAVE_DLFCN_H=1 '
DEPDIR='.deps'
DEPENDENCY_LINKING_FALSE='#'
DEPENDENCY_LINKING_TRUE=''
ECHO='echo'
ECHO_C=''
ECHO_N='-n'
ECHO_T=''
EGREP='grep -E'
EXEEXT=''
F77='gfortran'
FFLAGS='-O3 -pipe  '
HAVE_EXTERNALS_FALSE=''
HAVE_EXTERNALS_TRUE='#'
INSTALL_DATA='${INSTALL} -m 644'
INSTALL_PROGRAM='${INSTALL}'
INSTALL_SCRIPT='${INSTALL}'
INSTALL_STRIP_PROGRAM='${SHELL} $(install_sh) -c -s'
LDFLAGS=''
LIBEXT='a'
LIBOBJS=''
LIBS=''
LIBTOOL='$(SHELL) $(top_builddir)/libtool'
LIBTOOLM4=''
LN_S='ln -s'
LTLIBOBJS=''
LT_LDFLAGS='-no-undefined'
MAINT='#'
MAINTAINER_MODE_FALSE=''
MAINTAINER_MODE_TRUE='#'
MAKEINFO='${SHELL} /home/rcardenas/modelos/CLP1.16-CDEC/missing --run makeinfo'
MPICC=''
MPICXX=''
MPIF77=''
OBJEXT='o'
OPT_CFLAGS='-O3 -pipe -DNDEBUG -pedantic-errors -Wimplicit -Wparentheses -Wsequence-point -Wreturn-type -Wcast-qual -Wall -Wno-unknown-pragmas -Wno-long-long  '
OPT_CXXFLAGS='-O3 -pipe -DNDEBUG -pedantic-errors -Wparentheses -Wreturn-type -Wcast-qual -Wall -Wpointer-arith -Wwrite-strings -Wconversion -Wno-unknown-pragmas -Wno-long-long  '
OPT_FFLAGS='-O3 -pipe  '
PACKAGE='clp'
PACKAGE_BUGREPORT='coin-clp@lists.coin-or.org'
PACKAGE_NAME='Clp'
PACKAGE_STRING='Clp 1.16'
PACKAGE_TARNAME='clp'
PACKAGE_VERSION='1.16'
PATH_SEPARATOR=':'
RANLIB='ranlib'
RPATH_FLAGS=' -Wl,--rpath -Wl,/home/rcardenas/modelos/CLP1.16-CDEC/lib'
SET_MAKE=''
SHELL='/bin/sh'
STRIP='strip'
VERSION='1.16'
VPATH_DISTCLEANFILES=''
abs_bin_dir='/home/rcardenas/modelos/CLP1.16-CDEC/bin'
abs_include_dir='/home/rcardenas/modelos/CLP1.16-CDEC/include'
abs_lib_dir='/home/rcardenas/modelos/CLP1.16-CDEC/lib'
abs_source_dir='/home/rcardenas/modelos/CLP1.16-CDEC'
ac_c_preproc_warn_flag=''
ac_ct_AR='ar'
ac_ct_CC='gcc'
ac_ct_CXX='g++'
ac_ct_F77='gfortran'
ac_ct_RANLIB='ranlib'
ac_ct_STRIP='strip'
ac_cxx_preproc_warn_flag=''
am__fastdepCC_FALSE='#'
am__fastdepCC_TRUE=''
am__fastdepCXX_FALSE='#'
am__fastdepCXX_TRUE=''
am__include='include'
am__leading_dot='.'
am__quote=''
am__tar='${AMTAR} chof - "$$tardir"'
am__untar='${AMTAR} xf -'
bindir='${exec_prefix}/bin'
build='x86_64-unknown-linux-gnu'
build_alias=''
build_cpu='x86_64'
build_os='linux-gnu'
build_vendor='unknown'
coin_doxy_excludes=''
coin_doxy_logname='doxydoc/clp_doxy.log'
coin_doxy_tagfiles=' /opt/cdec-clp//share/coin/doc/CoinUtils/doxydoc/coinutils_doxy.tag=/opt/cdec-clp//share/coin/doc/CoinUtils/doxydoc/html /opt/cdec-clp//share/coin/doc/Osi/doxydoc/osi_doxy.tag=/opt/cdec-clp//share/coin/doc/Osi/doxydoc/html'
coin_doxy_tagname='doxydoc/clp_doxy.tag'
coin_doxy_usedot='NO'
coin_have_doxygen='yes'
coin_have_latex='no'
datadir='${prefix}/share'
exec_prefix='${prefix}'
have_autoconf=''
have_automake=''
have_svn=''
host='x86_64-unknown-linux-gnu'
host_alias=''
host_cpu='x86_64'
host_os='linux-gnu'
host_vendor='unknown'
includedir='${prefix}/include'
infodir='${prefix}/info'
install_sh='/home/rcardenas/modelos/CLP1.16-CDEC/install-sh'
libdir='${exec_prefix}/lib'
libexecdir='${exec_prefix}/libexec'
localstatedir='${prefix}/var'
mandir='${prefix}/man'
mkdir_p='mkdir -p --'
oldincludedir='/usr/include'
prefix='/opt/cdec-clp/'
program_transform_name='s,x,x,'
sbindir='${exec_prefix}/sbin'
sharedstatedir='${prefix}/com'
sol_cc_compiler=''
subdirs=' Data/Sample Data/Netlib CoinUtils Osi Clp'
sysconfdir='${prefix}/etc'
target_alias=''

## ----------- ##
## confdefs.h. ##
## ----------- ##

#define HAVE_DLFCN_H 1
#define HAVE_INTTYPES_H 1
#define HAVE_MEMORY_H 1
#define HAVE_STDINT_H 1
#define HAVE_STDLIB_H 1
#define HAVE_STRINGS_H 1
#define HAVE_STRING_H 1
#define HAVE_SYS_STAT_H 1
#define HAVE_SYS_TYPES_H 1
#define HAVE_UNISTD_H 1
#define PACKAGE "clp"
#define PACKAGE_BUGREPORT "coin-clp@lists.coin-or.org"
#define PACKAGE_NAME "Clp"
#define PACKAGE_STRING "Clp 1.16"
#define PACKAGE_TARNAME "clp"
#define PACKAGE_VERSION "1.16"
#define STDC_HEADERS 1
#define VERSION "1.16"
#endif
#ifdef __cplusplus
extern "C" void exit (int) throw ();

configure: exit 0
