This file contains any messages produced by compilers while
running configure, to aid debugging if configure makes a mistake.

It was created by Osi configure 0.106, which was
generated by GNU Autoconf 2.59.  Invocation command line was

  $ ./configure --prefix=/opt/cdec-clp/ -C --prefix=/opt/cdec-clp/ --with-gurobi-incdir=/opt/gurobi/linux64/include/ --with-gurobi-lib=/opt/gurobi/linux64/lib/libgurobi60.so --disable-gurobi-libcheck --with-cplex-incdir=/opt/cplex/cplex/include/ilcplex --with-cplex-lib=/opt/cplex/cplex/lib/x86-64_linux/static_pic/libcplex.a --disable-cplex-libcheck --cache-file=../config.cache --srcdir=.

## --------- ##
## Platform. ##
## --------- ##

hostname = alfalfal.cdecsic.cl
uname -m = x86_64
uname -r = 3.10.0-327.4.5.el7.x86_64
uname -s = Linux
uname -v = #1 SMP Mon Jan 25 22:07:14 UTC 2016

/usr/bin/uname -p = x86_64
/bin/uname -X     = unknown

/bin/arch              = x86_64
/usr/bin/arch -k       = unknown
/usr/convex/getsysinfo = unknown
hostinfo               = unknown
/bin/machine           = unknown
/usr/bin/oslevel       = unknown
/bin/universe          = unknown

PATH: /sbin
PATH: /bin
PATH: /usr/sbin
PATH: /usr/bin


## ----------- ##
## Core tests. ##
## ----------- ##

configure:1539: loading cache ../config.cache
configure:1684: checking build system type
configure:1702: result: x86_64-unknown-linux-gnu
configure:1772: checking for svnversion
configure:1799: result: yes
configure:1828: checking whether we want to compile in debug mode
configure:1874: result: no
configure:2124: checking for gcc
configure:2150: result: gcc
configure:2171: checking for C compiler version
configure:2174: gcc --version </dev/null >&5
gcc (GCC) 4.8.5 20150623 (Red Hat 4.8.5-4)
Copyright (C) 2015 Free Software Foundation, Inc.
This is free software; see the source for copying conditions.  There is NO
warranty; not even for MERCHANTABILITY or FITNESS FOR A PARTICULAR PURPOSE.

configure:2177: $? = 0
configure:2179: gcc -v </dev/null >&5
Using built-in specs.
COLLECT_GCC=gcc
COLLECT_LTO_WRAPPER=/usr/libexec/gcc/x86_64-redhat-linux/4.8.5/lto-wrapper
Target: x86_64-redhat-linux
Configured with: ../configure --prefix=/usr --mandir=/usr/share/man --infodir=/usr/share/info --with-bugurl=http://bugzilla.redhat.com/bugzilla --enable-bootstrap --enable-shared --enable-threads=posix --enable-checking=release --with-system-zlib --enable-__cxa_atexit --disable-libunwind-exceptions --enable-gnu-unique-object --enable-linker-build-id --with-linker-hash-style=gnu --enable-languages=c,c++,objc,obj-c++,java,fortran,ada,go,lto --enable-plugin --enable-initfini-array --disable-libgcj --with-isl=/builddir/build/BUILD/gcc-4.8.5-20150702/obj-x86_64-redhat-linux/isl-install --with-cloog=/builddir/build/BUILD/gcc-4.8.5-20150702/obj-x86_64-redhat-linux/cloog-install --enable-gnu-indirect-function --with-tune=generic --with-arch_32=x86-64 --build=x86_64-redhat-linux
Thread model: posix
gcc version 4.8.5 20150623 (Red Hat 4.8.5-4) (GCC) 
configure:2182: $? = 0
configure:2184: gcc -V </dev/null >&5
gcc: error: unrecognized command line option '-V'
gcc: fatal error: no input files
compilation terminated.
configure:2187: $? = 4
configure:2210: checking for C compiler default output file name
configure:2213: gcc    conftest.c  >&5
configure:2216: $? = 0
configure:2262: result: a.out
configure:2267: checking whether the C compiler works
configure:2273: ./a.out
configure:2276: $? = 0
configure:2293: result: yes
configure:2300: checking whether we are cross compiling
configure:2302: result: no
configure:2305: checking for suffix of executables
configure:2307: gcc -o conftest    conftest.c  >&5
configure:2310: $? = 0
configure:2335: result: 
configure:2341: checking for suffix of object files
configure:2387: result: o
configure:2391: checking whether we are using the GNU C compiler
configure:2447: result: yes
configure:2453: checking whether gcc accepts -g
configure:2504: result: yes
configure:2521: checking for gcc option to accept ANSI C
configure:2628: result: none needed
configure:2646: gcc -c -g -O2  conftest.c >&5
conftest.c:2:3: error: unknown type name 'choke'
   choke me
   ^
conftest.c:2:3: error: expected '=', ',', ';', 'asm' or '__attribute__' at end of input
configure:2652: $? = 1
configure: failed program was:
| #ifndef __cplusplus
|   choke me
| #endif
configure:3080: gcc -o conftest -O3 -pipe -DNDEBUG -pedantic-errors -Wimplicit -Wparentheses -Wsequence-point -Wreturn-type -Wcast-qual -Wall -Wno-unknown-pragmas -Wno-long-long   -DOSI_BUILD   conftest.c  >&5
configure:3086: $? = 0
configure:3090: test -z 
			 || test ! -s conftest.err
configure:3093: $? = 0
configure:3096: test -s conftest
configure:3099: $? = 0
configure:3166: C compiler options are: -O3 -pipe -DNDEBUG -pedantic-errors -Wimplicit -Wparentheses -Wsequence-point -Wreturn-type -Wcast-qual -Wall -Wno-unknown-pragmas -Wno-long-long   -DOSI_BUILD
configure:3281: checking for g++
configure:3307: result: g++
configure:3323: checking for C++ compiler version
configure:3326: g++ --version </dev/null >&5
g++ (GCC) 4.8.5 20150623 (Red Hat 4.8.5-4)
Copyright (C) 2015 Free Software Foundation, Inc.
This is free software; see the source for copying conditions.  There is NO
warranty; not even for MERCHANTABILITY or FITNESS FOR A PARTICULAR PURPOSE.

configure:3329: $? = 0
configure:3331: g++ -v </dev/null >&5
Using built-in specs.
COLLECT_GCC=g++
COLLECT_LTO_WRAPPER=/usr/libexec/gcc/x86_64-redhat-linux/4.8.5/lto-wrapper
Target: x86_64-redhat-linux
Configured with: ../configure --prefix=/usr --mandir=/usr/share/man --infodir=/usr/share/info --with-bugurl=http://bugzilla.redhat.com/bugzilla --enable-bootstrap --enable-shared --enable-threads=posix --enable-checking=release --with-system-zlib --enable-__cxa_atexit --disable-libunwind-exceptions --enable-gnu-unique-object --enable-linker-build-id --with-linker-hash-style=gnu --enable-languages=c,c++,objc,obj-c++,java,fortran,ada,go,lto --enable-plugin --enable-initfini-array --disable-libgcj --with-isl=/builddir/build/BUILD/gcc-4.8.5-20150702/obj-x86_64-redhat-linux/isl-install --with-cloog=/builddir/build/BUILD/gcc-4.8.5-20150702/obj-x86_64-redhat-linux/cloog-install --enable-gnu-indirect-function --with-tune=generic --with-arch_32=x86-64 --build=x86_64-redhat-linux
Thread model: posix
gcc version 4.8.5 20150623 (Red Hat 4.8.5-4) (GCC) 
configure:3334: $? = 0
configure:3336: g++ -V </dev/null >&5
g++: error: unrecognized command line option '-V'
g++: fatal error: no input files
compilation terminated.
configure:3339: $? = 4
configure:3342: checking whether we are using the GNU C++ compiler
configure:3398: result: yes
configure:3404: checking whether g++ accepts -g
configure:3455: result: yes
configure:3497: g++ -c -g -O2  conftest.cc >&5
configure:3503: $? = 0
configure:3507: test -z 
			 || test ! -s conftest.err
configure:3510: $? = 0
configure:3513: test -s conftest.o
configure:3516: $? = 0
configure:3542: g++ -c -g -O2  conftest.cc >&5
conftest.cc: In function 'int main()':
conftest.cc:20:9: error: 'exit' was not declared in this scope
 exit (42);
         ^
configure:3548: $? = 1
configure: failed program was:
| /* confdefs.h.  */
| 
| #define PACKAGE_NAME "Osi"
| #define PACKAGE_TARNAME "osi"
| #define PACKAGE_VERSION "0.106"
| #define PACKAGE_STRING "Osi 0.106"
| #define PACKAGE_BUGREPORT "osi@list.coin-or.org"
| #define OSI_VERSION "0.106"
| #define OSI_VERSION_MAJOR 0
| #define OSI_VERSION_MINOR 106
| #define OSI_VERSION_RELEASE 9999
| #define OSI_SVN_REV 2086
| #define COIN_OSI_VERBOSITY 0
| #define COIN_OSI_CHECKLEVEL 0
| /* end confdefs.h.  */
| 
| int
| main ()
| {
| exit (42);
|   ;
|   return 0;
| }
configure:3497: g++ -c -g -O2  conftest.cc >&5
conftest.cc:16:40: error: 'void std::exit(int)' should have been declared inside 'std'
 extern "C" void std::exit (int) throw (); using std::exit;
                                        ^
configure:3503: $? = 1
configure: failed program was:
| /* confdefs.h.  */
| 
| #define PACKAGE_NAME "Osi"
| #define PACKAGE_TARNAME "osi"
| #define PACKAGE_VERSION "0.106"
| #define PACKAGE_STRING "Osi 0.106"
| #define PACKAGE_BUGREPORT "osi@list.coin-or.org"
| #define OSI_VERSION "0.106"
| #define OSI_VERSION_MAJOR 0
| #define OSI_VERSION_MINOR 106
| #define OSI_VERSION_RELEASE 9999
| #define OSI_SVN_REV 2086
| #define COIN_OSI_VERBOSITY 0
| #define COIN_OSI_CHECKLEVEL 0
| /* end confdefs.h.  */
| extern "C" void std::exit (int) throw (); using std::exit;
| #include <stdlib.h>
| int
| main ()
| {
| exit (42);
|   ;
|   return 0;
| }
configure:3497: g++ -c -g -O2  conftest.cc >&5
conftest.cc:16:31: error: 'void std::exit(int)' should have been declared inside 'std'
 extern "C" void std::exit (int); using std::exit;
                               ^
In file included from conftest.cc:17:0:
/usr/include/stdlib.h:542:70: error: declaration of 'void std::exit(int) throw ()' has a different exception specifier
 extern void exit (int __status) __THROW __attribute__ ((__noreturn__));
                                                                      ^
conftest.cc:16:17: error: from previous declaration 'void std::exit(int)'
 extern "C" void std::exit (int); using std::exit;
                 ^
configure:3503: $? = 1
configure: failed program was:
| /* confdefs.h.  */
| 
| #define PACKAGE_NAME "Osi"
| #define PACKAGE_TARNAME "osi"
| #define PACKAGE_VERSION "0.106"
| #define PACKAGE_STRING "Osi 0.106"
| #define PACKAGE_BUGREPORT "osi@list.coin-or.org"
| #define OSI_VERSION "0.106"
| #define OSI_VERSION_MAJOR 0
| #define OSI_VERSION_MINOR 106
| #define OSI_VERSION_RELEASE 9999
| #define OSI_SVN_REV 2086
| #define COIN_OSI_VERBOSITY 0
| #define COIN_OSI_CHECKLEVEL 0
| /* end confdefs.h.  */
| extern "C" void std::exit (int); using std::exit;
| #include <stdlib.h>
| int
| main ()
| {
| exit (42);
|   ;
|   return 0;
| }
configure:3497: g++ -c -g -O2  conftest.cc >&5
configure:3503: $? = 0
configure:3507: test -z 
			 || test ! -s conftest.err
configure:3510: $? = 0
configure:3513: test -s conftest.o
configure:3516: $? = 0
configure:3542: g++ -c -g -O2  conftest.cc >&5
configure:3548: $? = 0
configure:3552: test -z 
			 || test ! -s conftest.err
configure:3555: $? = 0
configure:3558: test -s conftest.o
configure:3561: $? = 0
configure:3593: checking whether C++ compiler g++ works
configure:3611: g++ -c -g -O2  conftest.cc >&5
configure:3617: $? = 0
configure:3621: test -z 
			 || test ! -s conftest.err
configure:3624: $? = 0
configure:3627: test -s conftest.o
configure:3630: $? = 0
configure:3632: result: yes
configure:3960: g++ -o conftest -O3 -pipe -DNDEBUG -pedantic-errors -Wparentheses -Wreturn-type -Wcast-qual -Wall -Wpointer-arith -Wwrite-strings -Wconversion -Wno-unknown-pragmas -Wno-long-long   -DOSI_BUILD   conftest.cc  >&5
configure:3966: $? = 0
configure:3970: test -z 
			 || test ! -s conftest.err
configure:3973: $? = 0
configure:3976: test -s conftest
configure:3979: $? = 0
configure:4046: C++ compiler options are: -O3 -pipe -DNDEBUG -pedantic-errors -Wparentheses -Wreturn-type -Wcast-qual -Wall -Wpointer-arith -Wwrite-strings -Wconversion -Wno-unknown-pragmas -Wno-long-long   -DOSI_BUILD
configure:4166: checking for egrep
configure:4176: result: grep -E
configure:4181: checking whether ln -s works
configure:4185: result: yes
configure:4206: checking for a BSD-compatible install
configure:4261: result: /bin/install -c
configure:4272: checking whether build environment is sane
configure:4315: result: yes
configure:4380: checking for gawk
configure:4406: result: gawk
configure:4416: checking whether make sets $(MAKE)
configure:4436: result: yes
configure:4466: checking for style of include used by make
configure:4494: result: GNU
configure:4675: checking dependency style of gcc
configure:4765: result: gcc3
configure:4784: checking dependency style of g++
configure:4874: result: gcc3
configure:4892: checking whether to enable maintainer-specific portions of Makefiles
configure:4901: result: no
configure:20400: Using libtool script in directory ..
configure:20475: checking if library version is set
configure:20482: result: no
configure:20552: checking for pkg-config
configure:20578: result: pkg-config
configure:20593: checking pkg-config is at least version 0.16.0
configure:20596: result: yes
configure:20692: checking for COIN-OR package CoinUtils
configure:20834: result: yes: 2.10 
configure:21207: checking for COIN-OR package Glpk
configure:21371: result: not given: No package 'coinglpk' found
configure:21717: checking for COIN-OR package SoPlex
configure:21881: result: not given: No package 'coinsoplex' found
configure:22227: checking for COIN-OR package Sample
configure:22358: result: yes: 1.2 
configure:22707: checking for COIN-OR package Netlib
configure:22838: result: yes: 1.2 
configure:23197: checking if user provides library for Cplex
configure:23238: result: yes
configure:23380: checking if user provides library for Mosek
configure:23425: result: no
configure:23563: checking if user provides library for Xpress
configure:23608: result: no
configure:23746: checking if user provides library for Gurobi
configure:23787: result: yes
configure:24003: configuring doxygen documentation options
configure:24010: checking for doxygen
configure:24037: result: yes
configure:24065: checking for dot
configure:24092: result: NO
configure:24123: checking for doxygen doc'n for CoinUtils 
configure:24159: result: /opt/cdec-clp//share/coin/doc/CoinUtils/doxydoc (tag)
configure:24190: checking for cmath
configure:24195: result: yes
configure:24519: checking for cfloat
configure:24524: result: yes
configure:24848: checking for cieeefp
configure:24853: result: no
configure:25006: checking for ieeefp.h
configure:25011: result: no
configure:25212: checking which command should be used to link input files
configure:25220: result: ln -s
configure:25533: creating ./config.status

## ---------------------- ##
## Running config.status. ##
## ---------------------- ##

This file was extended by Osi config.status 0.106, which was
generated by GNU Autoconf 2.59.  Invocation command line was

  CONFIG_FILES    = 
  CONFIG_HEADERS  = 
  CONFIG_LINKS    = 
  CONFIG_COMMANDS = 
  $ ./config.status 

on alfalfal.cdecsic.cl

config.status:883: creating Makefile
config.status:883: creating examples/Makefile
config.status:883: creating src/Osi/Makefile
config.status:883: creating src/OsiCpx/Makefile
config.status:883: creating src/OsiGlpk/Makefile
config.status:883: creating src/OsiMsk/Makefile
config.status:883: creating src/OsiXpr/Makefile
config.status:883: creating src/OsiGrb/Makefile
config.status:883: creating src/OsiSpx/Makefile
config.status:883: creating src/OsiCommonTest/Makefile
config.status:883: creating test/Makefile
config.status:883: creating osi.pc
config.status:883: creating osi-uninstalled.pc
config.status:883: creating osi-unittests.pc
config.status:883: creating osi-unittests-uninstalled.pc
config.status:883: creating osi-cplex.pc
config.status:883: creating osi-cplex-uninstalled.pc
config.status:883: creating osi-gurobi.pc
config.status:883: creating osi-gurobi-uninstalled.pc
config.status:883: creating doxydoc/doxygen.conf
config.status:987: creating src/Osi/config.h
config.status:987: creating src/Osi/config_osi.h
config.status:1305: executing depfiles commands
configure:27067: In case of trouble, first consult the troubleshooting page at https://projects.coin-or.org/BuildTools/wiki/user-troubleshooting
configure:27070: Configuration of Osi successful

## ---------------- ##
## Cache variables. ##
## ---------------- ##

ac_cv_build=x86_64-unknown-linux-gnu
ac_cv_build_alias=x86_64-unknown-linux-gnu
ac_cv_c_compiler_gnu=yes
ac_cv_cxx_compiler_gnu=yes
ac_cv_env_ADD_CFLAGS_set=
ac_cv_env_ADD_CFLAGS_value=
ac_cv_env_ADD_CXXFLAGS_set=
ac_cv_env_ADD_CXXFLAGS_value=
ac_cv_env_ADD_FFLAGS_set=
ac_cv_env_ADD_FFLAGS_value=
ac_cv_env_CC_set=
ac_cv_env_CC_value=
ac_cv_env_CDEFS_set=
ac_cv_env_CDEFS_value=
ac_cv_env_CFLAGS_set=
ac_cv_env_CFLAGS_value=
ac_cv_env_COIN_SKIP_PROJECTS_set=
ac_cv_env_COIN_SKIP_PROJECTS_value=
ac_cv_env_CPPFLAGS_set=
ac_cv_env_CPPFLAGS_value=
ac_cv_env_CPP_set=
ac_cv_env_CPP_value=
ac_cv_env_CXXCPP_set=
ac_cv_env_CXXCPP_value=
ac_cv_env_CXXDEFS_set=
ac_cv_env_CXXDEFS_value=
ac_cv_env_CXXFLAGS_set=
ac_cv_env_CXXFLAGS_value=
ac_cv_env_CXX_set=
ac_cv_env_CXX_value=
ac_cv_env_DBG_CFLAGS_set=
ac_cv_env_DBG_CFLAGS_value=
ac_cv_env_DBG_CXXFLAGS_set=
ac_cv_env_DBG_CXXFLAGS_value=
ac_cv_env_DBG_FFLAGS_set=
ac_cv_env_DBG_FFLAGS_value=
ac_cv_env_F77_set=
ac_cv_env_F77_value=
ac_cv_env_FFLAGS_set=
ac_cv_env_FFLAGS_value=
ac_cv_env_LDFLAGS_set=
ac_cv_env_LDFLAGS_value=
ac_cv_env_MPICC_set=
ac_cv_env_MPICC_value=
ac_cv_env_MPICXX_set=
ac_cv_env_MPICXX_value=
ac_cv_env_MPIF77_set=
ac_cv_env_MPIF77_value=
ac_cv_env_OPT_CFLAGS_set=
ac_cv_env_OPT_CFLAGS_value=
ac_cv_env_OPT_CXXFLAGS_set=
ac_cv_env_OPT_CXXFLAGS_value=
ac_cv_env_OPT_FFLAGS_set=
ac_cv_env_OPT_FFLAGS_value=
ac_cv_env_PKG_CONFIG_set=
ac_cv_env_PKG_CONFIG_value=
ac_cv_env_build_alias_set=
ac_cv_env_build_alias_value=
ac_cv_env_host_alias_set=
ac_cv_env_host_alias_value=
ac_cv_env_target_alias_set=
ac_cv_env_target_alias_value=
ac_cv_exeext=
ac_cv_f77_compiler_gnu=yes
ac_cv_f77_dummy_main=none
ac_cv_f77_libs=' -L/usr/lib/gcc/x86_64-redhat-linux/4.8.5 -L/usr/lib/gcc/x86_64-redhat-linux/4.8.5/../../../../lib64 -L/lib/../lib64 -L/usr/lib/../lib64 -L/usr/lib/gcc/x86_64-redhat-linux/4.8.5/../../.. -lgfortran -lm -lquadmath'
ac_cv_f77_mangling='lower case, underscore, no extra underscore'
ac_cv_fortran_dummy_main=none
ac_cv_have_decl__finite=no
ac_cv_have_decl__isnan=no
ac_cv_have_decl_finite=no
ac_cv_have_decl_isfinite=no
ac_cv_have_decl_isnan=no
ac_cv_have_decl_isnand=no
ac_cv_have_decl_std__isnan_42_42_=no
ac_cv_header_bzlib_h=no
ac_cv_header_cfloat=yes
ac_cv_header_cieeefp=no
ac_cv_header_cinttypes=no
ac_cv_header_cmath=yes
ac_cv_header_cstdint=no
ac_cv_header_dlfcn_h=yes
ac_cv_header_endian_h=yes
ac_cv_header_ieeefp_h=no
ac_cv_header_inttypes_h=yes
ac_cv_header_memory_h=yes
ac_cv_header_stdc=yes
ac_cv_header_stdint_h=yes
ac_cv_header_stdlib_h=yes
ac_cv_header_string_h=yes
ac_cv_header_strings_h=yes
ac_cv_header_sys_stat_h=yes
ac_cv_header_sys_types_h=yes
ac_cv_header_unistd_h=yes
ac_cv_header_windows_h=no
ac_cv_header_zlib_h=yes
ac_cv_host=x86_64-unknown-linux-gnu
ac_cv_host_alias=x86_64-unknown-linux-gnu
ac_cv_lib_z_gzopen=yes
ac_cv_objext=o
ac_cv_path_install='/bin/install -c'
ac_cv_prog_AWK=gawk
ac_cv_prog_CPP='gcc -E'
ac_cv_prog_CXXCPP='g++ -E'
ac_cv_prog_ac_ct_AR=ar
ac_cv_prog_ac_ct_CC=gcc
ac_cv_prog_ac_ct_CXX=g++
ac_cv_prog_ac_ct_F77=gfortran
ac_cv_prog_ac_ct_PKG_CONFIG=pkg-config
ac_cv_prog_ac_ct_RANLIB=ranlib
ac_cv_prog_ac_ct_STRIP=strip
ac_cv_prog_cc_g=yes
ac_cv_prog_cc_stdc=
ac_cv_prog_coin_doxy_usedot=NO
ac_cv_prog_coin_have_doxygen=yes
ac_cv_prog_coin_have_latex=no
ac_cv_prog_cxx_g=yes
ac_cv_prog_egrep='grep -E'
ac_cv_prog_f77_g=yes
ac_cv_prog_f77_v=-v
ac_cv_prog_have_svnversion=yes
ac_cv_prog_make_make_set=yes
ac_cv_type_int64_t=yes
ac_cv_type_intptr_t=yes
am_cv_CC_dependencies_compiler_type=gcc3
am_cv_CXX_dependencies_compiler_type=gcc3
lt_cv_deplibs_check_method=pass_all
lt_cv_file_magic_cmd='$MAGIC_CMD'
lt_cv_file_magic_test_file=
lt_cv_ld_reload_flag=-r
lt_cv_objdir=.libs
lt_cv_path_LD=/bin/ld
lt_cv_path_LDCXX='/bin/ld -m elf_x86_64'
lt_cv_path_NM='/bin/nm -B'
lt_cv_path_SED=/bin/sed
lt_cv_prog_compiler_c_o=yes
lt_cv_prog_compiler_c_o_CXX=yes
lt_cv_prog_compiler_c_o_F77=yes
lt_cv_prog_compiler_rtti_exceptions=no
lt_cv_prog_gnu_ld=yes
lt_cv_prog_gnu_ldcxx=yes
lt_cv_sys_global_symbol_pipe='sed -n -e '\''s/^.*[ 	]\([ABCDGIRSTW][ABCDGIRSTW]*\)[ 	][ 	]*\([_A-Za-z][_A-Za-z0-9]*\)$/\1 \2 \2/p'\'''
lt_cv_sys_global_symbol_to_c_name_address='sed -n -e '\''s/^: \([^ ]*\) $/  {\"\1\", (lt_ptr) 0},/p'\'' -e '\''s/^[BCDEGRST] \([^ ]*\) \([^ ]*\)$/  {"\2", (lt_ptr) \&\2},/p'\'''
lt_cv_sys_global_symbol_to_cdecl='sed -n -e '\''s/^. .* \(.*\)$/extern int \1;/p'\'''
lt_cv_sys_max_cmd_len=32768
lt_lt_cv_prog_compiler_c_o='"yes"'
lt_lt_cv_prog_compiler_c_o_CXX='"yes"'
lt_lt_cv_prog_compiler_c_o_F77='"yes"'
lt_lt_cv_sys_global_symbol_pipe='"sed -n -e '\''s/^.*[ 	]\\([ABCDGIRSTW][ABCDGIRSTW]*\\)[ 	][ 	]*\\([_A-Za-z][_A-Za-z0-9]*\\)\$/\\1 \\2 \\2/p'\''"'
lt_lt_cv_sys_global_symbol_to_c_name_address='"sed -n -e '\''s/^: \\([^ ]*\\) \$/  {\\\"\\1\\\", (lt_ptr) 0},/p'\'' -e '\''s/^[BCDEGRST] \\([^ ]*\\) \\([^ ]*\\)\$/  {\"\\2\", (lt_ptr) \\&\\2},/p'\''"'
lt_lt_cv_sys_global_symbol_to_cdecl='"sed -n -e '\''s/^. .* \\(.*\\)\$/extern int \\1;/p'\''"'

## ----------------- ##
## Output variables. ##
## ----------------- ##

ABSBUILDDIR='/home/rcardenas/modelos/CLP1.16-CDEC/Osi'
ACLOCAL='${SHELL} /home/rcardenas/modelos/CLP1.16-CDEC/Osi/missing --run aclocal-1.9'
ADD_CFLAGS=''
ADD_CXXFLAGS=''
ALWAYS_FALSE_FALSE=''
ALWAYS_FALSE_TRUE='#'
AMDEPBACKSLASH='\'
AMDEP_FALSE='#'
AMDEP_TRUE=''
AMTAR='${SHELL} /home/rcardenas/modelos/CLP1.16-CDEC/Osi/missing --run tar'
AR='ar'
AUTOCONF='${SHELL} /home/rcardenas/modelos/CLP1.16-CDEC/Osi/missing --run autoconf'
AUTOHEADER='${SHELL} /home/rcardenas/modelos/CLP1.16-CDEC/Osi/missing --run autoheader'
AUTOMAKE='${SHELL} /home/rcardenas/modelos/CLP1.16-CDEC/Osi/missing --run automake-1.9'
AUX_DIR=''
AWK='gawk'
BUILDTOOLSDIR=''
CC='gcc'
CCDEPMODE='depmode=gcc3'
CDEFS=''
CFLAGS='-O3 -pipe -DNDEBUG -pedantic-errors -Wimplicit -Wparentheses -Wsequence-point -Wreturn-type -Wcast-qual -Wall -Wno-unknown-pragmas -Wno-long-long   -DOSI_BUILD'
COINUTILS_CFLAGS='-I/home/rcardenas/modelos/CLP1.16-CDEC/CoinUtils/src  '
COINUTILS_CFLAGS_INSTALLED=''
COINUTILS_DATA=''
COINUTILS_DATA_INSTALLED=''
COINUTILS_DEPENDENCIES=' /home/rcardenas/modelos/CLP1.16-CDEC/CoinUtils/src/libCoinUtils.la  '
COINUTILS_LIBS='/home/rcardenas/modelos/CLP1.16-CDEC/CoinUtils/src/libCoinUtils.la -lz -lm  '
COINUTILS_LIBS_INSTALLED=''
COIN_CC_IS_CL_FALSE=''
COIN_CC_IS_CL_TRUE='#'
COIN_CXX_IS_CL_FALSE=''
COIN_CXX_IS_CL_TRUE='#'
COIN_HAS_COINUTILS_FALSE='#'
COIN_HAS_COINUTILS_TRUE=''
COIN_HAS_CPX_FALSE='#'
COIN_HAS_CPX_TRUE=''
COIN_HAS_GLPK_FALSE=''
COIN_HAS_GLPK_TRUE='#'
COIN_HAS_GRB_FALSE='#'
COIN_HAS_GRB_TRUE=''
COIN_HAS_MSK_FALSE=''
COIN_HAS_MSK_TRUE='#'
COIN_HAS_NETLIB_FALSE='#'
COIN_HAS_NETLIB_TRUE=''
COIN_HAS_PKGCONFIG_FALSE='#'
COIN_HAS_PKGCONFIG_TRUE=''
COIN_HAS_SAMPLE_FALSE='#'
COIN_HAS_SAMPLE_TRUE=''
COIN_HAS_SOPLEX_FALSE=''
COIN_HAS_SOPLEX_TRUE='#'
COIN_HAS_XPR_FALSE=''
COIN_HAS_XPR_TRUE='#'
COIN_PKG_CONFIG_PATH='/opt/cdec-clp//lib64/pkgconfig:/opt/cdec-clp//lib/pkgconfig:/opt/cdec-clp//share/pkgconfig:'
COIN_PKG_CONFIG_PATH_UNINSTALLED='/home/rcardenas/modelos/CLP1.16-CDEC/Clp:/home/rcardenas/modelos/CLP1.16-CDEC/Osi:/home/rcardenas/modelos/CLP1.16-CDEC/CoinUtils:/home/rcardenas/modelos/CLP1.16-CDEC/Data/Netlib:/home/rcardenas/modelos/CLP1.16-CDEC/Data/Sample:'
CPP='gcc -E'
CPPFLAGS=''
CPXINCDIR='/opt/cplex/cplex/include/ilcplex'
CPXLIB='/opt/cplex/cplex/lib/x86-64_linux/static_pic/libcplex.a'
CXX='g++'
CXXCPP='g++ -E'
CXXDEFS=''
CXXDEPMODE='depmode=gcc3'
CXXFLAGS='-O3 -pipe -DNDEBUG -pedantic-errors -Wparentheses -Wreturn-type -Wcast-qual -Wall -Wpointer-arith -Wwrite-strings -Wconversion -Wno-unknown-pragmas -Wno-long-long   -DOSI_BUILD'
CYGPATH_W='echo'
DBG_CFLAGS='-g -O0 -pipe -pedantic-errors -Wimplicit -Wparentheses -Wsequence-point -Wreturn-type -Wcast-qual -Wall -Wno-unknown-pragmas -Wno-long-long  '
DBG_CXXFLAGS='-g -O0 -pipe -pedantic-errors -Wparentheses -Wreturn-type -Wcast-qual -Wall -Wpointer-arith -Wwrite-strings -Wconversion -Wno-unknown-pragmas -Wno-long-long  '
DEFS='-DHAVE_CONFIG_H'
DEPDIR='.deps'
DEPENDENCY_LINKING_FALSE=''
DEPENDENCY_LINKING_TRUE='#'
ECHO='echo'
ECHO_C=''
ECHO_N='-n'
ECHO_T=''
EGREP='grep -E'
EXEEXT=''
F77=''
FFLAGS=''
GLPK_CFLAGS=''
GLPK_CFLAGS_INSTALLED=''
GLPK_DATA=''
GLPK_DATA_INSTALLED=''
GLPK_DEPENDENCIES=''
GLPK_LIBS=''
GLPK_LIBS_INSTALLED=''
GRBINCDIR='/opt/gurobi/linux64/include'
GRBLIB='/opt/gurobi/linux64/lib/libgurobi60.so'
HAVE_EXTERNALS_FALSE=''
HAVE_EXTERNALS_TRUE='#'
INSTALL_DATA='${INSTALL} -m 644'
INSTALL_PROGRAM='${INSTALL}'
INSTALL_SCRIPT='${INSTALL}'
INSTALL_STRIP_PROGRAM='${SHELL} $(install_sh) -c -s'
LDFLAGS=''
LIBEXT='a'
LIBOBJS=''
LIBS=''
LIBTOOL='$(SHELL) $(top_builddir)/../libtool'
LIBTOOLM4=''
LN_S='ln -s'
LTLIBOBJS=''
LT_LDFLAGS=''
MAINT='#'
MAINTAINER_MODE_FALSE=''
MAINTAINER_MODE_TRUE='#'
MAKEINFO='${SHELL} /home/rcardenas/modelos/CLP1.16-CDEC/Osi/missing --run makeinfo'
MPICC=''
MPICXX=''
MSKINCDIR=''
MSKLIB=''
NETLIB_CFLAGS=' '
NETLIB_CFLAGS_INSTALLED=''
NETLIB_DATA='/home/rcardenas/modelos/CLP1.16-CDEC/Data/Netlib'
NETLIB_DATA_INSTALLED=''
NETLIB_DEPENDENCIES='  '
NETLIB_LIBS=' '
NETLIB_LIBS_INSTALLED=''
OBJEXT='o'
OPT_CFLAGS='-O3 -pipe -DNDEBUG -pedantic-errors -Wimplicit -Wparentheses -Wsequence-point -Wreturn-type -Wcast-qual -Wall -Wno-unknown-pragmas -Wno-long-long  '
OPT_CXXFLAGS='-O3 -pipe -DNDEBUG -pedantic-errors -Wparentheses -Wreturn-type -Wcast-qual -Wall -Wpointer-arith -Wwrite-strings -Wconversion -Wno-unknown-pragmas -Wno-long-long  '
OSIGLPKLIB_CFLAGS=''
OSIGLPKLIB_CFLAGS_INSTALLED=''
OSIGLPKLIB_DEPENDENCIES=''
OSIGLPKLIB_LIBS=''
OSIGLPKLIB_LIBS_INSTALLED=''
OSIGLPKLIB_PCLIBS=''
OSIGLPKLIB_PCREQUIRES=''
OSILIB_CFLAGS='-I/home/rcardenas/modelos/CLP1.16-CDEC/CoinUtils/src   '
OSILIB_CFLAGS_INSTALLED=''
OSILIB_DEPENDENCIES=' /home/rcardenas/modelos/CLP1.16-CDEC/CoinUtils/src/libCoinUtils.la    '
OSILIB_LIBS='/home/rcardenas/modelos/CLP1.16-CDEC/CoinUtils/src/libCoinUtils.la -lz -lm   '
OSILIB_LIBS_INSTALLED=''
OSILIB_PCLIBS=''
OSILIB_PCREQUIRES='coinutils '
OSISPXLIB_CFLAGS=''
OSISPXLIB_CFLAGS_INSTALLED=''
OSISPXLIB_DEPENDENCIES=''
OSISPXLIB_LIBS=''
OSISPXLIB_LIBS_INSTALLED=''
OSISPXLIB_PCLIBS=''
OSISPXLIB_PCREQUIRES=''
OSI_EXAMPLES_SOLVER_CFLAGS='-I/opt/cplex/cplex/include/ilcplex'
OSI_EXAMPLES_SOLVER_LIBS='-lOsiCpx /opt/cplex/cplex/lib/x86-64_linux/static_pic/libcplex.a'
OSI_EXAMPLES_SOLVER_NAME='OsiCpxSolverInterface'
OSI_EXAMPLES_SOLVER_PCNAME='osi-cplex'
OSI_SVN_REV='2086'
PACKAGE='osi'
PACKAGE_BUGREPORT='osi@list.coin-or.org'
PACKAGE_NAME='Osi'
PACKAGE_STRING='Osi 0.106'
PACKAGE_TARNAME='osi'
PACKAGE_VERSION='0.106'
PATH_SEPARATOR=':'
PKG_CONFIG='pkg-config'
RANLIB='ranlib'
RPATH_FLAGS=' -Wl,--rpath -Wl,/home/rcardenas/modelos/CLP1.16-CDEC/lib'
SAMPLE_CFLAGS=' '
SAMPLE_CFLAGS_INSTALLED=''
SAMPLE_DATA='/home/rcardenas/modelos/CLP1.16-CDEC/Data/Sample'
SAMPLE_DATA_INSTALLED=''
SAMPLE_DEPENDENCIES='  '
SAMPLE_LIBS=' '
SAMPLE_LIBS_INSTALLED=''
SET_MAKE=''
SHELL='/bin/sh'
SOPLEX_CFLAGS=''
SOPLEX_CFLAGS_INSTALLED=''
SOPLEX_DATA=''
SOPLEX_DATA_INSTALLED=''
SOPLEX_DEPENDENCIES=''
SOPLEX_LIBS=''
SOPLEX_LIBS_INSTALLED=''
STRIP='strip'
VERSION='0.106'
VPATH_DISTCLEANFILES=''
XPRINCDIR=''
XPRLIB=''
abs_bin_dir='/home/rcardenas/modelos/CLP1.16-CDEC/Osi/bin'
abs_include_dir='/home/rcardenas/modelos/CLP1.16-CDEC/Osi/include'
abs_lib_dir='/home/rcardenas/modelos/CLP1.16-CDEC/Osi/lib'
abs_source_dir='/home/rcardenas/modelos/CLP1.16-CDEC/Osi'
ac_c_preproc_warn_flag=''
ac_ct_AR='ar'
ac_ct_CC='gcc'
ac_ct_CXX='g++'
ac_ct_F77=''
ac_ct_PKG_CONFIG='pkg-config'
ac_ct_RANLIB='ranlib'
ac_ct_STRIP='strip'
ac_cxx_preproc_warn_flag=''
am__fastdepCC_FALSE='#'
am__fastdepCC_TRUE=''
am__fastdepCXX_FALSE='#'
am__fastdepCXX_TRUE=''
am__include='include'
am__leading_dot='.'
am__quote=''
am__tar='${AMTAR} chof - "$$tardir"'
am__untar='${AMTAR} xf -'
bindir='${exec_prefix}/bin'
build='x86_64-unknown-linux-gnu'
build_alias=''
build_cpu='x86_64'
build_os='linux-gnu'
build_vendor='unknown'
coin_doxy_excludes=''
coin_doxy_logname='doxydoc/osi_doxy.log'
coin_doxy_tagfiles=' /opt/cdec-clp//share/coin/doc/CoinUtils/doxydoc/coinutils_doxy.tag=/opt/cdec-clp//share/coin/doc/CoinUtils/doxydoc/html'
coin_doxy_tagname='doxydoc/osi_doxy.tag'
coin_doxy_usedot='NO'
coin_have_doxygen='yes'
datadir='${prefix}/share'
exec_prefix='${prefix}'
have_autoconf=''
have_automake=''
have_svn=''
have_svnversion='yes'
host='x86_64-unknown-linux-gnu'
host_alias=''
host_cpu='x86_64'
host_os='linux-gnu'
host_vendor='unknown'
includedir='${prefix}/include'
infodir='${prefix}/info'
install_sh='/home/rcardenas/modelos/CLP1.16-CDEC/Osi/install-sh'
libdir='${exec_prefix}/lib'
libexecdir='${exec_prefix}/libexec'
localstatedir='${prefix}/var'
mandir='${prefix}/man'
mkdir_p='mkdir -p --'
oldincludedir='/usr/include'
prefix='/opt/cdec-clp/'
program_transform_name='s,x,x,'
sbindir='${exec_prefix}/sbin'
sharedstatedir='${prefix}/com'
sol_cc_compiler=''
sysconfdir='${prefix}/etc'
target_alias=''

## ----------- ##
## confdefs.h. ##
## ----------- ##

#define COIN_HAS_COINUTILS 1
#define COIN_HAS_CPX 1
#define COIN_HAS_GRB 1
#define COIN_HAS_NETLIB 1
#define COIN_HAS_SAMPLE 1
#define COIN_OSI_CHECKLEVEL 0
#define COIN_OSI_VERBOSITY 0
#define GLPK_HAS_INTOPT 1
#define HAVE_CFLOAT 1
#define HAVE_CMATH 1
#define HAVE_DLFCN_H 1
#define HAVE_INTTYPES_H 1
#define HAVE_MEMORY_H 1
#define HAVE_STDINT_H 1
#define HAVE_STDLIB_H 1
#define HAVE_STRINGS_H 1
#define HAVE_STRING_H 1
#define HAVE_SYS_STAT_H 1
#define HAVE_SYS_TYPES_H 1
#define HAVE_UNISTD_H 1
#define OSI_SVN_REV 2086
#define OSI_VERSION "0.106"
#define OSI_VERSION_MAJOR 0
#define OSI_VERSION_MINOR 106
#define OSI_VERSION_RELEASE 9999
#define PACKAGE "osi"
#define PACKAGE_BUGREPORT "osi@list.coin-or.org"
#define PACKAGE_NAME "Osi"
#define PACKAGE_STRING "Osi 0.106"
#define PACKAGE_TARNAME "osi"
#define PACKAGE_VERSION "0.106"
#define STDC_HEADERS 1
#define VERSION "0.106"
#endif
#ifdef __cplusplus
extern "C" void exit (int) throw ();

configure: exit 0
