This file contains any messages produced by compilers while
running configure, to aid debugging if configure makes a mistake.

It was created by DataNetlib configure 1.2, which was
generated by GNU Autoconf 2.59.  Invocation command line was

  $ ./configure --prefix=/opt/cdec-clp/ -C --prefix=/opt/cdec-clp/ --with-gurobi-incdir=/opt/gurobi/linux64/include/ --with-gurobi-lib=/opt/gurobi/linux64/lib/libgurobi60.so --disable-gurobi-libcheck --with-cplex-incdir=/opt/cplex/cplex/include/ilcplex --with-cplex-lib=/opt/cplex/cplex/lib/x86-64_linux/static_pic/libcplex.a --disable-cplex-libcheck --cache-file=../../config.cache --srcdir=.

## --------- ##
## Platform. ##
## --------- ##

hostname = alfalfal.cdecsic.cl
uname -m = x86_64
uname -r = 3.10.0-327.4.5.el7.x86_64
uname -s = Linux
uname -v = #1 SMP Mon Jan 25 22:07:14 UTC 2016

/usr/bin/uname -p = x86_64
/bin/uname -X     = unknown

/bin/arch              = x86_64
/usr/bin/arch -k       = unknown
/usr/convex/getsysinfo = unknown
hostinfo               = unknown
/bin/machine           = unknown
/usr/bin/oslevel       = unknown
/bin/universe          = unknown

PATH: /sbin
PATH: /bin
PATH: /usr/sbin
PATH: /usr/bin


## ----------- ##
## Core tests. ##
## ----------- ##

configure:1238: loading cache ../../config.cache
configure:1407: checking for svnversion
configure:1434: result: yes
configure:1466: checking for egrep
configure:1476: result: grep -E
configure:1481: checking whether ln -s works
configure:1485: result: yes
configure:1531: checking for a BSD-compatible install
configure:1586: result: /bin/install -c
configure:1597: checking whether build environment is sane
configure:1640: result: yes
configure:1705: checking for gawk
configure:1731: result: gawk
configure:1741: checking whether make sets $(MAKE)
configure:1761: result: yes
configure:1934: checking whether to enable maintainer-specific portions of Makefiles
configure:1943: result: no
configure:2343: checking for style of include used by make
configure:2371: result: GNU
configure:2442: checking for gcc
configure:2468: result: gcc
configure:2712: checking for C compiler version
configure:2715: gcc --version </dev/null >&5
gcc (GCC) 4.8.5 20150623 (Red Hat 4.8.5-4)
Copyright (C) 2015 Free Software Foundation, Inc.
This is free software; see the source for copying conditions.  There is NO
warranty; not even for MERCHANTABILITY or FITNESS FOR A PARTICULAR PURPOSE.

configure:2718: $? = 0
configure:2720: gcc -v </dev/null >&5
Using built-in specs.
COLLECT_GCC=gcc
COLLECT_LTO_WRAPPER=/usr/libexec/gcc/x86_64-redhat-linux/4.8.5/lto-wrapper
Target: x86_64-redhat-linux
Configured with: ../configure --prefix=/usr --mandir=/usr/share/man --infodir=/usr/share/info --with-bugurl=http://bugzilla.redhat.com/bugzilla --enable-bootstrap --enable-shared --enable-threads=posix --enable-checking=release --with-system-zlib --enable-__cxa_atexit --disable-libunwind-exceptions --enable-gnu-unique-object --enable-linker-build-id --with-linker-hash-style=gnu --enable-languages=c,c++,objc,obj-c++,java,fortran,ada,go,lto --enable-plugin --enable-initfini-array --disable-libgcj --with-isl=/builddir/build/BUILD/gcc-4.8.5-20150702/obj-x86_64-redhat-linux/isl-install --with-cloog=/builddir/build/BUILD/gcc-4.8.5-20150702/obj-x86_64-redhat-linux/cloog-install --enable-gnu-indirect-function --with-tune=generic --with-arch_32=x86-64 --build=x86_64-redhat-linux
Thread model: posix
gcc version 4.8.5 20150623 (Red Hat 4.8.5-4) (GCC) 
configure:2723: $? = 0
configure:2725: gcc -V </dev/null >&5
gcc: error: unrecognized command line option '-V'
gcc: fatal error: no input files
compilation terminated.
configure:2728: $? = 4
configure:2751: checking for C compiler default output file name
configure:2754: gcc    conftest.c  >&5
configure:2757: $? = 0
configure:2803: result: a.out
configure:2808: checking whether the C compiler works
configure:2814: ./a.out
configure:2817: $? = 0
configure:2834: result: yes
configure:2841: checking whether we are cross compiling
configure:2843: result: no
configure:2846: checking for suffix of executables
configure:2848: gcc -o conftest    conftest.c  >&5
configure:2851: $? = 0
configure:2876: result: 
configure:2882: checking for suffix of object files
configure:2928: result: o
configure:2932: checking whether we are using the GNU C compiler
configure:2988: result: yes
configure:2994: checking whether gcc accepts -g
configure:3045: result: yes
configure:3062: checking for gcc option to accept ANSI C
configure:3169: result: none needed
configure:3187: gcc -c -g -O2  conftest.c >&5
conftest.c:2:3: error: unknown type name 'choke'
   choke me
   ^
conftest.c:2:3: error: expected '=', ',', ';', 'asm' or '__attribute__' at end of input
configure:3193: $? = 1
configure: failed program was:
| #ifndef __cplusplus
|   choke me
| #endif
configure:3328: checking dependency style of gcc
configure:3418: result: gcc3
configure:3441: checking how to run the C preprocessor
configure:3559: result: gcc -E
configure:3583: gcc -E  conftest.c
configure:3589: $? = 0
configure:3621: gcc -E  conftest.c
conftest.c:16:28: fatal error: ac_nonexistent.h: No such file or directory
 #include <ac_nonexistent.h>
                            ^
compilation terminated.
configure:3627: $? = 1
configure: failed program was:
| /* confdefs.h.  */
| 
| #define PACKAGE_NAME "DataNetlib"
| #define PACKAGE_TARNAME "datanetlib"
| #define PACKAGE_VERSION "1.2"
| #define PACKAGE_STRING "DataNetlib 1.2"
| #define PACKAGE_BUGREPORT "https://projects.coin-or.org/BuildTools/"
| #define DATANETLIB_VERSION "1.2"
| #define DATANETLIB_VERSION_MAJOR 1
| #define DATANETLIB_VERSION_MINOR 2
| #define DATANETLIB_VERSION_RELEASE 9999
| #define DATANETLIB_SVN_REV 437
| #define PACKAGE "datanetlib"
| #define VERSION "1.2"
| /* end confdefs.h.  */
| #include <ac_nonexistent.h>
configure:3671: checking for ANSI C header files
configure:3827: result: yes
configure:3851: checking for sys/types.h
configure:3897: result: yes
configure:3851: checking for sys/stat.h
configure:3897: result: yes
configure:3851: checking for stdlib.h
configure:3897: result: yes
configure:3851: checking for string.h
configure:3897: result: yes
configure:3851: checking for memory.h
configure:3897: result: yes
configure:3851: checking for strings.h
configure:3897: result: yes
configure:3851: checking for inttypes.h
configure:3897: result: yes
configure:3851: checking for stdint.h
configure:3897: result: yes
configure:3851: checking for unistd.h
configure:3897: result: yes
configure:3946: checking zlib.h usability
configure:3958: gcc -c -g -O2  conftest.c >&5
configure:3964: $? = 0
configure:3968: test -z 
			 || test ! -s conftest.err
configure:3971: $? = 0
configure:3974: test -s conftest.o
configure:3977: $? = 0
configure:3987: result: yes
configure:3991: checking zlib.h presence
configure:4001: gcc -E  conftest.c
configure:4007: $? = 0
configure:4027: result: yes
configure:4062: checking for zlib.h
configure:4069: result: yes
configure:4085: checking for gzopen in -lz
configure:4115: gcc -o conftest -g -O2   conftest.c -lz   >&5
configure:4121: $? = 0
configure:4125: test -z 
			 || test ! -s conftest.err
configure:4128: $? = 0
configure:4131: test -s conftest
configure:4134: $? = 0
configure:4147: result: yes
configure:4184: checking whether this is a VPATH configuration
configure:4191: result: no
configure:4200: checking build system type
configure:4218: result: x86_64-unknown-linux-gnu
configure:4337: checking which command should be used to link input files
configure:4345: result: ln -s
configure:4563: creating ./config.status

## ---------------------- ##
## Running config.status. ##
## ---------------------- ##

This file was extended by DataNetlib config.status 1.2, which was
generated by GNU Autoconf 2.59.  Invocation command line was

  CONFIG_FILES    = 
  CONFIG_HEADERS  = 
  CONFIG_LINKS    = 
  CONFIG_COMMANDS = 
  $ ./config.status 

on alfalfal.cdecsic.cl

config.status:715: creating Makefile
config.status:715: creating coindatanetlib.pc
config.status:715: creating coindatanetlib-uninstalled.pc
config.status:898: executing depfiles commands
configure:5685: In case of trouble, first consult the troubleshooting page at https://projects.coin-or.org/BuildTools/wiki/user-troubleshooting
configure:5688: Configuration of DataNetlib successful

## ---------------- ##
## Cache variables. ##
## ---------------- ##

ac_cv_build=x86_64-unknown-linux-gnu
ac_cv_build_alias=x86_64-unknown-linux-gnu
ac_cv_c_compiler_gnu=yes
ac_cv_cxx_compiler_gnu=yes
ac_cv_env_ADD_CFLAGS_set=
ac_cv_env_ADD_CFLAGS_value=
ac_cv_env_ADD_CXXFLAGS_set=
ac_cv_env_ADD_CXXFLAGS_value=
ac_cv_env_ADD_FFLAGS_set=
ac_cv_env_ADD_FFLAGS_value=
ac_cv_env_CC_set=
ac_cv_env_CC_value=
ac_cv_env_CDEFS_set=
ac_cv_env_CDEFS_value=
ac_cv_env_CFLAGS_set=
ac_cv_env_CFLAGS_value=
ac_cv_env_COIN_SKIP_PROJECTS_set=
ac_cv_env_COIN_SKIP_PROJECTS_value=
ac_cv_env_CPPFLAGS_set=
ac_cv_env_CPPFLAGS_value=
ac_cv_env_CPP_set=
ac_cv_env_CPP_value=
ac_cv_env_CXXCPP_set=
ac_cv_env_CXXCPP_value=
ac_cv_env_CXXDEFS_set=
ac_cv_env_CXXDEFS_value=
ac_cv_env_CXXFLAGS_set=
ac_cv_env_CXXFLAGS_value=
ac_cv_env_CXX_set=
ac_cv_env_CXX_value=
ac_cv_env_DBG_CFLAGS_set=
ac_cv_env_DBG_CFLAGS_value=
ac_cv_env_DBG_CXXFLAGS_set=
ac_cv_env_DBG_CXXFLAGS_value=
ac_cv_env_DBG_FFLAGS_set=
ac_cv_env_DBG_FFLAGS_value=
ac_cv_env_F77_set=
ac_cv_env_F77_value=
ac_cv_env_FFLAGS_set=
ac_cv_env_FFLAGS_value=
ac_cv_env_LDFLAGS_set=
ac_cv_env_LDFLAGS_value=
ac_cv_env_MPICC_set=
ac_cv_env_MPICC_value=
ac_cv_env_MPICXX_set=
ac_cv_env_MPICXX_value=
ac_cv_env_MPIF77_set=
ac_cv_env_MPIF77_value=
ac_cv_env_OPT_CFLAGS_set=
ac_cv_env_OPT_CFLAGS_value=
ac_cv_env_OPT_CXXFLAGS_set=
ac_cv_env_OPT_CXXFLAGS_value=
ac_cv_env_OPT_FFLAGS_set=
ac_cv_env_OPT_FFLAGS_value=
ac_cv_env_build_alias_set=
ac_cv_env_build_alias_value=
ac_cv_env_host_alias_set=
ac_cv_env_host_alias_value=
ac_cv_env_target_alias_set=
ac_cv_env_target_alias_value=
ac_cv_exeext=
ac_cv_f77_compiler_gnu=yes
ac_cv_header_dlfcn_h=yes
ac_cv_header_inttypes_h=yes
ac_cv_header_memory_h=yes
ac_cv_header_stdc=yes
ac_cv_header_stdint_h=yes
ac_cv_header_stdlib_h=yes
ac_cv_header_string_h=yes
ac_cv_header_strings_h=yes
ac_cv_header_sys_stat_h=yes
ac_cv_header_sys_types_h=yes
ac_cv_header_unistd_h=yes
ac_cv_header_zlib_h=yes
ac_cv_host=x86_64-unknown-linux-gnu
ac_cv_host_alias=x86_64-unknown-linux-gnu
ac_cv_lib_z_gzopen=yes
ac_cv_objext=o
ac_cv_path_install='/bin/install -c'
ac_cv_prog_AWK=gawk
ac_cv_prog_CPP='gcc -E'
ac_cv_prog_CXXCPP='g++ -E'
ac_cv_prog_ac_ct_AR=ar
ac_cv_prog_ac_ct_CC=gcc
ac_cv_prog_ac_ct_CXX=g++
ac_cv_prog_ac_ct_F77=gfortran
ac_cv_prog_ac_ct_RANLIB=ranlib
ac_cv_prog_ac_ct_STRIP=strip
ac_cv_prog_cc_g=yes
ac_cv_prog_cc_stdc=
ac_cv_prog_coin_doxy_usedot=NO
ac_cv_prog_coin_have_doxygen=yes
ac_cv_prog_coin_have_latex=no
ac_cv_prog_cxx_g=yes
ac_cv_prog_egrep='grep -E'
ac_cv_prog_f77_g=yes
ac_cv_prog_have_svnversion=yes
ac_cv_prog_make_make_set=yes
am_cv_CC_dependencies_compiler_type=gcc3
am_cv_CXX_dependencies_compiler_type=gcc3
lt_cv_deplibs_check_method=pass_all
lt_cv_file_magic_cmd='$MAGIC_CMD'
lt_cv_file_magic_test_file=
lt_cv_ld_reload_flag=-r
lt_cv_objdir=.libs
lt_cv_path_LD=/bin/ld
lt_cv_path_LDCXX='/bin/ld -m elf_x86_64'
lt_cv_path_NM='/bin/nm -B'
lt_cv_path_SED=/bin/sed
lt_cv_prog_compiler_c_o=yes
lt_cv_prog_compiler_c_o_CXX=yes
lt_cv_prog_compiler_c_o_F77=yes
lt_cv_prog_compiler_rtti_exceptions=no
lt_cv_prog_gnu_ld=yes
lt_cv_prog_gnu_ldcxx=yes
lt_cv_sys_global_symbol_pipe='sed -n -e '\''s/^.*[ 	]\([ABCDGIRSTW][ABCDGIRSTW]*\)[ 	][ 	]*\([_A-Za-z][_A-Za-z0-9]*\)$/\1 \2 \2/p'\'''
lt_cv_sys_global_symbol_to_c_name_address='sed -n -e '\''s/^: \([^ ]*\) $/  {\"\1\", (lt_ptr) 0},/p'\'' -e '\''s/^[BCDEGRST] \([^ ]*\) \([^ ]*\)$/  {"\2", (lt_ptr) \&\2},/p'\'''
lt_cv_sys_global_symbol_to_cdecl='sed -n -e '\''s/^. .* \(.*\)$/extern int \1;/p'\'''
lt_cv_sys_max_cmd_len=32768
lt_lt_cv_prog_compiler_c_o='"yes"'
lt_lt_cv_prog_compiler_c_o_CXX='"yes"'
lt_lt_cv_prog_compiler_c_o_F77='"yes"'
lt_lt_cv_sys_global_symbol_pipe='"sed -n -e '\''s/^.*[ 	]\\([ABCDGIRSTW][ABCDGIRSTW]*\\)[ 	][ 	]*\\([_A-Za-z][_A-Za-z0-9]*\\)\$/\\1 \\2 \\2/p'\''"'
lt_lt_cv_sys_global_symbol_to_c_name_address='"sed -n -e '\''s/^: \\([^ ]*\\) \$/  {\\\"\\1\\\", (lt_ptr) 0},/p'\'' -e '\''s/^[BCDEGRST] \\([^ ]*\\) \\([^ ]*\\)\$/  {\"\\2\", (lt_ptr) \\&\\2},/p'\''"'
lt_lt_cv_sys_global_symbol_to_cdecl='"sed -n -e '\''s/^. .* \\(.*\\)\$/extern int \\1;/p'\''"'

## ----------------- ##
## Output variables. ##
## ----------------- ##

ABSBUILDDIR='/home/rcardenas/modelos/CLP1.16-CDEC/Data/Netlib'
ACLOCAL='${SHELL} /home/rcardenas/modelos/CLP1.16-CDEC/Data/Netlib/missing --run aclocal-1.9'
ALWAYS_FALSE_FALSE=''
ALWAYS_FALSE_TRUE='#'
AMDEPBACKSLASH='\'
AMDEP_FALSE='#'
AMDEP_TRUE=''
AMTAR='${SHELL} /home/rcardenas/modelos/CLP1.16-CDEC/Data/Netlib/missing --run tar'
AUTOCONF='${SHELL} /home/rcardenas/modelos/CLP1.16-CDEC/Data/Netlib/missing --run autoconf'
AUTOHEADER='${SHELL} /home/rcardenas/modelos/CLP1.16-CDEC/Data/Netlib/missing --run autoheader'
AUTOMAKE='${SHELL} /home/rcardenas/modelos/CLP1.16-CDEC/Data/Netlib/missing --run automake-1.9'
AUX_DIR=''
AWK='gawk'
BUILDTOOLSDIR=''
CC='gcc'
CCDEPMODE='depmode=gcc3'
CFLAGS='-g -O2'
COIN_HAS_ZLIB_FALSE='#'
COIN_HAS_ZLIB_TRUE=''
CPP='gcc -E'
CPPFLAGS=''
CYGPATH_W='echo'
DATANETLIB_SVN_REV='437'
DEFS='-DPACKAGE_NAME=\"DataNetlib\" -DPACKAGE_TARNAME=\"datanetlib\" -DPACKAGE_VERSION=\"1.2\" -DPACKAGE_STRING=\"DataNetlib\ 1.2\" -DPACKAGE_BUGREPORT=\"https://projects.coin-or.org/BuildTools/\" -DDATANETLIB_VERSION=\"1.2\" -DDATANETLIB_VERSION_MAJOR=1 -DDATANETLIB_VERSION_MINOR=2 -DDATANETLIB_VERSION_RELEASE=9999 -DDATANETLIB_SVN_REV=437 -DPACKAGE=\"datanetlib\" -DVERSION=\"1.2\" -DSTDC_HEADERS=1 -DHAVE_SYS_TYPES_H=1 -DHAVE_SYS_STAT_H=1 -DHAVE_STDLIB_H=1 -DHAVE_STRING_H=1 -DHAVE_MEMORY_H=1 -DHAVE_STRINGS_H=1 -DHAVE_INTTYPES_H=1 -DHAVE_STDINT_H=1 -DHAVE_UNISTD_H=1 -DHAVE_ZLIB_H=1 -DCOIN_HAS_ZLIB=1 '
DEPDIR='.deps'
ECHO_C=''
ECHO_N='-n'
ECHO_T=''
EGREP='grep -E'
EXAMPLE_CLEAN_FILES=''
EXAMPLE_FILES=' 25fv47.mps.gz 80bau3b.mps.gz adlittle.mps.gz afiro.mps.gz agg.mps.gz agg2.mps.gz agg3.mps.gz bandm.mps.gz beaconfd.mps.gz blend.mps.gz bnl1.mps.gz bnl2.mps.gz boeing1.mps.gz boeing2.mps.gz bore3d.mps.gz brandy.mps.gz capri.mps.gz cycle.mps.gz czprob.mps.gz d2q06c.mps.gz d6cube.mps.gz degen2.mps.gz degen3.mps.gz dfl001.mps.gz e226.mps.gz etamacro.mps.gz fffff800.mps.gz finnis.mps.gz fit1d.mps.gz fit1p.mps.gz fit2d.mps.gz fit2p.mps.gz forplan.mps.gz ganges.mps.gz gfrd-pnc.mps.gz greenbea.mps.gz greenbeb.mps.gz grow15.mps.gz grow22.mps.gz grow7.mps.gz israel.mps.gz kb2.mps.gz lotfi.mps.gz maros-r7.mps.gz maros.mps.gz modszk1.mps.gz nesm.mps.gz perold.mps.gz pilot.mps.gz pilot4.mps.gz pilot87.mps.gz pilotnov.mps.gz recipe.mps.gz sc105.mps.gz sc205.mps.gz sc50a.mps.gz sc50b.mps.gz scagr25.mps.gz scagr7.mps.gz scfxm1.mps.gz scfxm2.mps.gz scfxm3.mps.gz scorpion.mps.gz scrs8.mps.gz scsd1.mps.gz scsd6.mps.gz scsd8.mps.gz sctap1.mps.gz sctap2.mps.gz sctap3.mps.gz seba.mps.gz share1b.mps.gz share2b.mps.gz shell.mps.gz ship04l.mps.gz ship04s.mps.gz ship08l.mps.gz ship08s.mps.gz ship12l.mps.gz ship12s.mps.gz sierra.mps.gz stair.mps.gz standata.mps.gz standgub.mps.gz standmps.mps.gz stocfor1.mps.gz stocfor2.mps.gz tuff.mps.gz vtpbase.mps.gz wood1p.mps.gz woodw.mps.gz'
EXAMPLE_UNCOMPRESSED_FILES=' 25fv47.mps 80bau3b.mps adlittle.mps afiro.mps agg.mps agg2.mps agg3.mps bandm.mps beaconfd.mps blend.mps bnl1.mps bnl2.mps boeing1.mps boeing2.mps bore3d.mps brandy.mps capri.mps cycle.mps czprob.mps d2q06c.mps d6cube.mps degen2.mps degen3.mps dfl001.mps e226.mps etamacro.mps fffff800.mps finnis.mps fit1d.mps fit1p.mps fit2d.mps fit2p.mps forplan.mps ganges.mps gfrd-pnc.mps greenbea.mps greenbeb.mps grow15.mps grow22.mps grow7.mps israel.mps kb2.mps lotfi.mps maros-r7.mps maros.mps modszk1.mps nesm.mps perold.mps pilot.mps pilot4.mps pilot87.mps pilotnov.mps recipe.mps sc105.mps sc205.mps sc50a.mps sc50b.mps scagr25.mps scagr7.mps scfxm1.mps scfxm2.mps scfxm3.mps scorpion.mps scrs8.mps scsd1.mps scsd6.mps scsd8.mps sctap1.mps sctap2.mps sctap3.mps seba.mps share1b.mps share2b.mps shell.mps ship04l.mps ship04s.mps ship08l.mps ship08s.mps ship12l.mps ship12s.mps sierra.mps stair.mps standata.mps standgub.mps standmps.mps stocfor1.mps stocfor2.mps tuff.mps vtpbase.mps wood1p.mps woodw.mps'
EXEEXT=''
HAVE_EXTERNALS_FALSE=''
HAVE_EXTERNALS_TRUE='#'
INSTALL_DATA='${INSTALL} -m 644'
INSTALL_PROGRAM='${INSTALL}'
INSTALL_SCRIPT='${INSTALL}'
INSTALL_STRIP_PROGRAM='${SHELL} $(install_sh) -c -s'
LDFLAGS=''
LIBEXT='a'
LIBOBJS=''
LIBS=''
LIBTOOLM4=''
LN_S='ln -s'
LTLIBOBJS=''
MAINT='#'
MAINTAINER_MODE_FALSE=''
MAINTAINER_MODE_TRUE='#'
MAKEINFO='${SHELL} /home/rcardenas/modelos/CLP1.16-CDEC/Data/Netlib/missing --run makeinfo'
OBJEXT='o'
PACKAGE='datanetlib'
PACKAGE_BUGREPORT='https://projects.coin-or.org/BuildTools/'
PACKAGE_NAME='DataNetlib'
PACKAGE_STRING='DataNetlib 1.2'
PACKAGE_TARNAME='datanetlib'
PACKAGE_VERSION='1.2'
PATH_SEPARATOR=':'
SET_MAKE=''
SHELL='/bin/sh'
STRIP=''
VERSION='1.2'
VPATH_DISTCLEANFILES=''
abs_bin_dir='/home/rcardenas/modelos/CLP1.16-CDEC/Data/Netlib/bin'
abs_include_dir='/home/rcardenas/modelos/CLP1.16-CDEC/Data/Netlib/include'
abs_lib_dir='/home/rcardenas/modelos/CLP1.16-CDEC/Data/Netlib/lib'
abs_source_dir='/home/rcardenas/modelos/CLP1.16-CDEC/Data/Netlib'
ac_ct_CC='gcc'
ac_ct_STRIP=''
am__fastdepCC_FALSE='#'
am__fastdepCC_TRUE=''
am__include='include'
am__leading_dot='.'
am__quote=''
am__tar='${AMTAR} chof - "$$tardir"'
am__untar='${AMTAR} xf -'
bindir='${exec_prefix}/bin'
build='x86_64-unknown-linux-gnu'
build_alias=''
build_cpu='x86_64'
build_os='linux-gnu'
build_vendor='unknown'
datadir='${prefix}/share'
exec_prefix='${prefix}'
have_autoconf=''
have_automake=''
have_svn=''
have_svnversion='yes'
host_alias=''
includedir='${prefix}/include'
infodir='${prefix}/info'
install_sh='/home/rcardenas/modelos/CLP1.16-CDEC/Data/Netlib/install-sh'
libdir='${exec_prefix}/lib'
libexecdir='${exec_prefix}/libexec'
localstatedir='${prefix}/var'
mandir='${prefix}/man'
mkdir_p='mkdir -p --'
oldincludedir='/usr/include'
prefix='/opt/cdec-clp/'
program_transform_name='s,x,x,'
sbindir='${exec_prefix}/sbin'
sharedstatedir='${prefix}/com'
sysconfdir='${prefix}/etc'
target_alias=''

## ----------- ##
## confdefs.h. ##
## ----------- ##

#define COIN_HAS_ZLIB 1
#define DATANETLIB_SVN_REV 437
#define DATANETLIB_VERSION "1.2"
#define DATANETLIB_VERSION_MAJOR 1
#define DATANETLIB_VERSION_MINOR 2
#define DATANETLIB_VERSION_RELEASE 9999
#define HAVE_INTTYPES_H 1
#define HAVE_MEMORY_H 1
#define HAVE_STDINT_H 1
#define HAVE_STDLIB_H 1
#define HAVE_STRINGS_H 1
#define HAVE_STRING_H 1
#define HAVE_SYS_STAT_H 1
#define HAVE_SYS_TYPES_H 1
#define HAVE_UNISTD_H 1
#define HAVE_ZLIB_H 1
#define PACKAGE "datanetlib"
#define PACKAGE_BUGREPORT "https://projects.coin-or.org/BuildTools/"
#define PACKAGE_NAME "DataNetlib"
#define PACKAGE_STRING "DataNetlib 1.2"
#define PACKAGE_TARNAME "datanetlib"
#define PACKAGE_VERSION "1.2"
#define STDC_HEADERS 1
#define VERSION "1.2"

configure: exit 0
