This file contains any messages produced by compilers while
running configure, to aid debugging if configure makes a mistake.

It was created by DataSample configure 1.2, which was
generated by GNU Autoconf 2.59.  Invocation command line was

  $ ./configure --prefix=/opt/cdec-clp/ -C --prefix=/opt/cdec-clp/ --with-gurobi-incdir=/opt/gurobi/linux64/include/ --with-gurobi-lib=/opt/gurobi/linux64/lib/libgurobi60.so --disable-gurobi-libcheck --with-cplex-incdir=/opt/cplex/cplex/include/ilcplex --with-cplex-lib=/opt/cplex/cplex/lib/x86-64_linux/static_pic/libcplex.a --disable-cplex-libcheck --cache-file=../../config.cache --srcdir=.

## --------- ##
## Platform. ##
## --------- ##

hostname = alfalfal.cdecsic.cl
uname -m = x86_64
uname -r = 3.10.0-327.4.5.el7.x86_64
uname -s = Linux
uname -v = #1 SMP Mon Jan 25 22:07:14 UTC 2016

/usr/bin/uname -p = x86_64
/bin/uname -X     = unknown

/bin/arch              = x86_64
/usr/bin/arch -k       = unknown
/usr/convex/getsysinfo = unknown
hostinfo               = unknown
/bin/machine           = unknown
/usr/bin/oslevel       = unknown
/bin/universe          = unknown

PATH: /sbin
PATH: /bin
PATH: /usr/sbin
PATH: /usr/bin


## ----------- ##
## Core tests. ##
## ----------- ##

configure:1166: loading cache ../../config.cache
configure:1335: checking for svnversion
configure:1351: found /bin/svnversion
configure:1362: result: yes
configure:1394: checking for egrep
configure:1404: result: grep -E
configure:1409: checking whether ln -s works
configure:1413: result: yes
configure:1459: checking for a BSD-compatible install
configure:1514: result: /bin/install -c
configure:1525: checking whether build environment is sane
configure:1568: result: yes
configure:1633: checking for gawk
configure:1659: result: gawk
configure:1669: checking whether make sets $(MAKE)
configure:1689: result: yes
configure:1862: checking whether to enable maintainer-specific portions of Makefiles
configure:1871: result: no
configure:2263: checking whether this is a VPATH configuration
configure:2270: result: no
configure:2279: checking build system type
configure:2297: result: x86_64-unknown-linux-gnu
configure:2676: checking which command should be used to link input files
configure:2684: result: ln -s
configure:2881: creating ./config.status

## ---------------------- ##
## Running config.status. ##
## ---------------------- ##

This file was extended by DataSample config.status 1.2, which was
generated by GNU Autoconf 2.59.  Invocation command line was

  CONFIG_FILES    = 
  CONFIG_HEADERS  = 
  CONFIG_LINKS    = 
  CONFIG_COMMANDS = 
  $ ./config.status 

on alfalfal.cdecsic.cl

config.status:684: creating Makefile
config.status:684: creating coindatasample.pc
config.status:684: creating coindatasample-uninstalled.pc
configure:3770: In case of trouble, first consult the troubleshooting page at https://projects.coin-or.org/BuildTools/wiki/user-troubleshooting
configure:3773: Configuration of DataSample successful

## ---------------- ##
## Cache variables. ##
## ---------------- ##

ac_cv_build=x86_64-unknown-linux-gnu
ac_cv_build_alias=x86_64-unknown-linux-gnu
ac_cv_c_compiler_gnu=yes
ac_cv_cxx_compiler_gnu=yes
ac_cv_env_ADD_CFLAGS_set=
ac_cv_env_ADD_CFLAGS_value=
ac_cv_env_ADD_CXXFLAGS_set=
ac_cv_env_ADD_CXXFLAGS_value=
ac_cv_env_ADD_FFLAGS_set=
ac_cv_env_ADD_FFLAGS_value=
ac_cv_env_CC_set=
ac_cv_env_CC_value=
ac_cv_env_CDEFS_set=
ac_cv_env_CDEFS_value=
ac_cv_env_CFLAGS_set=
ac_cv_env_CFLAGS_value=
ac_cv_env_COIN_SKIP_PROJECTS_set=
ac_cv_env_COIN_SKIP_PROJECTS_value=
ac_cv_env_CPPFLAGS_set=
ac_cv_env_CPPFLAGS_value=
ac_cv_env_CPP_set=
ac_cv_env_CPP_value=
ac_cv_env_CXXCPP_set=
ac_cv_env_CXXCPP_value=
ac_cv_env_CXXDEFS_set=
ac_cv_env_CXXDEFS_value=
ac_cv_env_CXXFLAGS_set=
ac_cv_env_CXXFLAGS_value=
ac_cv_env_CXX_set=
ac_cv_env_CXX_value=
ac_cv_env_DBG_CFLAGS_set=
ac_cv_env_DBG_CFLAGS_value=
ac_cv_env_DBG_CXXFLAGS_set=
ac_cv_env_DBG_CXXFLAGS_value=
ac_cv_env_DBG_FFLAGS_set=
ac_cv_env_DBG_FFLAGS_value=
ac_cv_env_F77_set=
ac_cv_env_F77_value=
ac_cv_env_FFLAGS_set=
ac_cv_env_FFLAGS_value=
ac_cv_env_LDFLAGS_set=
ac_cv_env_LDFLAGS_value=
ac_cv_env_MPICC_set=
ac_cv_env_MPICC_value=
ac_cv_env_MPICXX_set=
ac_cv_env_MPICXX_value=
ac_cv_env_MPIF77_set=
ac_cv_env_MPIF77_value=
ac_cv_env_OPT_CFLAGS_set=
ac_cv_env_OPT_CFLAGS_value=
ac_cv_env_OPT_CXXFLAGS_set=
ac_cv_env_OPT_CXXFLAGS_value=
ac_cv_env_OPT_FFLAGS_set=
ac_cv_env_OPT_FFLAGS_value=
ac_cv_env_build_alias_set=
ac_cv_env_build_alias_value=
ac_cv_env_host_alias_set=
ac_cv_env_host_alias_value=
ac_cv_env_target_alias_set=
ac_cv_env_target_alias_value=
ac_cv_exeext=
ac_cv_f77_compiler_gnu=yes
ac_cv_header_dlfcn_h=yes
ac_cv_header_inttypes_h=yes
ac_cv_header_memory_h=yes
ac_cv_header_stdc=yes
ac_cv_header_stdint_h=yes
ac_cv_header_stdlib_h=yes
ac_cv_header_string_h=yes
ac_cv_header_strings_h=yes
ac_cv_header_sys_stat_h=yes
ac_cv_header_sys_types_h=yes
ac_cv_header_unistd_h=yes
ac_cv_host=x86_64-unknown-linux-gnu
ac_cv_host_alias=x86_64-unknown-linux-gnu
ac_cv_objext=o
ac_cv_path_install='/bin/install -c'
ac_cv_prog_AWK=gawk
ac_cv_prog_CPP='gcc -E'
ac_cv_prog_CXXCPP='g++ -E'
ac_cv_prog_ac_ct_AR=ar
ac_cv_prog_ac_ct_CC=gcc
ac_cv_prog_ac_ct_CXX=g++
ac_cv_prog_ac_ct_F77=gfortran
ac_cv_prog_ac_ct_RANLIB=ranlib
ac_cv_prog_ac_ct_STRIP=strip
ac_cv_prog_cc_g=yes
ac_cv_prog_cc_stdc=
ac_cv_prog_coin_doxy_usedot=NO
ac_cv_prog_coin_have_doxygen=yes
ac_cv_prog_coin_have_latex=no
ac_cv_prog_cxx_g=yes
ac_cv_prog_egrep='grep -E'
ac_cv_prog_f77_g=yes
ac_cv_prog_have_svnversion=yes
ac_cv_prog_make_make_set=yes
am_cv_CC_dependencies_compiler_type=gcc3
am_cv_CXX_dependencies_compiler_type=gcc3
lt_cv_deplibs_check_method=pass_all
lt_cv_file_magic_cmd='$MAGIC_CMD'
lt_cv_file_magic_test_file=
lt_cv_ld_reload_flag=-r
lt_cv_objdir=.libs
lt_cv_path_LD=/bin/ld
lt_cv_path_LDCXX='/bin/ld -m elf_x86_64'
lt_cv_path_NM='/bin/nm -B'
lt_cv_path_SED=/bin/sed
lt_cv_prog_compiler_c_o=yes
lt_cv_prog_compiler_c_o_CXX=yes
lt_cv_prog_compiler_c_o_F77=yes
lt_cv_prog_compiler_rtti_exceptions=no
lt_cv_prog_gnu_ld=yes
lt_cv_prog_gnu_ldcxx=yes
lt_cv_sys_global_symbol_pipe='sed -n -e '\''s/^.*[ 	]\([ABCDGIRSTW][ABCDGIRSTW]*\)[ 	][ 	]*\([_A-Za-z][_A-Za-z0-9]*\)$/\1 \2 \2/p'\'''
lt_cv_sys_global_symbol_to_c_name_address='sed -n -e '\''s/^: \([^ ]*\) $/  {\"\1\", (lt_ptr) 0},/p'\'' -e '\''s/^[BCDEGRST] \([^ ]*\) \([^ ]*\)$/  {"\2", (lt_ptr) \&\2},/p'\'''
lt_cv_sys_global_symbol_to_cdecl='sed -n -e '\''s/^. .* \(.*\)$/extern int \1;/p'\'''
lt_cv_sys_max_cmd_len=32768
lt_lt_cv_prog_compiler_c_o='"yes"'
lt_lt_cv_prog_compiler_c_o_CXX='"yes"'
lt_lt_cv_prog_compiler_c_o_F77='"yes"'
lt_lt_cv_sys_global_symbol_pipe='"sed -n -e '\''s/^.*[ 	]\\([ABCDGIRSTW][ABCDGIRSTW]*\\)[ 	][ 	]*\\([_A-Za-z][_A-Za-z0-9]*\\)\$/\\1 \\2 \\2/p'\''"'
lt_lt_cv_sys_global_symbol_to_c_name_address='"sed -n -e '\''s/^: \\([^ ]*\\) \$/  {\\\"\\1\\\", (lt_ptr) 0},/p'\'' -e '\''s/^[BCDEGRST] \\([^ ]*\\) \\([^ ]*\\)\$/  {\"\\2\", (lt_ptr) \\&\\2},/p'\''"'
lt_lt_cv_sys_global_symbol_to_cdecl='"sed -n -e '\''s/^. .* \\(.*\\)\$/extern int \\1;/p'\''"'

## ----------------- ##
## Output variables. ##
## ----------------- ##

ABSBUILDDIR='/home/rcardenas/modelos/CLP1.16-CDEC/Data/Sample'
ACLOCAL='${SHELL} /home/rcardenas/modelos/CLP1.16-CDEC/Data/Sample/missing --run aclocal-1.9'
ALWAYS_FALSE_FALSE=''
ALWAYS_FALSE_TRUE='#'
AMTAR='${SHELL} /home/rcardenas/modelos/CLP1.16-CDEC/Data/Sample/missing --run tar'
AUTOCONF='${SHELL} /home/rcardenas/modelos/CLP1.16-CDEC/Data/Sample/missing --run autoconf'
AUTOHEADER='${SHELL} /home/rcardenas/modelos/CLP1.16-CDEC/Data/Sample/missing --run autoheader'
AUTOMAKE='${SHELL} /home/rcardenas/modelos/CLP1.16-CDEC/Data/Sample/missing --run automake-1.9'
AUX_DIR=''
AWK='gawk'
BUILDTOOLSDIR=''
CYGPATH_W='echo'
DATASAMPLE_SVN_REV='437'
DEFS='-DPACKAGE_NAME=\"DataSample\" -DPACKAGE_TARNAME=\"datasample\" -DPACKAGE_VERSION=\"1.2\" -DPACKAGE_STRING=\"DataSample\ 1.2\" -DPACKAGE_BUGREPORT=\"https://projects.coin-or.org/BuildTools/\" -DDATASAMPLE_VERSION=\"1.2\" -DDATASAMPLE_VERSION_MAJOR=1 -DDATASAMPLE_VERSION_MINOR=2 -DDATASAMPLE_VERSION_RELEASE=9999 -DDATASAMPLE_SVN_REV=437 -DPACKAGE=\"datasample\" -DVERSION=\"1.2\" '
ECHO_C=''
ECHO_N='-n'
ECHO_T=''
EGREP='grep -E'
EXAMPLE_CLEAN_FILES=''
EXAMPLE_FILES=' afiro.mps atm_5_10_1.mps brandy.mps conic.mps e226.mps exmip1.5.mps exmip1.mps finnis.mps galenet.mps galenetbnds.mps hello.mps lseu.mps nw460.mps p0033.mps p0201.mps p0548.mps pack1.mps retail3.mps scOneInt.mps share2qp.mps spec_sections.mps tp3.mps tp4.mps tp5.mps wedding_16.mps block_milp.lp exmip1.lp atm_5_10_1.block retail3.block wedding_16.block block_milp.dec input.130 app0110.cor app0110.stoch app0110.time app0110R.cor app0110R.stoch app0110R.time bug.cor bug.stoch bug.time'
EXAMPLE_UNCOMPRESSED_FILES=''
HAVE_EXTERNALS_FALSE=''
HAVE_EXTERNALS_TRUE='#'
INSTALL_DATA='${INSTALL} -m 644'
INSTALL_PROGRAM='${INSTALL}'
INSTALL_SCRIPT='${INSTALL}'
INSTALL_STRIP_PROGRAM='${SHELL} $(install_sh) -c -s'
LIBEXT='a'
LIBOBJS=''
LIBS=''
LIBTOOLM4=''
LN_S='ln -s'
LTLIBOBJS=''
MAINT='#'
MAINTAINER_MODE_FALSE=''
MAINTAINER_MODE_TRUE='#'
MAKEINFO='${SHELL} /home/rcardenas/modelos/CLP1.16-CDEC/Data/Sample/missing --run makeinfo'
PACKAGE='datasample'
PACKAGE_BUGREPORT='https://projects.coin-or.org/BuildTools/'
PACKAGE_NAME='DataSample'
PACKAGE_STRING='DataSample 1.2'
PACKAGE_TARNAME='datasample'
PACKAGE_VERSION='1.2'
PATH_SEPARATOR=':'
SET_MAKE=''
SHELL='/bin/sh'
STRIP=''
VERSION='1.2'
VPATH_DISTCLEANFILES=''
abs_bin_dir='/home/rcardenas/modelos/CLP1.16-CDEC/Data/Sample/bin'
abs_include_dir='/home/rcardenas/modelos/CLP1.16-CDEC/Data/Sample/include'
abs_lib_dir='/home/rcardenas/modelos/CLP1.16-CDEC/Data/Sample/lib'
abs_source_dir='/home/rcardenas/modelos/CLP1.16-CDEC/Data/Sample'
ac_ct_STRIP=''
am__leading_dot='.'
am__tar='${AMTAR} chof - "$$tardir"'
am__untar='${AMTAR} xf -'
bindir='${exec_prefix}/bin'
build='x86_64-unknown-linux-gnu'
build_alias=''
build_cpu='x86_64'
build_os='linux-gnu'
build_vendor='unknown'
datadir='${prefix}/share'
exec_prefix='${prefix}'
have_autoconf=''
have_automake=''
have_svn=''
have_svnversion='yes'
host_alias=''
includedir='${prefix}/include'
infodir='${prefix}/info'
install_sh='/home/rcardenas/modelos/CLP1.16-CDEC/Data/Sample/install-sh'
libdir='${exec_prefix}/lib'
libexecdir='${exec_prefix}/libexec'
localstatedir='${prefix}/var'
mandir='${prefix}/man'
mkdir_p='mkdir -p --'
oldincludedir='/usr/include'
prefix='/opt/cdec-clp/'
program_transform_name='s,x,x,'
sbindir='${exec_prefix}/sbin'
sharedstatedir='${prefix}/com'
sysconfdir='${prefix}/etc'
target_alias=''

## ----------- ##
## confdefs.h. ##
## ----------- ##

#define DATASAMPLE_SVN_REV 437
#define DATASAMPLE_VERSION "1.2"
#define DATASAMPLE_VERSION_MAJOR 1
#define DATASAMPLE_VERSION_MINOR 2
#define DATASAMPLE_VERSION_RELEASE 9999
#define PACKAGE "datasample"
#define PACKAGE_BUGREPORT "https://projects.coin-or.org/BuildTools/"
#define PACKAGE_NAME "DataSample"
#define PACKAGE_STRING "DataSample 1.2"
#define PACKAGE_TARNAME "datasample"
#define PACKAGE_VERSION "1.2"
#define VERSION "1.2"

configure: exit 0
